Archive member included because of file (symbol)

c:/ti/ccsv6/tools/compiler/gcc_msp430_4.9.14r1_167/bin/../lib/gcc/msp430-elf/4.9.1/../../../../msp430-elf/lib\libc.a(lib_a-abort.o)
                              ./apps/application-rfid/rfid-processes.o (abort)
c:/ti/ccsv6/tools/compiler/gcc_msp430_4.9.14r1_167/bin/../lib/gcc/msp430-elf/4.9.1/../../../../msp430-elf/lib\libc.a(lib_a-ctype_.o)
                              ./apps/rest-common/rest-util.o (__ctype_ptr__)
c:/ti/ccsv6/tools/compiler/gcc_msp430_4.9.14r1_167/bin/../lib/gcc/msp430-elf/4.9.1/../../../../msp430-elf/lib\libc.a(lib_a-memchr.o)
                              ./apps/rest-common/rest-util.o (memchr)
c:/ti/ccsv6/tools/compiler/gcc_msp430_4.9.14r1_167/bin/../lib/gcc/msp430-elf/4.9.1/../../../../msp430-elf/lib\libc.a(lib_a-memcmp.o)
                              ./platform/torrija/nd-opt/uip-ds6.o (memcmp)
c:/ti/ccsv6/tools/compiler/gcc_msp430_4.9.14r1_167/bin/../lib/gcc/msp430-elf/4.9.1/../../../../msp430-elf/lib\libc.a(lib_a-memcpy.o)
                              ./platform/torrija/nd-opt/sicslowpan.o (memcpy)
c:/ti/ccsv6/tools/compiler/gcc_msp430_4.9.14r1_167/bin/../lib/gcc/msp430-elf/4.9.1/../../../../msp430-elf/lib\libc.a(lib_a-memmove.o)
                              ./core/net/uip-icmp6.o (memmove)
c:/ti/ccsv6/tools/compiler/gcc_msp430_4.9.14r1_167/bin/../lib/gcc/msp430-elf/4.9.1/../../../../msp430-elf/lib\libc.a(lib_a-memset.o)
                              ./platform/usb_api/usb_cdc.o (memset)
c:/ti/ccsv6/tools/compiler/gcc_msp430_4.9.14r1_167/bin/../lib/gcc/msp430-elf/4.9.1/../../../../msp430-elf/lib\libc.a(lib_a-signal.o)
                              c:/ti/ccsv6/tools/compiler/gcc_msp430_4.9.14r1_167/bin/../lib/gcc/msp430-elf/4.9.1/../../../../msp430-elf/lib\libc.a(lib_a-abort.o) (raise)
c:/ti/ccsv6/tools/compiler/gcc_msp430_4.9.14r1_167/bin/../lib/gcc/msp430-elf/4.9.1/../../../../msp430-elf/lib\libc.a(lib_a-signalr.o)
                              c:/ti/ccsv6/tools/compiler/gcc_msp430_4.9.14r1_167/bin/../lib/gcc/msp430-elf/4.9.1/../../../../msp430-elf/lib\libc.a(lib_a-signal.o) (_kill_r)
c:/ti/ccsv6/tools/compiler/gcc_msp430_4.9.14r1_167/bin/../lib/gcc/msp430-elf/4.9.1/../../../../msp430-elf/lib\libc.a(lib_a-sprintf.o)
                              ./apps/coap-app/coap_app.o (sprintf)
c:/ti/ccsv6/tools/compiler/gcc_msp430_4.9.14r1_167/bin/../lib/gcc/msp430-elf/4.9.1/../../../../msp430-elf/lib\libc.a(lib_a-strcat.o)
                              ./apps/application-usb/usb-processes.o (strcat)
c:/ti/ccsv6/tools/compiler/gcc_msp430_4.9.14r1_167/bin/../lib/gcc/msp430-elf/4.9.1/../../../../msp430-elf/lib\libc.a(lib_a-strcpy.o)
                              ./apps/rest-common/buffer.o (strcpy)
c:/ti/ccsv6/tools/compiler/gcc_msp430_4.9.14r1_167/bin/../lib/gcc/msp430-elf/4.9.1/../../../../msp430-elf/lib\libc.a(lib_a-strlen.o)
                              ./apps/rest-common/buffer.o (strlen)
c:/ti/ccsv6/tools/compiler/gcc_msp430_4.9.14r1_167/bin/../lib/gcc/msp430-elf/4.9.1/../../../../msp430-elf/lib\libc.a(lib_a-strncmp.o)
                              ./apps/rest-common/rest-util.o (strncmp)
c:/ti/ccsv6/tools/compiler/gcc_msp430_4.9.14r1_167/bin/../lib/gcc/msp430-elf/4.9.1/../../../../msp430-elf/lib\libc.a(lib_a-strncpy.o)
                              ./apps/rest-coap/coap-server.o (strncpy)
c:/ti/ccsv6/tools/compiler/gcc_msp430_4.9.14r1_167/bin/../lib/gcc/msp430-elf/4.9.1/../../../../msp430-elf/lib\libc.a(lib_a-svfprintf.o)
                              c:/ti/ccsv6/tools/compiler/gcc_msp430_4.9.14r1_167/bin/../lib/gcc/msp430-elf/4.9.1/../../../../msp430-elf/lib\libc.a(lib_a-sprintf.o) (_svfprintf_r)
c:/ti/ccsv6/tools/compiler/gcc_msp430_4.9.14r1_167/bin/../lib/gcc/msp430-elf/4.9.1/../../../../msp430-elf/lib\libc.a(lib_a-dtoa.o)
                              c:/ti/ccsv6/tools/compiler/gcc_msp430_4.9.14r1_167/bin/../lib/gcc/msp430-elf/4.9.1/../../../../msp430-elf/lib\libc.a(lib_a-svfprintf.o) (_dtoa_r)
c:/ti/ccsv6/tools/compiler/gcc_msp430_4.9.14r1_167/bin/../lib/gcc/msp430-elf/4.9.1/../../../../msp430-elf/lib\libc.a(lib_a-impure.o)
                              c:/ti/ccsv6/tools/compiler/gcc_msp430_4.9.14r1_167/bin/../lib/gcc/msp430-elf/4.9.1/../../../../msp430-elf/lib\libc.a(lib_a-signal.o) (_impure_ptr)
c:/ti/ccsv6/tools/compiler/gcc_msp430_4.9.14r1_167/bin/../lib/gcc/msp430-elf/4.9.1/../../../../msp430-elf/lib\libc.a(lib_a-locale.o)
                              c:/ti/ccsv6/tools/compiler/gcc_msp430_4.9.14r1_167/bin/../lib/gcc/msp430-elf/4.9.1/../../../../msp430-elf/lib\libc.a(lib_a-svfprintf.o) (_localeconv_r)
c:/ti/ccsv6/tools/compiler/gcc_msp430_4.9.14r1_167/bin/../lib/gcc/msp430-elf/4.9.1/../../../../msp430-elf/lib\libc.a(lib_a-malloc.o)
                              c:/ti/ccsv6/tools/compiler/gcc_msp430_4.9.14r1_167/bin/../lib/gcc/msp430-elf/4.9.1/../../../../msp430-elf/lib\libc.a(lib_a-dtoa.o) (malloc)
[...]
Memory Configuration

Name             Origin             Length             Attributes
SFR              0x00000000         0x00000010
PERIPHERAL_8BIT  0x00000010         0x000000f0
PERIPHERAL_16BIT 0x00000100         0x00000100
RAM              0x00002400         0x00002000
INFOMEM          0x00001800         0x00000200
INFOA            0x00001980         0x00000080
INFOB            0x00001900         0x00000080
INFOC            0x00001880         0x00000080
INFOD            0x00001800         0x00000080
ROM              0x00004400         0x0000bb80         xr
VECT1            0x0000ff80         0x00000002
VECT2            0x0000ff82         0x00000002
VECT3            0x0000ff84         0x00000002
VECT4            0x0000ff86         0x00000002
VECT5            0x0000ff88         0x00000002
VECT6            0x0000ff8a         0x00000002
VECT7            0x0000ff8c         0x00000002
VECT8            0x0000ff8e         0x00000002
VECT9            0x0000ff90         0x00000002
VECT10           0x0000ff92         0x00000002
VECT11           0x0000ff94         0x00000002
VECT12           0x0000ff96         0x00000002
VECT13           0x0000ff98         0x00000002
VECT14           0x0000ff9a         0x00000002
VECT15           0x0000ff9c         0x00000002
VECT16           0x0000ff9e         0x00000002
VECT17           0x0000ffa0         0x00000002
VECT18           0x0000ffa2         0x00000002
VECT19           0x0000ffa4         0x00000002
VECT20           0x0000ffa6         0x00000002
VECT21           0x0000ffa8         0x00000002
VECT22           0x0000ffaa         0x00000002
VECT23           0x0000ffac         0x00000002
VECT24           0x0000ffae         0x00000002
VECT25           0x0000ffb0         0x00000002
VECT26           0x0000ffb2         0x00000002
VECT27           0x0000ffb4         0x00000002
VECT28           0x0000ffb6         0x00000002
VECT29           0x0000ffb8         0x00000002
VECT30           0x0000ffba         0x00000002
VECT31           0x0000ffbc         0x00000002
VECT32           0x0000ffbe         0x00000002
VECT33           0x0000ffc0         0x00000002
VECT34           0x0000ffc2         0x00000002
VECT35           0x0000ffc4         0x00000002
VECT36           0x0000ffc6         0x00000002
VECT37           0x0000ffc8         0x00000002
VECT38           0x0000ffca         0x00000002
VECT39           0x0000ffcc         0x00000002
VECT40           0x0000ffce         0x00000002
VECT41           0x0000ffd0         0x00000002
VECT42           0x0000ffd2         0x00000002
VECT43           0x0000ffd4         0x00000002
VECT44           0x0000ffd6         0x00000002
VECT45           0x0000ffd8         0x00000002
VECT46           0x0000ffda         0x00000002
VECT47           0x0000ffdc         0x00000002
VECT48           0x0000ffde         0x00000002
VECT49           0x0000ffe0         0x00000002
VECT50           0x0000ffe2         0x00000002
VECT51           0x0000ffe4         0x00000002
VECT52           0x0000ffe6         0x00000002
VECT53           0x0000ffe8         0x00000002
VECT54           0x0000ffea         0x00000002
VECT55           0x0000ffec         0x00000002
VECT56           0x0000ffee         0x00000002
VECT57           0x0000fff0         0x00000002
VECT58           0x0000fff2         0x00000002
VECT59           0x0000fff4         0x00000002
VECT60           0x0000fff6         0x00000002
VECT61           0x0000fff8         0x00000002
VECT62           0x0000fffa         0x00000002
VECT63           0x0000fffc         0x00000002
RESETVEC         0x0000fffe         0x00000002
BSL              0x00001000         0x00000800
USBRAM           0x00001c00         0x00000800
HIROM            0x00010000         0x000143ff         xr
*default*        0x00000000         0xffffffff

Linker script and memory map

LOAD ./platform/usb_msp/descriptors.o
LOAD ./platform/usb_msp/usb_hardware.o
LOAD ./platform/usb_api/usb.o
LOAD ./platform/usb_api/usb_cdc.o
LOAD ./platform/torrija/utils/random.o
LOAD ./platform/torrija/utils/sense_utils.o
LOAD ./platform/torrija/nd-opt/sicslowpan.o
LOAD ./platform/torrija/nd-opt/tcpip.o
LOAD ./platform/torrija/nd-opt/uip-ds6.o
LOAD ./platform/torrija/nd-opt/uip-nd6.o
LOAD ./platform/torrija/clock_arch.o
LOAD ./platform/torrija/contiki-torrija-host-main.o
LOAD ./platform/torrija/mtarch.o
LOAD ./platform/torrija/dev/buttons.o
LOAD ./platform/torrija/dev/cc2520_process.o
LOAD ./platform/torrija/dev/cc2520ll.o
LOAD ./platform/torrija/dev/hal_cc2520.o
LOAD ./platform/torrija/dev/leds_torrija.o
LOAD ./platform/torrija/dev/msp430_arch.o
LOAD ./platform/rfid/trf_hardware.o
LOAD ./platform/rfid/trf_parallel.o
LOAD ./core/sys/autostart.o
LOAD ./core/sys/etimer.o
LOAD ./core/sys/process.o
LOAD ./core/sys/stimer.o
LOAD ./core/sys/timer.o
LOAD ./core/net/netstack.o
LOAD ./core/net/packetbuf.o
LOAD ./core/net/queuebuf.o
LOAD ./core/net/uip-icmp6.o
LOAD ./core/net/uip-udp-packet.o
LOAD ./core/net/uip6.o
LOAD ./core/net/rime/rimeaddr.o
LOAD ./core/net/mac/frame802154.o
LOAD ./core/net/mac/nullmac.o
LOAD ./core/net/mac/sicslowmac.o
LOAD ./core/lib/list.o
LOAD ./core/lib/memb.o
LOAD ./apps/rest-common/buffer.o
LOAD ./apps/rest-common/rest-util.o
LOAD ./apps/rest-common/rest.o
LOAD ./apps/rest-coap/coap-common.o
LOAD ./apps/rest-coap/coap-server.o
LOAD ./apps/coap-app/coap_app.o
LOAD ./apps/coap-app/coap_app_client.o
LOAD ./apps/application-usb/usb-processes.o
LOAD ./apps/application-rfid/rfid-processes.o
LOAD ../msp430f5519.cmd
                0x00002380                tSetupPacket = 0x2380
                0x00000920                tEndPoint0DescriptorBlock = 0x920
                0x000023c8                tInputEndPointDescriptorBlock = 0x23c8
                0x00002388                tOutputEndPointDescriptorBlock = 0x2388
                0x00002378                abIEP0Buffer = 0x2378
                0x00002370                abOEP0Buffer = 0x2370
                0x00001c00                pbXBufferAddressEp1 = 0x1c00
                0x00001c40                pbYBufferAddressEp1 = 0x1c40
                0x00001c80                pbXBufferAddressEp81 = 0x1c80
                0x00001cc0                pbYBufferAddressEp81 = 0x1cc0
                0x00001d00                pbXBufferAddressEp2 = 0x1d00
                0x00001d40                pbYBufferAddressEp2 = 0x1d40
                0x00001d80                pbXBufferAddressEp82 = 0x1d80
                0x00001dc0                pbYBufferAddressEp82 = 0x1dc0
                0x00001e00                pbXBufferAddressEp3 = 0x1e00
START GROUP
LOAD c:/ti/ccsv6/tools/compiler/gcc_msp430_4.9.14r1_167/bin/../lib/gcc/msp430-elf/4.9.1/../../../../msp430-elf/lib\libc.a
LOAD c:/ti/ccsv6/tools/compiler/gcc_msp430_4.9.14r1_167/bin/../lib/gcc/msp430-elf/4.9.1\libgcc.a
END GROUP

__interrupt_vector_1
 *(__interrupt_vector_1)

__interrupt_vector_2
 *(__interrupt_vector_2)

__interrupt_vector_3
 *(__interrupt_vector_3)

__interrupt_vector_4
 *(__interrupt_vector_4)

__interrupt_vector_5
 *(__interrupt_vector_5)

__interrupt_vector_6
 *(__interrupt_vector_6)

__interrupt_vector_7
 *(__interrupt_vector_7)

__interrupt_vector_8
 *(__interrupt_vector_8)

__interrupt_vector_9
 *(__interrupt_vector_9)

__interrupt_vector_10
 *(__interrupt_vector_10)

__interrupt_vector_11
 *(__interrupt_vector_11)

__interrupt_vector_12
 *(__interrupt_vector_12)

__interrupt_vector_13
 *(__interrupt_vector_13)

__interrupt_vector_14
 *(__interrupt_vector_14)

__interrupt_vector_15
 *(__interrupt_vector_15)

__interrupt_vector_16
 *(__interrupt_vector_16)

__interrupt_vector_17
 *(__interrupt_vector_17)

__interrupt_vector_18
 *(__interrupt_vector_18)

__interrupt_vector_19
 *(__interrupt_vector_19)

__interrupt_vector_20
 *(__interrupt_vector_20)

__interrupt_vector_21
 *(__interrupt_vector_21)

__interrupt_vector_22
 *(__interrupt_vector_22)

__interrupt_vector_23
 *(__interrupt_vector_23)

__interrupt_vector_24
 *(__interrupt_vector_24)

__interrupt_vector_25
 *(__interrupt_vector_25)

__interrupt_vector_26
 *(__interrupt_vector_26)

__interrupt_vector_27
 *(__interrupt_vector_27)

__interrupt_vector_28
 *(__interrupt_vector_28)

__interrupt_vector_29
 *(__interrupt_vector_29)

__interrupt_vector_30
 *(__interrupt_vector_30)

__interrupt_vector_31
 *(__interrupt_vector_31)

__interrupt_vector_32
 *(__interrupt_vector_32)

__interrupt_vector_33
 *(__interrupt_vector_33)

__interrupt_vector_34
 *(__interrupt_vector_34)

__interrupt_vector_35
 *(__interrupt_vector_35)

__interrupt_vector_36
 *(__interrupt_vector_36)

__interrupt_vector_37
 *(__interrupt_vector_37)

__interrupt_vector_38
 *(__interrupt_vector_38)

__interrupt_vector_39
 *(__interrupt_vector_39)

__interrupt_vector_40
 *(__interrupt_vector_40)

__interrupt_vector_41
 *(__interrupt_vector_41)

__interrupt_vector_42
 *(__interrupt_vector_42)
 *(__interrupt_vector_rtc)

__interrupt_vector_43
                0x0000ffd4        0x2
 *(__interrupt_vector_43)
 __interrupt_vector_43
                0x0000ffd4        0x2 ./platform/torrija/dev/msp430_arch.o
 *(__interrupt_vector_port2)

__interrupt_vector_44
 *(__interrupt_vector_44)
 *(__interrupt_vector_timer2_a1)

__interrupt_vector_45
 *(__interrupt_vector_45)
 *(__interrupt_vector_timer2_a0)

__interrupt_vector_46
 *(__interrupt_vector_46)
 *(__interrupt_vector_usci_b1)

__interrupt_vector_47
 *(__interrupt_vector_47)
 *(__interrupt_vector_usci_a1)

__interrupt_vector_48
                0x0000ffde        0x2
 *(__interrupt_vector_48)
 __interrupt_vector_48
                0x0000ffde        0x2 ./platform/torrija/dev/msp430_arch.o
 *(__interrupt_vector_port1)

__interrupt_vector_49
 *(__interrupt_vector_49)
 *(__interrupt_vector_timer1_a1)

__interrupt_vector_50
                0x0000ffe2        0x2
 *(__interrupt_vector_50)
 __interrupt_vector_50
                0x0000ffe2        0x2 ./platform/rfid/trf_hardware.o
 *(__interrupt_vector_timer1_a0)

__interrupt_vector_51
 *(__interrupt_vector_51)
 *(__interrupt_vector_dma)

__interrupt_vector_52
                0x0000ffe6        0x2
 *(__interrupt_vector_52)
 __interrupt_vector_52
                0x0000ffe6        0x2 ./platform/usb_msp/usb_hardware.o
 *(__interrupt_vector_usb_ubm)

__interrupt_vector_53
 *(__interrupt_vector_53)
 *(__interrupt_vector_timer0_a1)

__interrupt_vector_54
                0x0000ffea        0x2
 *(__interrupt_vector_54)
 __interrupt_vector_54
                0x0000ffea        0x2 ./platform/torrija/clock_arch.o
 *(__interrupt_vector_timer0_a0)

__interrupt_vector_55
 *(__interrupt_vector_55)

__interrupt_vector_56
 *(__interrupt_vector_56)
 *(__interrupt_vector_usci_b0)

__interrupt_vector_57
 *(__interrupt_vector_57)
 *(__interrupt_vector_usci_a0)

__interrupt_vector_58
 *(__interrupt_vector_58)
 *(__interrupt_vector_wdt)

__interrupt_vector_59
 *(__interrupt_vector_59)
 *(__interrupt_vector_timer0_b1)

__interrupt_vector_60
 *(__interrupt_vector_60)
 *(__interrupt_vector_timer0_b0)

__interrupt_vector_61
 *(__interrupt_vector_61)
 *(__interrupt_vector_comp_b)

__interrupt_vector_62
                0x0000fffa        0x2
 *(__interrupt_vector_62)
 __interrupt_vector_62
                0x0000fffa        0x2 ./apps/application-usb/usb-processes.o
 *(__interrupt_vector_unmi)

__interrupt_vector_63
 *(__interrupt_vector_63)
 *(__interrupt_vector_sysnmi)

__reset_vector
 *(__interrupt_vector_64)
 *(__interrupt_vector_reset)
 *(.resetvec)

.rodata         0x00004400      0x1d8
                0x00004400                . = ALIGN (0x2)
 *(.plt)
                0x00004400                . = ALIGN (0x2)
 *(.lower.rodata.* .lower.rodata)
                0x00004400                . = ALIGN (0x2)
 *(.rodata .rodata.* .gnu.linkonce.r.* .const .const:*)
 .rodata.abromStringDescriptor
                0x00004400       0x9c ./platform/usb_msp/descriptors.o
                0x00004400                abromStringDescriptor
 .rodata.abromConfigurationDescriptorGroup
                0x0000449c       0x35 ./platform/usb_msp/descriptors.o
                0x0000449c                abromConfigurationDescriptorGroup
 .rodata.abromDeviceDescriptor
                0x000044d1       0x12 ./platform/usb_msp/descriptors.o
                0x000044d1                abromDeviceDescriptor
 *fill*         0x000044e3        0x1 
 .rodata.tUsbRequestList
                0x000044e4       0xe4 ./platform/usb_api/usb.o
 .rodata        0x000045c8        0xc ./core/sys/etimer.o
 *(.rodata1)
 *(.eh_frame_hdr)
 *(.eh_frame)
 *(.gcc_except_table)
 *(.gcc_except_table.*)
                0x000045d4                PROVIDE (__preinit_array_start, .)
 *(.preinit_array)
                0x000045d4                PROVIDE (__preinit_array_end, .)
                0x000045d4                PROVIDE (__init_array_start, .)
 *(SORT(.init_array.*))
 *(.init_array)
                0x000045d4                PROVIDE (__init_array_end, .)
                0x000045d4                PROVIDE (__fini_array_start, .)
 *(.fini_array)
 *(SORT(.fini_array.*))
                0x000045d4                PROVIDE (__fini_array_end, .)
                0x000045d4        0x4 LONG 0x0
 *crtbegin*.o(.ctors)
 *(EXCLUDE_FILE(*crtend*.o) .ctors)
 *(SORT(.ctors.*))
 *(.ctors)
 *crtbegin*.o(.dtors)
 *(EXCLUDE_FILE(*crtend*.o) .dtors)
 *(SORT(.dtors.*))
 *(.dtors)

.upper.rodata
 *(.upper.rodata.* .upper.rodata)

.data           0x00002400        0xa load address 0x000045d8
                0x00002400                . = ALIGN (0x2)
                0x00002400                PROVIDE (__datastart, .)
 *(.lower.data.* .lower.data)
                0x00002400                . = ALIGN (0x2)
 *(.either.data.* .either.data)
                0x00002400                . = ALIGN (0x2)
 *(.jcr)
 *(.data.rel.ro.local)
 *(.data.rel.ro*)
 *(.dynamic)
                0x00002400                . = ALIGN (0x2)
 *(.data .data.* .gnu.linkonce.d.*)
 .data.etimer_process
                0x00002400        0xa ./core/sys/etimer.o
                0x00002400                etimer_process
 *(.gnu.linkonce.d.*personality*)
 *(.data1)
 *(.got.plt)
 *(.got)
                0x0000240a                . = ALIGN (0x2)
 *(.sdata .sdata.* .gnu.linkonce.s.* D_2 D_1)
                0x0000240a                . = ALIGN (0x2)
                0x0000240a                _edata = .
                0x0000240a                PROVIDE (edata, .)
                0x0000240a                PROVIDE (__dataend, .)
                0x000045d8                PROVIDE (__romdatastart, LOADADDR (.data))
                0x0000000a                PROVIDE (__romdatacopysize, SIZEOF (.data))

.bss            0x0000240a      0x267 load address 0x000045e2
                0x0000240a                . = ALIGN (0x2)
                0x0000240a                PROVIDE (__bssstart, .)
 *(.lower.bss.* .lower.bss)
                0x0000240a                . = ALIGN (0x2)
 *(.either.bss.* .either.bss)
 *(.dynbss)
 *(.sbss .sbss.*)
 *(.bss .bss.* .gnu.linkonce.b.*)
 .bss.bRemoteWakeup
                0x0000240a        0x1 ./platform/usb_api/usb.o
 .bss.bEnumerationStatus
                0x0000240b        0x1 ./platform/usb_api/usb.o
                0x0000240b                bEnumerationStatus
 .bss.bFunctionSuspended
                0x0000240c        0x1 ./platform/usb_api/usb.o
                0x0000240c                bFunctionSuspended
 .bss.bHostAskMoreDataThanAvailable
                0x0000240d        0x1 ./platform/usb_api/usb.o
 .bss.pbOEP0Buffer
                0x0000240e        0x2 ./platform/usb_api/usb.o
 .bss.pbIEP0Buffer
                0x00002410        0x2 ./platform/usb_api/usb.o
 .bss.bInterfaceNumber
                0x00002412        0x1 ./platform/usb_api/usb.o
 .bss.bConfigurationNumber
                0x00002413        0x1 ./platform/usb_api/usb.o
 .bss.bZeroPacketSent.2372
                0x00002414        0x1 ./platform/usb_api/usb_cdc.o
 *fill*         0x00002415        0x1 
 .bss.CdcReadCtrl
                0x00002416       0x10 ./platform/usb_api/usb_cdc.o
 .bss.CdcWriteCtrl
                0x00002426        0x8 ./platform/usb_api/usb_cdc.o
 .bss.lBaudrate
                0x0000242e        0x4 ./platform/usb_api/usb_cdc.o
 .bss.last_tar  0x00002432        0x2 ./platform/torrija/clock_arch.o
 .bss.seconds   0x00002434        0x4 ./platform/torrija/clock_arch.o
 .bss.ticks     0x00002438        0x2 ./platform/torrija/clock_arch.o
 .bss.port2_vector
                0x0000243a       0x10 ./platform/torrija/dev/msp430_arch.o
 .bss.port1_vector
                0x0000244a       0x10 ./platform/torrija/dev/msp430_arch.o
 .bss.next_expiration
                0x0000245a        0x2 ./core/sys/etimer.o
 .bss.timerlist
                0x0000245c        0x2 ./core/sys/etimer.o
 .bss.snum.2361
                0x0000245e        0x1 ./core/sys/process.o
 .bss.poll_requested
                0x0000245f        0x1 ./core/sys/process.o
 .bss.events    0x00002460       0xc0 ./core/sys/process.o
 .bss.fevent    0x00002520        0x1 ./core/sys/process.o
 .bss.nevents   0x00002521        0x1 ./core/sys/process.o
 .bss.bDataSendCompleted_event
                0x00002522        0x1 ./apps/application-usb/usb-processes.o
                0x00002522                bDataSendCompleted_event
 .bss.bDataReceiveCompleted_event
                0x00002523        0x1 ./apps/application-usb/usb-processes.o
                0x00002523                bDataReceiveCompleted_event
 .bss.bDataReceived_event
                0x00002524        0x1 ./apps/application-usb/usb-processes.o
                0x00002524                bDataReceived_event
                0x00002526                . = ALIGN (0x2)
 *fill*         0x00002525        0x1 
 *(COMMON)
 COMMON         0x00002526        0x4 ./platform/usb_msp/usb_hardware.o
                0x00002526                USB_RX_memcpy
                0x00002528                USB_TX_memcpy
 COMMON         0x0000252a       0x15 ./platform/usb_api/usb.o
                0x0000252a                abUsbRequestIncomingData
                0x00002532                abUsbRequestReturnData
                0x0000253a                wBytesRemainingOnIEP0
                0x0000253c                wBytesRemainingOnOEP0
                0x0000253e                bStatusAction
 COMMON         0x0000253f      0x132 ./apps/application-rfid/rfid-processes.o
                0x0000253f                time_reg
                0x00002540                tx_reg
                0x00002541                i_reg
                0x00002542                RXTXstate
                0x00002543                CollPoss
                0x00002544                RXErrorFlag
                0x00002545                buf
                0x00002671                PROVIDE (__bssend, .)
                0x00000267                PROVIDE (__bsssize, SIZEOF (.bss))

.noinit         0x00002671       0x23 load address 0x000045e2
                0x00002672                . = ALIGN (0x2)
 *fill*         0x00002671        0x1 
                0x00002672                PROVIDE (__noinit_start, .)
 *(.noinit)
 .noinit        0x00002672       0x22 ./platform/usb_api/usb.o
                0x00002672                abramSerialStringDescriptor
                0x00002694                . = ALIGN (0x2)
                0x00002694                PROVIDE (__noinit_end, .)
                0x00002694                _end = .
                0x00002694                PROVIDE (end, .)

.stack          0x00004400        0x0
                0x00004400                PROVIDE (__stack, .)
 *(.stack)

.lower.text     0x00004605        0x1
                0x00004605                PROVIDE (_start, .)
                0x00004606                . = ALIGN (0x2)
 *fill*         0x00004605        0x1 
 *(SORT(.crt_*))
 *(.lowtext)

.text           0x00004606     0x100c
                0x00004606                . = ALIGN (0x2)
 *(.lower.text.* .lower.text)
                0x00004606                . = ALIGN (0x2)
 *(.text .stub .text.* .gnu.linkonce.t.* .text:*)
 .text.usb_reconnect
                0x00004606       0x14 ./platform/usb_msp/usb_hardware.o
                0x00004606                usb_reconnect
 .text.usb_data_received
                0x0000461a        0x8 ./platform/usb_msp/usb_hardware.o
                0x0000461a                usb_data_received
 .text.usb_data_send_completed
                0x00004622        0x8 ./platform/usb_msp/usb_hardware.o
                0x00004622                usb_data_send_completed
 .text.usb_data_rcv_completed
                0x0000462a        0x8 ./platform/usb_msp/usb_hardware.o
                0x0000462a                usb_data_rcv_completed
 .text.SetupPacketInterruptHandler
                0x00004632       0x44 ./platform/usb_msp/usb_hardware.o
                0x00004632                SetupPacketInterruptHandler
 .text.PWRVBUSoffHandler
                0x00004676       0x48 ./platform/usb_msp/usb_hardware.o
                0x00004676                PWRVBUSoffHandler
 .text.PWRVBUSonHandler
                0x000046be       0x32 ./platform/usb_msp/usb_hardware.o
                0x000046be                PWRVBUSonHandler
 .text.IEP0InterruptHandler
                0x000046f0       0x1c ./platform/usb_msp/usb_hardware.o
                0x000046f0                IEP0InterruptHandler
 .text.OEP0InterruptHandler
                0x0000470c       0x2e ./platform/usb_msp/usb_hardware.o
                0x0000470c                OEP0InterruptHandler
 .text.iUsbInterruptHandler
                0x0000473a       0xea ./platform/usb_msp/usb_hardware.o
                0x0000473a                iUsbInterruptHandler
 .text.USB_enable
                0x00004824       0x7e ./platform/usb_api/usb.o
                0x00004824                USB_enable
 .text.USB_disable
                0x000048a2       0x22 ./platform/usb_api/usb.o
                0x000048a2                USB_disable
 .text.USB_reset
                0x000048c4       0xe4 ./platform/usb_api/usb.o
                0x000048c4                USB_reset
 .text.USB_connect
                0x000049a8       0x28 ./platform/usb_api/usb.o
                0x000049a8                USB_connect
 .text.USB_suspend
                0x000049d0       0x32 ./platform/usb_api/usb.o
                0x000049d0                USB_suspend
 .text.USB_resume
                0x00004a02       0x18 ./platform/usb_api/usb.o
                0x00004a02                USB_resume
 .text.usbStallEndpoint0
                0x00004a1a        0xe ./platform/usb_api/usb.o
                0x00004a1a                usbStallEndpoint0
 .text.usbInvalidRequest
                0x00004a28        0xc ./platform/usb_api/usb.o
                0x00004a28                usbInvalidRequest
 .text.usbStallOEP0
                0x00004a34        0xa ./platform/usb_api/usb.o
                0x00004a34                usbStallOEP0
 .text.usbSendNextPacketOnIEP0
                0x00004a3e       0x68 ./platform/usb_api/usb.o
                0x00004a3e                usbSendNextPacketOnIEP0
 .text.usbSendDataPacketOnEP0
                0x00004aa6       0x22 ./platform/usb_api/usb.o
                0x00004aa6                usbSendDataPacketOnEP0
 .text.usbGetConfiguration
                0x00004ac8       0x12 ./platform/usb_api/usb.o
                0x00004ac8                usbGetConfiguration
 .text.usbGetDeviceDescriptor
                0x00004ada       0x14 ./platform/usb_api/usb.o
                0x00004ada                usbGetDeviceDescriptor
 .text.usbGetConfigurationDescriptor
                0x00004aee       0x14 ./platform/usb_api/usb.o
                0x00004aee                usbGetConfigurationDescriptor
 .text.usbGetStringDescriptor
                0x00004b02       0x42 ./platform/usb_api/usb.o
                0x00004b02                usbGetStringDescriptor
 .text.usbGetInterface
                0x00004b44       0x1c ./platform/usb_api/usb.o
                0x00004b44                usbGetInterface
 .text.usbGetDeviceStatus
                0x00004b60       0x28 ./platform/usb_api/usb.o
                0x00004b60                usbGetDeviceStatus
 .text.usbGetInterfaceStatus
                0x00004b88       0x1c ./platform/usb_api/usb.o
                0x00004b88                usbGetInterfaceStatus
 .text.usbGetEndpointStatus
                0x00004ba4       0x72 ./platform/usb_api/usb.o
                0x00004ba4                usbGetEndpointStatus
 .text.usbReceiveNextPacketOnOEP0
                0x00004c16       0x4e ./platform/usb_api/usb.o
                0x00004c16                usbReceiveNextPacketOnOEP0
 .text.usbReceiveDataPacketOnEP0
                0x00004c64       0x14 ./platform/usb_api/usb.o
                0x00004c64                usbReceiveDataPacketOnEP0
 .text.usbSendZeroLengthPacketOnIEP0
                0x00004c78        0xe ./platform/usb_api/usb.o
                0x00004c78                usbSendZeroLengthPacketOnIEP0
 .text.usbClearEndpointFeature
                0x00004c86       0x3e ./platform/usb_api/usb.o
                0x00004c86                usbClearEndpointFeature
 .text.usbSetAddress
                0x00004cc4       0x20 ./platform/usb_api/usb.o
                0x00004cc4                usbSetAddress
 .text.usbSetConfiguration
                0x00004ce4       0x20 ./platform/usb_api/usb.o
                0x00004ce4                usbSetConfiguration
 .text.usbClearDeviceFeature
                0x00004d04       0x16 ./platform/usb_api/usb.o
                0x00004d04                usbClearDeviceFeature
 .text.usbSetDeviceFeature
                0x00004d1a       0x16 ./platform/usb_api/usb.o
                0x00004d1a                usbSetDeviceFeature
 .text.usbSetEndpointFeature
                0x00004d30       0x44 ./platform/usb_api/usb.o
                0x00004d30                usbSetEndpointFeature
 .text.usbSetInterface
                0x00004d74       0x10 ./platform/usb_api/usb.o
                0x00004d74                usbSetInterface
 .text.usbDecodeAndProcessUsbRequest
                0x00004d84       0x92 ./platform/usb_api/usb.o
                0x00004d84                usbDecodeAndProcessUsbRequest
 .text.CdcResetData
                0x00004e16       0x24 ./platform/usb_api/usb_cdc.o
                0x00004e16                CdcResetData
 .text.CdcToHostFromBuffer
                0x00004e3a       0xda ./platform/usb_api/usb_cdc.o
                0x00004e3a                CdcToHostFromBuffer
 .text.CopyUsbToBuff
                0x00004f14       0x64 ./platform/usb_api/usb_cdc.o
                0x00004f14                CopyUsbToBuff
 .text.CdcToBufferFromHost
                0x00004f78       0xbe ./platform/usb_api/usb_cdc.o
                0x00004f78                CdcToBufferFromHost
 .text.CdcIsReceiveInProgress
                0x00005036       0x12 ./platform/usb_api/usb_cdc.o
                0x00005036                CdcIsReceiveInProgress
 .text.usbGetLineCoding
                0x00005048       0x5a ./platform/usb_api/usb_cdc.o
                0x00005048                usbGetLineCoding
 .text.usbSetLineCoding
                0x000050a2        0xa ./platform/usb_api/usb_cdc.o
                0x000050a2                usbSetLineCoding
 .text.usbSetControlLineState
                0x000050ac        0x6 ./platform/usb_api/usb_cdc.o
                0x000050ac                usbSetControlLineState
 .text.Handler_SetLineCoding
                0x000050b2       0x4a ./platform/usb_api/usb_cdc.o
                0x000050b2                Handler_SetLineCoding
 .text.timer_interrupt
                0x000050fc       0x40 ./platform/torrija/clock_arch.o
                0x000050fc                timer_interrupt
 .text.clock_time
                0x0000513c        0x6 ./platform/torrija/clock_arch.o
                0x0000513c                clock_time
 .text.port1_interrupt
                0x00005142       0x3e ./platform/torrija/dev/msp430_arch.o
                0x00005142                port1_interrupt
 .text.port2_interrupt
                0x00005180       0x38 ./platform/torrija/dev/msp430_arch.o
                0x00005180                port2_interrupt
 .text.TimerAhandler
                0x000051b8       0x3e ./platform/rfid/trf_hardware.o
                0x000051b8                TimerAhandler
 .text.trf_stop_condition
                0x000051f6       0x18 ./platform/rfid/trf_parallel.o
                0x000051f6                trf_stop_condition
 .text.trf_start_condition
                0x0000520e       0x16 ./platform/rfid/trf_parallel.o
                0x0000520e                trf_start_condition
 .text.trf_read_single
                0x00005224       0x5e ./platform/rfid/trf_parallel.o
                0x00005224                trf_read_single
 .text.update_time
                0x00005282       0x3c ./core/sys/etimer.o
 .text.etimer_request_poll
                0x000052be        0xa ./core/sys/etimer.o
                0x000052be                etimer_request_poll
 .text.process_thread_etimer_process
                0x000052c8       0xcc ./core/sys/etimer.o
 .text.etimer_pending
                0x00005394       0x12 ./core/sys/etimer.o
                0x00005394                etimer_pending
 .text.process_post
                0x000053a6       0x48 ./core/sys/process.o
                0x000053a6                process_post
 .text.process_poll
                0x000053ee       0x1a ./core/sys/process.o
                0x000053ee                process_poll
 .text.timer_expired
                0x00005408       0x1c ./core/sys/timer.o
                0x00005408                timer_expired
 .text.UNMI_ISR
                0x00005424       0x40 ./apps/application-usb/usb-processes.o
                0x00005424                UNMI_ISR
 .text.memset   0x00005464       0x12 c:/ti/ccsv6/tools/compiler/gcc_msp430_4.9.14r1_167/bin/../lib/gcc/msp430-elf/4.9.1/../../../../msp430-elf/lib\libc.a(lib_a-memset.o)
                0x00005464                memset
 .text          0x00005476       0x74 c:/ti/ccsv6/tools/compiler/gcc_msp430_4.9.14r1_167/bin/../lib/gcc/msp430-elf/4.9.1\libgcc.a(slli.o)
                0x00005476                __mspabi_slli_15
                0x00005478                __mspabi_slli_14
                0x0000547a                __mspabi_slli_13
                0x0000547c                __mspabi_slli_12
                0x0000547e                __mspabi_slli_11
                0x00005480                __mspabi_slli_10
                0x00005482                __mspabi_slli_9
                0x00005484                __mspabi_slli_8
                0x00005486                __mspabi_slli_7
                0x00005488                __mspabi_slli_6
                0x0000548a                __mspabi_slli_5
                0x0000548c                __mspabi_slli_4
                0x0000548e                __mspabi_slli_3
                0x00005490                __mspabi_slli_2
                0x00005492                __mspabi_slli_1
                0x0000549a                __mspabi_slli
                0x000054a0                __mspabi_slll_15
                0x000054a4                __mspabi_slll_14
                0x000054a8                __mspabi_slll_13
                0x000054ac                __mspabi_slll_12
                0x000054b0                __mspabi_slll_11
                0x000054b4                __mspabi_slll_10
                0x000054b8                __mspabi_slll_9
                0x000054bc                __mspabi_slll_8
                0x000054c0                __mspabi_slll_7
                0x000054c4                __mspabi_slll_6
                0x000054c8                __mspabi_slll_5
                0x000054cc                __mspabi_slll_4
                0x000054d0                __mspabi_slll_3
                0x000054d4                __mspabi_slll_2
                0x000054d8                __mspabi_slll_1
                0x000054e4                __mspabi_slll
 .text          0x000054ea       0x74 c:/ti/ccsv6/tools/compiler/gcc_msp430_4.9.14r1_167/bin/../lib/gcc/msp430-elf/4.9.1\libgcc.a(srai.o)
                0x000054ea                __mspabi_srai_15
                0x000054ec                __mspabi_srai_14
                0x000054ee                __mspabi_srai_13
                0x000054f0                __mspabi_srai_12
                0x000054f2                __mspabi_srai_11
                0x000054f4                __mspabi_srai_10
                0x000054f6                __mspabi_srai_9
                0x000054f8                __mspabi_srai_8
                0x000054fa                __mspabi_srai_7
                0x000054fc                __mspabi_srai_6
                0x000054fe                __mspabi_srai_5
                0x00005500                __mspabi_srai_4
                0x00005502                __mspabi_srai_3
                0x00005504                __mspabi_srai_2
                0x00005506                __mspabi_srai_1
                0x0000550e                __mspabi_srai
                0x00005514                __mspabi_sral_15
                0x00005518                __mspabi_sral_14
                0x0000551c                __mspabi_sral_13
                0x00005520                __mspabi_sral_12
                0x00005524                __mspabi_sral_11
                0x00005528                __mspabi_sral_10
                0x0000552c                __mspabi_sral_9
                0x00005530                __mspabi_sral_8
                0x00005534                __mspabi_sral_7
                0x00005538                __mspabi_sral_6
                0x0000553c                __mspabi_sral_5
                0x00005540                __mspabi_sral_4
                0x00005544                __mspabi_sral_3
                0x00005548                __mspabi_sral_2
                0x0000554c                __mspabi_sral_1
                0x00005558                __mspabi_sral
 .text          0x0000555e       0xb4 c:/ti/ccsv6/tools/compiler/gcc_msp430_4.9.14r1_167/bin/../lib/gcc/msp430-elf/4.9.1\libgcc.a(srli.o)
                0x0000555e                __mspabi_srli_15
                0x00005562                __mspabi_srli_14
                0x00005566                __mspabi_srli_13
                0x0000556a                __mspabi_srli_12
                0x0000556e                __mspabi_srli_11
                0x00005572                __mspabi_srli_10
                0x00005576                __mspabi_srli_9
                0x0000557a                __mspabi_srli_8
                0x0000557e                __mspabi_srli_7
                0x00005582                __mspabi_srli_6
                0x00005586                __mspabi_srli_5
                0x0000558a                __mspabi_srli_4
                0x0000558e                __mspabi_srli_3
                0x00005592                __mspabi_srli_2
                0x00005596                __mspabi_srli_1
                0x000055a2                __mspabi_srli
                0x000055a8                __mspabi_srll_15
                0x000055ae                __mspabi_srll_14
                0x000055b4                __mspabi_srll_13
                0x000055ba                __mspabi_srll_12
                0x000055c0                __mspabi_srll_11
                0x000055c6                __mspabi_srll_10
                0x000055cc                __mspabi_srll_9
                0x000055d2                __mspabi_srll_8
                0x000055d8                __mspabi_srll_7
                0x000055de                __mspabi_srll_6
                0x000055e4                __mspabi_srll_5
                0x000055ea                __mspabi_srll_4
                0x000055f0                __mspabi_srll_3
                0x000055f6                __mspabi_srll_2
                0x000055fc                __mspabi_srll_1
                0x0000560c                __mspabi_srll
 *(.text.*personality*)
 *(.gnu.warning)
 *(.interp .hash .dynsym .dynstr .gnu.version*)
                0x00005612                PROVIDE (__etext, .)
                0x00005612                PROVIDE (_etext, .)
                0x00005612                PROVIDE (etext, .)
                0x00005612                . = ALIGN (0x2)
 *(.init)
 *(.fini)
 *(.tm_clone_table)

.upper.text     0x00010000        0x0
                0x00010000                . = ALIGN (0x2)
 *(.upper.text.* .upper.text)

.infoA

.infoB

.infoC

.infoD

.upper          0x00002694        0x0
 *(.upper.bss.* .upper.bss)
 *(.upper.data.* .upper.data)
                0x00000001                ASSERT ((SIZEOF (.upper) == 0x0), This MCU does not support placing read/write data into high memory)

.MP430.attributes
                0x00000000      0x96f
 *(.MSP430.attributes)
 .MSP430.attributes
                0x00000000       0x17 ./platform/usb_msp/descriptors.o
 .MSP430.attributes
                0x00000017       0x17 ./platform/usb_msp/usb_hardware.o
 .MSP430.attributes
                0x0000002e       0x17 ./platform/usb_api/usb.o
 .MSP430.attributes
                0x00000045       0x17 ./platform/usb_api/usb_cdc.o
 .MSP430.attributes
                0x0000005c       0x17 ./platform/torrija/utils/random.o
 .MSP430.attributes
                0x00000073       0x17 ./platform/torrija/utils/sense_utils.o
 .MSP430.attributes
                0x0000008a       0x17 ./platform/torrija/nd-opt/sicslowpan.o
 .MSP430.attributes
                0x000000a1       0x17 ./platform/torrija/nd-opt/tcpip.o
 .MSP430.attributes
                0x000000b8       0x17 ./platform/torrija/nd-opt/uip-ds6.o
 .MSP430.attributes
                0x000000cf       0x17 ./platform/torrija/nd-opt/uip-nd6.o
 .MSP430.attributes
                0x000000e6       0x17 ./platform/torrija/clock_arch.o
 .MSP430.attributes
                0x000000fd       0x17 ./platform/torrija/contiki-torrija-host-main.o
 .MSP430.attributes
                0x00000114       0x17 ./platform/torrija/mtarch.o
 .MSP430.attributes
                0x0000012b       0x17 ./platform/torrija/dev/buttons.o
 .MSP430.attributes
                0x00000142       0x17 ./platform/torrija/dev/cc2520_process.o
 .MSP430.attributes
                0x00000159       0x17 ./platform/torrija/dev/cc2520ll.o
 .MSP430.attributes
                0x00000170       0x17 ./platform/torrija/dev/hal_cc2520.o
 .MSP430.attributes
                0x00000187       0x17 ./platform/torrija/dev/leds_torrija.o
 .MSP430.attributes
                0x0000019e       0x17 ./platform/torrija/dev/msp430_arch.o
 .MSP430.attributes
                0x000001b5       0x17 ./platform/rfid/trf_hardware.o
 .MSP430.attributes
                0x000001cc       0x17 ./platform/rfid/trf_parallel.o
 .MSP430.attributes
                0x000001e3       0x17 ./core/sys/autostart.o
 .MSP430.attributes
                0x000001fa       0x17 ./core/sys/etimer.o
 .MSP430.attributes
                0x00000211       0x17 ./core/sys/process.o
 .MSP430.attributes
                0x00000228       0x17 ./core/sys/stimer.o
 .MSP430.attributes
                0x0000023f       0x17 ./core/sys/timer.o
 .MSP430.attributes
                0x00000256       0x17 ./core/net/netstack.o
 .MSP430.attributes
                0x0000026d       0x17 ./core/net/packetbuf.o
 .MSP430.attributes
                0x00000284       0x17 ./core/net/queuebuf.o
 .MSP430.attributes
                0x0000029b       0x17 ./core/net/uip-icmp6.o
 .MSP430.attributes
                0x000002b2       0x17 ./core/net/uip-udp-packet.o
 .MSP430.attributes
                0x000002c9       0x17 ./core/net/uip6.o
 .MSP430.attributes
                0x000002e0       0x17 ./core/net/rime/rimeaddr.o
 .MSP430.attributes
                0x000002f7       0x17 ./core/net/mac/frame802154.o
 .MSP430.attributes
                0x0000030e       0x17 ./core/net/mac/nullmac.o
 .MSP430.attributes
                0x00000325       0x17 ./core/net/mac/sicslowmac.o
 .MSP430.attributes
                0x0000033c       0x17 ./core/lib/list.o
 .MSP430.attributes
                0x00000353       0x17 ./core/lib/memb.o
 .MSP430.attributes
                0x0000036a       0x17 ./apps/rest-common/buffer.o
 .MSP430.attributes
                0x00000381       0x17 ./apps/rest-common/rest-util.o
 .MSP430.attributes
                0x00000398       0x17 ./apps/rest-common/rest.o
 .MSP430.attributes
                0x000003af       0x17 ./apps/rest-coap/coap-common.o
 .MSP430.attributes
                0x000003c6       0x17 ./apps/rest-coap/coap-server.o
 .MSP430.attributes
                0x000003dd       0x17 ./apps/coap-app/coap_app.o
 .MSP430.attributes
                0x000003f4       0x17 ./apps/coap-app/coap_app_client.o
 .MSP430.attributes
                0x0000040b       0x17 ./apps/application-usb/usb-processes.o
 .MSP430.attributes
                0x00000422       0x17 ./apps/application-rfid/rfid-processes.o
 .MSP430.attributes
                0x00000439       0x17 c:/ti/ccsv6/tools/compiler/gcc_msp430_4.9.14r1_167/bin/../lib/gcc/msp430-elf/4.9.1/../../../../msp430-elf/lib\libc.a(lib_a-abort.o)
 .MSP430.attributes
                0x00000450       0x17 c:/ti/ccsv6/tools/compiler/gcc_msp430_4.9.14r1_167/bin/../lib/gcc/msp430-elf/4.9.1/../../../../msp430-elf/lib\libc.a(lib_a-ctype_.o)
 .MSP430.attributes
                0x00000467       0x17 c:/ti/ccsv6/tools/compiler/gcc_msp430_4.9.14r1_167/bin/../lib/gcc/msp430-elf/4.9.1/../../../../msp430-elf/lib\libc.a(lib_a-memchr.o)
 .MSP430.attributes
                0x0000047e       0x17 c:/ti/ccsv6/tools/compiler/gcc_msp430_4.9.14r1_167/bin/../lib/gcc/msp430-elf/4.9.1/../../../../msp430-elf/lib\libc.a(lib_a-memcmp.o)
 .MSP430.attributes
                0x00000495       0x17 c:/ti/ccsv6/tools/compiler/gcc_msp430_4.9.14r1_167/bin/../lib/gcc/msp430-elf/4.9.1/../../../../msp430-elf/lib\libc.a(lib_a-memcpy.o)
 .MSP430.attributes
                0x000004ac       0x17 c:/ti/ccsv6/tools/compiler/gcc_msp430_4.9.14r1_167/bin/../lib/gcc/msp430-elf/4.9.1/../../../../msp430-elf/lib\libc.a(lib_a-memmove.o)
 .MSP430.attributes
                0x000004c3       0x17 c:/ti/ccsv6/tools/compiler/gcc_msp430_4.9.14r1_167/bin/../lib/gcc/msp430-elf/4.9.1/../../../../msp430-elf/lib\libc.a(lib_a-memset.o)
 .MSP430.attributes
                0x000004da       0x17 c:/ti/ccsv6/tools/compiler/gcc_msp430_4.9.14r1_167/bin/../lib/gcc/msp430-elf/4.9.1/../../../../msp430-elf/lib\libc.a(lib_a-signal.o)
 .MSP430.attributes
                0x000004f1       0x17 c:/ti/ccsv6/tools/compiler/gcc_msp430_4.9.14r1_167/bin/../lib/gcc/msp430-elf/4.9.1/../../../../msp430-elf/lib\libc.a(lib_a-signalr.o)
 .MSP430.attributes
                0x00000508       0x17 c:/ti/ccsv6/tools/compiler/gcc_msp430_4.9.14r1_167/bin/../lib/gcc/msp430-elf/4.9.1/../../../../msp430-elf/lib\libc.a(lib_a-sprintf.o)
 .MSP430.attributes
                0x0000051f       0x17 c:/ti/ccsv6/tools/compiler/gcc_msp430_4.9.14r1_167/bin/../lib/gcc/msp430-elf/4.9.1/../../../../msp430-elf/lib\libc.a(lib_a-strcat.o)
 .MSP430.attributes
                0x00000536       0x17 c:/ti/ccsv6/tools/compiler/gcc_msp430_4.9.14r1_167/bin/../lib/gcc/msp430-elf/4.9.1/../../../../msp430-elf/lib\libc.a(lib_a-strcpy.o)
 .MSP430.attributes
                0x0000054d       0x17 c:/ti/ccsv6/tools/compiler/gcc_msp430_4.9.14r1_167/bin/../lib/gcc/msp430-elf/4.9.1/../../../../msp430-elf/lib\libc.a(lib_a-strlen.o)
 .MSP430.attributes
                0x00000564       0x17 c:/ti/ccsv6/tools/compiler/gcc_msp430_4.9.14r1_167/bin/../lib/gcc/msp430-elf/4.9.1/../../../../msp430-elf/lib\libc.a(lib_a-strncmp.o)
 .MSP430.attributes
                0x0000057b       0x17 c:/ti/ccsv6/tools/compiler/gcc_msp430_4.9.14r1_167/bin/../lib/gcc/msp430-elf/4.9.1/../../../../msp430-elf/lib\libc.a(lib_a-strncpy.o)
 .MSP430.attributes
                0x00000592       0x17 c:/ti/ccsv6/tools/compiler/gcc_msp430_4.9.14r1_167/bin/../lib/gcc/msp430-elf/4.9.1/../../../../msp430-elf/lib\libc.a(lib_a-svfprintf.o)
 .MSP430.attributes
                0x000005a9       0x17 c:/ti/ccsv6/tools/compiler/gcc_msp430_4.9.14r1_167/bin/../lib/gcc/msp430-elf/4.9.1/../../../../msp430-elf/lib\libc.a(lib_a-dtoa.o)
 .MSP430.attributes
                0x000005c0       0x17 c:/ti/ccsv6/tools/compiler/gcc_msp430_4.9.14r1_167/bin/../lib/gcc/msp430-elf/4.9.1/../../../../msp430-elf/lib\libc.a(lib_a-impure.o)
 .MSP430.attributes
                0x000005d7       0x17 c:/ti/ccsv6/tools/compiler/gcc_msp430_4.9.14r1_167/bin/../lib/gcc/msp430-elf/4.9.1/../../../../msp430-elf/lib\libc.a(lib_a-locale.o)
 .MSP430.attributes
                0x000005ee       0x17 c:/ti/ccsv6/tools/compiler/gcc_msp430_4.9.14r1_167/bin/../lib/gcc/msp430-elf/4.9.1/../../../../msp430-elf/lib\libc.a(lib_a-malloc.o)
 .MSP430.attributes
                0x00000605       0x17 c:/ti/ccsv6/tools/compiler/gcc_msp430_4.9.14r1_167/bin/../lib/gcc/msp430-elf/4.9.1/../../../../msp430-elf/lib\libc.a(lib_a-mprec.o)
 .MSP430.attributes
                0x0000061c       0x17 c:/ti/ccsv6/tools/compiler/gcc_msp430_4.9.14r1_167/bin/../lib/gcc/msp430-elf/4.9.1/../../../../msp430-elf/lib\libc.a(lib_a-nano-callocr.o)
 .MSP430.attributes
                0x00000633       0x17 c:/ti/ccsv6/tools/compiler/gcc_msp430_4.9.14r1_167/bin/../lib/gcc/msp430-elf/4.9.1/../../../../msp430-elf/lib\libc.a(lib_a-nano-freer.o)
 .MSP430.attributes
                0x0000064a       0x17 c:/ti/ccsv6/tools/compiler/gcc_msp430_4.9.14r1_167/bin/../lib/gcc/msp430-elf/4.9.1/../../../../msp430-elf/lib\libc.a(lib_a-nano-mallocr.o)
 .MSP430.attributes
                0x00000661       0x17 c:/ti/ccsv6/tools/compiler/gcc_msp430_4.9.14r1_167/bin/../lib/gcc/msp430-elf/4.9.1/../../../../msp430-elf/lib\libc.a(lib_a-reent.o)
 .MSP430.attributes
                0x00000678       0x17 c:/ti/ccsv6/tools/compiler/gcc_msp430_4.9.14r1_167/bin/../lib/gcc/msp430-elf/4.9.1/../../../../msp430-elf/lib\libc.a(lib_a-s_fpclassify.o)
 .MSP430.attributes
                0x0000068f       0x17 c:/ti/ccsv6/tools/compiler/gcc_msp430_4.9.14r1_167/bin/../lib/gcc/msp430-elf/4.9.1/../../../../msp430-elf/lib\libc.a(lib_a-sbrkr.o)
 .MSP430.attributes
                0x000006a6       0x17 c:/ti/ccsv6/tools/compiler/gcc_msp430_4.9.14r1_167/bin/../lib/gcc/msp430-elf/4.9.1/../../../../msp430-elf/lib\libc.a(lib_a-strcmp.o)
 .MSP430.attributes
                0x000006bd       0x17 c:/ti/ccsv6/tools/compiler/gcc_msp430_4.9.14r1_167/bin/../lib/gcc/msp430-elf/4.9.1/../../../../msp430-elf/lib\libc.a(lib_a-svfiprintf.o)
 .MSP430.attributes
                0x000006d4       0x17 c:/ti/ccsv6/tools/compiler/gcc_msp430_4.9.14r1_167/bin/../lib/gcc/msp430-elf/4.9.1/../../../../msp430-elf/lib\libc.a(lib_a-nano-reallocr.o)
 .MSP430.attributes
                0x000006eb       0x17 c:/ti/ccsv6/tools/compiler/gcc_msp430_4.9.14r1_167/bin/../lib/gcc/msp430-elf/4.9.1/../../../../msp430-elf/lib\libc.a(lib_a-nano-msizer.o)
 .MSP430.attributes
                0x00000702       0x17 c:/ti/ccsv6/tools/compiler/gcc_msp430_4.9.14r1_167/bin/../lib/gcc/msp430-elf/4.9.1\libgcc.a(_addsub_df.o)
 .MSP430.attributes
                0x00000719       0x17 c:/ti/ccsv6/tools/compiler/gcc_msp430_4.9.14r1_167/bin/../lib/gcc/msp430-elf/4.9.1\libgcc.a(_mul_df.o)
 .MSP430.attributes
                0x00000730       0x17 c:/ti/ccsv6/tools/compiler/gcc_msp430_4.9.14r1_167/bin/../lib/gcc/msp430-elf/4.9.1\libgcc.a(_div_df.o)
 .MSP430.attributes
                0x00000747       0x17 c:/ti/ccsv6/tools/compiler/gcc_msp430_4.9.14r1_167/bin/../lib/gcc/msp430-elf/4.9.1\libgcc.a(_eq_df.o)
 .MSP430.attributes
                0x0000075e       0x17 c:/ti/ccsv6/tools/compiler/gcc_msp430_4.9.14r1_167/bin/../lib/gcc/msp430-elf/4.9.1\libgcc.a(_ne_df.o)
 .MSP430.attributes
                0x00000775       0x17 c:/ti/ccsv6/tools/compiler/gcc_msp430_4.9.14r1_167/bin/../lib/gcc/msp430-elf/4.9.1\libgcc.a(_gt_df.o)
 .MSP430.attributes
                0x0000078c       0x17 c:/ti/ccsv6/tools/compiler/gcc_msp430_4.9.14r1_167/bin/../lib/gcc/msp430-elf/4.9.1\libgcc.a(_ge_df.o)
 .MSP430.attributes
                0x000007a3       0x17 c:/ti/ccsv6/tools/compiler/gcc_msp430_4.9.14r1_167/bin/../lib/gcc/msp430-elf/4.9.1\libgcc.a(_lt_df.o)
 .MSP430.attributes
                0x000007ba       0x17 c:/ti/ccsv6/tools/compiler/gcc_msp430_4.9.14r1_167/bin/../lib/gcc/msp430-elf/4.9.1\libgcc.a(_si_to_df.o)
 .MSP430.attributes
                0x000007d1       0x17 c:/ti/ccsv6/tools/compiler/gcc_msp430_4.9.14r1_167/bin/../lib/gcc/msp430-elf/4.9.1\libgcc.a(_df_to_si.o)
 .MSP430.attributes
                0x000007e8       0x17 c:/ti/ccsv6/tools/compiler/gcc_msp430_4.9.14r1_167/bin/../lib/gcc/msp430-elf/4.9.1\libgcc.a(_thenan_df.o)
 .MSP430.attributes
                0x000007ff       0x17 c:/ti/ccsv6/tools/compiler/gcc_msp430_4.9.14r1_167/bin/../lib/gcc/msp430-elf/4.9.1\libgcc.a(_usi_to_df.o)
 .MSP430.attributes
                0x00000816       0x17 c:/ti/ccsv6/tools/compiler/gcc_msp430_4.9.14r1_167/bin/../lib/gcc/msp430-elf/4.9.1\libgcc.a(lib2divHI.o)
 .MSP430.attributes
                0x0000082d       0x17 c:/ti/ccsv6/tools/compiler/gcc_msp430_4.9.14r1_167/bin/../lib/gcc/msp430-elf/4.9.1\libgcc.a(lib2divSI.o)
 .MSP430.attributes
                0x00000844       0x17 c:/ti/ccsv6/tools/compiler/gcc_msp430_4.9.14r1_167/bin/../lib/gcc/msp430-elf/4.9.1\libgcc.a(slli.o)
 .MSP430.attributes
                0x0000085b       0x17 c:/ti/ccsv6/tools/compiler/gcc_msp430_4.9.14r1_167/bin/../lib/gcc/msp430-elf/4.9.1\libgcc.a(srai.o)
 .MSP430.attributes
                0x00000872       0x17 c:/ti/ccsv6/tools/compiler/gcc_msp430_4.9.14r1_167/bin/../lib/gcc/msp430-elf/4.9.1\libgcc.a(srli.o)
 .MSP430.attributes
                0x00000889       0x17 c:/ti/ccsv6/tools/compiler/gcc_msp430_4.9.14r1_167/bin/../lib/gcc/msp430-elf/4.9.1\libgcc.a(lib2hw_mul.o)
 .MSP430.attributes
                0x000008a0       0x17 c:/ti/ccsv6/tools/compiler/gcc_msp430_4.9.14r1_167/bin/../lib/gcc/msp430-elf/4.9.1\libgcc.a(_muldi3.o)
 .MSP430.attributes
                0x000008b7       0x17 c:/ti/ccsv6/tools/compiler/gcc_msp430_4.9.14r1_167/bin/../lib/gcc/msp430-elf/4.9.1\libgcc.a(_lshrdi3.o)
 .MSP430.attributes
                0x000008ce       0x17 c:/ti/ccsv6/tools/compiler/gcc_msp430_4.9.14r1_167/bin/../lib/gcc/msp430-elf/4.9.1\libgcc.a(_ashldi3.o)
 .MSP430.attributes
                0x000008e5       0x17 c:/ti/ccsv6/tools/compiler/gcc_msp430_4.9.14r1_167/bin/../lib/gcc/msp430-elf/4.9.1\libgcc.a(_clzsi2.o)
 .MSP430.attributes
                0x000008fc       0x17 c:/ti/ccsv6/tools/compiler/gcc_msp430_4.9.14r1_167/bin/../lib/gcc/msp430-elf/4.9.1\libgcc.a(_pack_df.o)
 .MSP430.attributes
                0x00000913       0x17 c:/ti/ccsv6/tools/compiler/gcc_msp430_4.9.14r1_167/bin/../lib/gcc/msp430-elf/4.9.1\libgcc.a(_unpack_df.o)
 .MSP430.attributes
                0x0000092a       0x17 c:/ti/ccsv6/tools/compiler/gcc_msp430_4.9.14r1_167/bin/../lib/gcc/msp430-elf/4.9.1\libgcc.a(_fpcmp_parts_df.o)
 .MSP430.attributes
                0x00000941       0x17 c:/ti/ccsv6/tools/compiler/gcc_msp430_4.9.14r1_167/bin/../lib/gcc/msp430-elf/4.9.1\libgcc.a(lib2mul.o)
 .MSP430.attributes
                0x00000958       0x17 c:/ti/ccsv6/tools/compiler/gcc_msp430_4.9.14r1_167/bin/../lib/gcc/msp430-elf/4.9.1\libgcc.a(_clz.o)
 *(.gnu.attributes)
 *(__TI_build_attributes)

.stab
 *(.stab)

.stabstr
 *(.stabstr)

.stab.excl
 *(.stab.excl)

.stab.exclstr
 *(.stab.exclstr)

.stab.index
 *(.stab.index)

.stab.indexstr
 *(.stab.indexstr)

.comment        0x00000000       0x7c
 *(.comment)
 .comment       0x00000000       0x7c ./platform/usb_msp/descriptors.o
                                 0x7d (size before relaxing)
 .comment       0x00000000       0x7d ./platform/usb_msp/usb_hardware.o
 .comment       0x00000000       0x7d ./platform/usb_api/usb.o
 .comment       0x00000000       0x7d ./platform/usb_api/usb_cdc.o
 .comment       0x00000000       0x7d ./platform/torrija/utils/random.o
 .comment       0x00000000       0x7d ./platform/torrija/utils/sense_utils.o
 .comment       0x00000000       0x7d ./platform/torrija/nd-opt/sicslowpan.o
 .comment       0x00000000       0x7d ./platform/torrija/nd-opt/tcpip.o
 .comment       0x00000000       0x7d ./platform/torrija/nd-opt/uip-ds6.o
 .comment       0x00000000       0x7d ./platform/torrija/nd-opt/uip-nd6.o
 .comment       0x00000000       0x7d ./platform/torrija/clock_arch.o
 .comment       0x00000000       0x7d ./platform/torrija/contiki-torrija-host-main.o
 .comment       0x00000000       0x7d ./platform/torrija/mtarch.o
 .comment       0x00000000       0x7d ./platform/torrija/dev/buttons.o
 .comment       0x00000000       0x7d ./platform/torrija/dev/cc2520_process.o
 .comment       0x00000000       0x7d ./platform/torrija/dev/cc2520ll.o
 .comment       0x00000000       0x7d ./platform/torrija/dev/hal_cc2520.o
 .comment       0x00000000       0x7d ./platform/torrija/dev/leds_torrija.o
 .comment       0x00000000       0x7d ./platform/torrija/dev/msp430_arch.o
 .comment       0x00000000       0x7d ./platform/rfid/trf_hardware.o
 .comment       0x00000000       0x7d ./platform/rfid/trf_parallel.o
 .comment       0x00000000       0x7d ./core/sys/autostart.o
 .comment       0x00000000       0x7d ./core/sys/etimer.o
 .comment       0x00000000       0x7d ./core/sys/process.o
 .comment       0x00000000       0x7d ./core/sys/stimer.o
 .comment       0x00000000       0x7d ./core/sys/timer.o
 .comment       0x00000000       0x7d ./core/net/netstack.o
 .comment       0x00000000       0x7d ./core/net/packetbuf.o
 .comment       0x00000000       0x7d ./core/net/queuebuf.o
 .comment       0x00000000       0x7d ./core/net/uip-icmp6.o
 .comment       0x00000000       0x7d ./core/net/uip-udp-packet.o
 .comment       0x00000000       0x7d ./core/net/uip6.o
 .comment       0x00000000       0x7d ./core/net/rime/rimeaddr.o
 .comment       0x00000000       0x7d ./core/net/mac/frame802154.o
 .comment       0x00000000       0x7d ./core/net/mac/nullmac.o
 .comment       0x00000000       0x7d ./core/net/mac/sicslowmac.o
 .comment       0x00000000       0x7d ./core/lib/list.o
 .comment       0x00000000       0x7d ./core/lib/memb.o
 .comment       0x00000000       0x7d ./apps/rest-common/buffer.o
 .comment       0x00000000       0x7d ./apps/rest-common/rest-util.o
 .comment       0x00000000       0x7d ./apps/rest-common/rest.o
 .comment       0x00000000       0x7d ./apps/rest-coap/coap-common.o
 .comment       0x00000000       0x7d ./apps/rest-coap/coap-server.o
 .comment       0x00000000       0x7d ./apps/coap-app/coap_app.o
 .comment       0x00000000       0x7d ./apps/coap-app/coap_app_client.o
 .comment       0x00000000       0x7d ./apps/application-usb/usb-processes.o
 .comment       0x00000000       0x7d ./apps/application-rfid/rfid-processes.o
 .comment       0x00000000       0x7d c:/ti/ccsv6/tools/compiler/gcc_msp430_4.9.14r1_167/bin/../lib/gcc/msp430-elf/4.9.1/../../../../msp430-elf/lib\libc.a(lib_a-abort.o)
 .comment       0x00000000       0x7d c:/ti/ccsv6/tools/compiler/gcc_msp430_4.9.14r1_167/bin/../lib/gcc/msp430-elf/4.9.1/../../../../msp430-elf/lib\libc.a(lib_a-ctype_.o)
 .comment       0x00000000       0x7d c:/ti/ccsv6/tools/compiler/gcc_msp430_4.9.14r1_167/bin/../lib/gcc/msp430-elf/4.9.1/../../../../msp430-elf/lib\libc.a(lib_a-memchr.o)
 .comment       0x00000000       0x7d c:/ti/ccsv6/tools/compiler/gcc_msp430_4.9.14r1_167/bin/../lib/gcc/msp430-elf/4.9.1/../../../../msp430-elf/lib\libc.a(lib_a-memcmp.o)
 .comment       0x00000000       0x7d c:/ti/ccsv6/tools/compiler/gcc_msp430_4.9.14r1_167/bin/../lib/gcc/msp430-elf/4.9.1/../../../../msp430-elf/lib\libc.a(lib_a-memcpy.o)
 .comment       0x00000000       0x7d c:/ti/ccsv6/tools/compiler/gcc_msp430_4.9.14r1_167/bin/../lib/gcc/msp430-elf/4.9.1/../../../../msp430-elf/lib\libc.a(lib_a-memmove.o)
 .comment       0x00000000       0x7d c:/ti/ccsv6/tools/compiler/gcc_msp430_4.9.14r1_167/bin/../lib/gcc/msp430-elf/4.9.1/../../../../msp430-elf/lib\libc.a(lib_a-memset.o)
 .comment       0x00000000       0x7d c:/ti/ccsv6/tools/compiler/gcc_msp430_4.9.14r1_167/bin/../lib/gcc/msp430-elf/4.9.1/../../../../msp430-elf/lib\libc.a(lib_a-signal.o)
 .comment       0x00000000       0x7d c:/ti/ccsv6/tools/compiler/gcc_msp430_4.9.14r1_167/bin/../lib/gcc/msp430-elf/4.9.1/../../../../msp430-elf/lib\libc.a(lib_a-signalr.o)
 .comment       0x00000000       0x7d c:/ti/ccsv6/tools/compiler/gcc_msp430_4.9.14r1_167/bin/../lib/gcc/msp430-elf/4.9.1/../../../../msp430-elf/lib\libc.a(lib_a-sprintf.o)
 .comment       0x00000000       0x7d c:/ti/ccsv6/tools/compiler/gcc_msp430_4.9.14r1_167/bin/../lib/gcc/msp430-elf/4.9.1/../../../../msp430-elf/lib\libc.a(lib_a-strcat.o)
 .comment       0x00000000       0x7d c:/ti/ccsv6/tools/compiler/gcc_msp430_4.9.14r1_167/bin/../lib/gcc/msp430-elf/4.9.1/../../../../msp430-elf/lib\libc.a(lib_a-strcpy.o)
 .comment       0x00000000       0x7d c:/ti/ccsv6/tools/compiler/gcc_msp430_4.9.14r1_167/bin/../lib/gcc/msp430-elf/4.9.1/../../../../msp430-elf/lib\libc.a(lib_a-strlen.o)
 .comment       0x00000000       0x7d c:/ti/ccsv6/tools/compiler/gcc_msp430_4.9.14r1_167/bin/../lib/gcc/msp430-elf/4.9.1/../../../../msp430-elf/lib\libc.a(lib_a-strncmp.o)
 .comment       0x00000000       0x7d c:/ti/ccsv6/tools/compiler/gcc_msp430_4.9.14r1_167/bin/../lib/gcc/msp430-elf/4.9.1/../../../../msp430-elf/lib\libc.a(lib_a-strncpy.o)
 .comment       0x00000000       0x7d c:/ti/ccsv6/tools/compiler/gcc_msp430_4.9.14r1_167/bin/../lib/gcc/msp430-elf/4.9.1/../../../../msp430-elf/lib\libc.a(lib_a-svfprintf.o)
 .comment       0x00000000       0x7d c:/ti/ccsv6/tools/compiler/gcc_msp430_4.9.14r1_167/bin/../lib/gcc/msp430-elf/4.9.1/../../../../msp430-elf/lib\libc.a(lib_a-dtoa.o)
 .comment       0x00000000       0x7d c:/ti/ccsv6/tools/compiler/gcc_msp430_4.9.14r1_167/bin/../lib/gcc/msp430-elf/4.9.1/../../../../msp430-elf/lib\libc.a(lib_a-impure.o)
 .comment       0x00000000       0x7d c:/ti/ccsv6/tools/compiler/gcc_msp430_4.9.14r1_167/bin/../lib/gcc/msp430-elf/4.9.1/../../../../msp430-elf/lib\libc.a(lib_a-locale.o)
 .comment       0x00000000       0x7d c:/ti/ccsv6/tools/compiler/gcc_msp430_4.9.14r1_167/bin/../lib/gcc/msp430-elf/4.9.1/../../../../msp430-elf/lib\libc.a(lib_a-malloc.o)
 .comment       0x00000000       0x7d c:/ti/ccsv6/tools/compiler/gcc_msp430_4.9.14r1_167/bin/../lib/gcc/msp430-elf/4.9.1/../../../../msp430-elf/lib\libc.a(lib_a-mprec.o)
 .comment       0x00000000       0x7d c:/ti/ccsv6/tools/compiler/gcc_msp430_4.9.14r1_167/bin/../lib/gcc/msp430-elf/4.9.1/../../../../msp430-elf/lib\libc.a(lib_a-nano-callocr.o)
 .comment       0x00000000       0x7d c:/ti/ccsv6/tools/compiler/gcc_msp430_4.9.14r1_167/bin/../lib/gcc/msp430-elf/4.9.1/../../../../msp430-elf/lib\libc.a(lib_a-nano-freer.o)
 .comment       0x00000000       0x7d c:/ti/ccsv6/tools/compiler/gcc_msp430_4.9.14r1_167/bin/../lib/gcc/msp430-elf/4.9.1/../../../../msp430-elf/lib\libc.a(lib_a-nano-mallocr.o)
 .comment       0x00000000       0x7d c:/ti/ccsv6/tools/compiler/gcc_msp430_4.9.14r1_167/bin/../lib/gcc/msp430-elf/4.9.1/../../../../msp430-elf/lib\libc.a(lib_a-reent.o)
 .comment       0x00000000       0x7d c:/ti/ccsv6/tools/compiler/gcc_msp430_4.9.14r1_167/bin/../lib/gcc/msp430-elf/4.9.1/../../../../msp430-elf/lib\libc.a(lib_a-s_fpclassify.o)
 .comment       0x00000000       0x7d c:/ti/ccsv6/tools/compiler/gcc_msp430_4.9.14r1_167/bin/../lib/gcc/msp430-elf/4.9.1/../../../../msp430-elf/lib\libc.a(lib_a-sbrkr.o)
 .comment       0x00000000       0x7d c:/ti/ccsv6/tools/compiler/gcc_msp430_4.9.14r1_167/bin/../lib/gcc/msp430-elf/4.9.1/../../../../msp430-elf/lib\libc.a(lib_a-strcmp.o)
 .comment       0x00000000       0x7d c:/ti/ccsv6/tools/compiler/gcc_msp430_4.9.14r1_167/bin/../lib/gcc/msp430-elf/4.9.1/../../../../msp430-elf/lib\libc.a(lib_a-svfiprintf.o)
 .comment       0x00000000       0x7d c:/ti/ccsv6/tools/compiler/gcc_msp430_4.9.14r1_167/bin/../lib/gcc/msp430-elf/4.9.1/../../../../msp430-elf/lib\libc.a(lib_a-nano-reallocr.o)
 .comment       0x00000000       0x7d c:/ti/ccsv6/tools/compiler/gcc_msp430_4.9.14r1_167/bin/../lib/gcc/msp430-elf/4.9.1/../../../../msp430-elf/lib\libc.a(lib_a-nano-msizer.o)
 .comment       0x00000000       0x7d c:/ti/ccsv6/tools/compiler/gcc_msp430_4.9.14r1_167/bin/../lib/gcc/msp430-elf/4.9.1\libgcc.a(_addsub_df.o)
 .comment       0x00000000       0x7d c:/ti/ccsv6/tools/compiler/gcc_msp430_4.9.14r1_167/bin/../lib/gcc/msp430-elf/4.9.1\libgcc.a(_mul_df.o)
 .comment       0x00000000       0x7d c:/ti/ccsv6/tools/compiler/gcc_msp430_4.9.14r1_167/bin/../lib/gcc/msp430-elf/4.9.1\libgcc.a(_div_df.o)
 .comment       0x00000000       0x7d c:/ti/ccsv6/tools/compiler/gcc_msp430_4.9.14r1_167/bin/../lib/gcc/msp430-elf/4.9.1\libgcc.a(_eq_df.o)
 .comment       0x00000000       0x7d c:/ti/ccsv6/tools/compiler/gcc_msp430_4.9.14r1_167/bin/../lib/gcc/msp430-elf/4.9.1\libgcc.a(_ne_df.o)
 .comment       0x00000000       0x7d c:/ti/ccsv6/tools/compiler/gcc_msp430_4.9.14r1_167/bin/../lib/gcc/msp430-elf/4.9.1\libgcc.a(_gt_df.o)
 .comment       0x00000000       0x7d c:/ti/ccsv6/tools/compiler/gcc_msp430_4.9.14r1_167/bin/../lib/gcc/msp430-elf/4.9.1\libgcc.a(_ge_df.o)
 .comment       0x00000000       0x7d c:/ti/ccsv6/tools/compiler/gcc_msp430_4.9.14r1_167/bin/../lib/gcc/msp430-elf/4.9.1\libgcc.a(_lt_df.o)
 .comment       0x00000000       0x7d c:/ti/ccsv6/tools/compiler/gcc_msp430_4.9.14r1_167/bin/../lib/gcc/msp430-elf/4.9.1\libgcc.a(_si_to_df.o)
 .comment       0x00000000       0x7d c:/ti/ccsv6/tools/compiler/gcc_msp430_4.9.14r1_167/bin/../lib/gcc/msp430-elf/4.9.1\libgcc.a(_df_to_si.o)
 .comment       0x00000000       0x7d c:/ti/ccsv6/tools/compiler/gcc_msp430_4.9.14r1_167/bin/../lib/gcc/msp430-elf/4.9.1\libgcc.a(_thenan_df.o)
 .comment       0x00000000       0x7d c:/ti/ccsv6/tools/compiler/gcc_msp430_4.9.14r1_167/bin/../lib/gcc/msp430-elf/4.9.1\libgcc.a(_usi_to_df.o)
 .comment       0x00000000       0x7d c:/ti/ccsv6/tools/compiler/gcc_msp430_4.9.14r1_167/bin/../lib/gcc/msp430-elf/4.9.1\libgcc.a(lib2divHI.o)
 .comment       0x00000000       0x7d c:/ti/ccsv6/tools/compiler/gcc_msp430_4.9.14r1_167/bin/../lib/gcc/msp430-elf/4.9.1\libgcc.a(lib2divSI.o)
 .comment       0x00000000       0x7d c:/ti/ccsv6/tools/compiler/gcc_msp430_4.9.14r1_167/bin/../lib/gcc/msp430-elf/4.9.1\libgcc.a(_muldi3.o)
 .comment       0x00000000       0x7d c:/ti/ccsv6/tools/compiler/gcc_msp430_4.9.14r1_167/bin/../lib/gcc/msp430-elf/4.9.1\libgcc.a(_lshrdi3.o)
 .comment       0x00000000       0x7d c:/ti/ccsv6/tools/compiler/gcc_msp430_4.9.14r1_167/bin/../lib/gcc/msp430-elf/4.9.1\libgcc.a(_ashldi3.o)
 .comment       0x00000000       0x7d c:/ti/ccsv6/tools/compiler/gcc_msp430_4.9.14r1_167/bin/../lib/gcc/msp430-elf/4.9.1\libgcc.a(_clzsi2.o)
 .comment       0x00000000       0x7d c:/ti/ccsv6/tools/compiler/gcc_msp430_4.9.14r1_167/bin/../lib/gcc/msp430-elf/4.9.1\libgcc.a(_pack_df.o)
 .comment       0x00000000       0x7d c:/ti/ccsv6/tools/compiler/gcc_msp430_4.9.14r1_167/bin/../lib/gcc/msp430-elf/4.9.1\libgcc.a(_unpack_df.o)
 .comment       0x00000000       0x7d c:/ti/ccsv6/tools/compiler/gcc_msp430_4.9.14r1_167/bin/../lib/gcc/msp430-elf/4.9.1\libgcc.a(_fpcmp_parts_df.o)
 .comment       0x00000000       0x7d c:/ti/ccsv6/tools/compiler/gcc_msp430_4.9.14r1_167/bin/../lib/gcc/msp430-elf/4.9.1\libgcc.a(lib2mul.o)
 .comment       0x00000000       0x7d c:/ti/ccsv6/tools/compiler/gcc_msp430_4.9.14r1_167/bin/../lib/gcc/msp430-elf/4.9.1\libgcc.a(_clz.o)

.debug
 *(.debug)

.line
 *(.line)

.debug_srcinfo
 *(.debug_srcinfo)

.debug_sfnames
 *(.debug_sfnames)

.debug_aranges  0x00000000     0x1ce8
 *(.debug_aranges)
 .debug_aranges
                0x00000000       0x18 ./platform/usb_msp/descriptors.o
 .debug_aranges
                0x00000018       0xb0 ./platform/usb_msp/usb_hardware.o
 .debug_aranges
                0x000000c8      0x140 ./platform/usb_api/usb.o
 .debug_aranges
                0x00000208       0xb8 ./platform/usb_api/usb_cdc.o
 .debug_aranges
                0x000002c0       0x28 ./platform/torrija/utils/random.o
 .debug_aranges
                0x000002e8       0x48 ./platform/torrija/utils/sense_utils.o
 .debug_aranges
                0x00000330       0x48 ./platform/torrija/nd-opt/sicslowpan.o
 .debug_aranges
                0x00000378       0x68 ./platform/torrija/nd-opt/tcpip.o
 .debug_aranges
                0x000003e0      0x198 ./platform/torrija/nd-opt/uip-ds6.o
 .debug_aranges
                0x00000578       0x48 ./platform/torrija/nd-opt/uip-nd6.o
 .debug_aranges
                0x000005c0       0x50 ./platform/torrija/clock_arch.o
 .debug_aranges
                0x00000610       0x20 ./platform/torrija/contiki-torrija-host-main.o
 .debug_aranges
                0x00000630       0x70 ./platform/torrija/mtarch.o
 .debug_aranges
                0x000006a0       0x48 ./platform/torrija/dev/buttons.o
 .debug_aranges
                0x000006e8       0x70 ./platform/torrija/dev/cc2520_process.o
 .debug_aranges
                0x00000758       0xd0 ./platform/torrija/dev/cc2520ll.o
 .debug_aranges
                0x00000828      0x260 ./platform/torrija/dev/hal_cc2520.o
 .debug_aranges
                0x00000a88       0x38 ./platform/torrija/dev/leds_torrija.o
 .debug_aranges
                0x00000ac0       0x40 ./platform/torrija/dev/msp430_arch.o
 .debug_aranges
                0x00000b00       0x60 ./platform/rfid/trf_hardware.o
 .debug_aranges
                0x00000b60       0x78 ./platform/rfid/trf_parallel.o
 .debug_aranges
                0x00000bd8       0x28 ./core/sys/autostart.o
 .debug_aranges
                0x00000c00       0x88 ./core/sys/etimer.o
 .debug_aranges
                0x00000c88       0x88 ./core/sys/process.o
 .debug_aranges
                0x00000d10       0x48 ./core/sys/stimer.o
 .debug_aranges
                0x00000d58       0x40 ./core/sys/timer.o
 .debug_aranges
                0x00000d98       0x20 ./core/net/netstack.o
 .debug_aranges
                0x00000db8       0xe0 ./core/net/packetbuf.o
 .debug_aranges
                0x00000e98       0x58 ./core/net/queuebuf.o
 .debug_aranges
                0x00000ef0       0x30 ./core/net/uip-icmp6.o
 .debug_aranges
                0x00000f20       0x28 ./core/net/uip-udp-packet.o
 .debug_aranges
                0x00000f48       0x80 ./core/net/uip6.o
 .debug_aranges
                0x00000fc8       0x30 ./core/net/rime/rimeaddr.o
 .debug_aranges
                0x00000ff8       0x38 ./core/net/mac/frame802154.o
 .debug_aranges
                0x00001030       0x48 ./core/net/mac/nullmac.o
 .debug_aranges
                0x00001078       0x48 ./core/net/mac/sicslowmac.o
 .debug_aranges
                0x000010c0       0x78 ./core/lib/list.o
 .debug_aranges
                0x00001138       0x38 ./core/lib/memb.o
 .debug_aranges
                0x00001170       0x40 ./apps/rest-common/buffer.o
 .debug_aranges
                0x000011b0       0x48 ./apps/rest-common/rest-util.o
 .debug_aranges
                0x000011f8       0xd8 ./apps/rest-common/rest.o
 .debug_aranges
                0x000012d0       0x28 ./apps/rest-coap/coap-common.o
 .debug_aranges
                0x000012f8       0xb8 ./apps/rest-coap/coap-server.o
 .debug_aranges
                0x000013b0       0x48 ./apps/coap-app/coap_app.o
 .debug_aranges
                0x000013f8       0x20 ./apps/coap-app/coap_app_client.o
 .debug_aranges
                0x00001418       0x48 ./apps/application-usb/usb-processes.o
 .debug_aranges
                0x00001460       0x58 ./apps/application-rfid/rfid-processes.o
 .debug_aranges
                0x000014b8       0x20 c:/ti/ccsv6/tools/compiler/gcc_msp430_4.9.14r1_167/bin/../lib/gcc/msp430-elf/4.9.1/../../../../msp430-elf/lib\libc.a(lib_a-abort.o)
 .debug_aranges
                0x000014d8       0x18 c:/ti/ccsv6/tools/compiler/gcc_msp430_4.9.14r1_167/bin/../lib/gcc/msp430-elf/4.9.1/../../../../msp430-elf/lib\libc.a(lib_a-ctype_.o)
 .debug_aranges
                0x000014f0       0x20 c:/ti/ccsv6/tools/compiler/gcc_msp430_4.9.14r1_167/bin/../lib/gcc/msp430-elf/4.9.1/../../../../msp430-elf/lib\libc.a(lib_a-memchr.o)
 .debug_aranges
                0x00001510       0x20 c:/ti/ccsv6/tools/compiler/gcc_msp430_4.9.14r1_167/bin/../lib/gcc/msp430-elf/4.9.1/../../../../msp430-elf/lib\libc.a(lib_a-memcmp.o)
 .debug_aranges
                0x00001530       0x20 c:/ti/ccsv6/tools/compiler/gcc_msp430_4.9.14r1_167/bin/../lib/gcc/msp430-elf/4.9.1/../../../../msp430-elf/lib\libc.a(lib_a-memcpy.o)
 .debug_aranges
                0x00001550       0x20 c:/ti/ccsv6/tools/compiler/gcc_msp430_4.9.14r1_167/bin/../lib/gcc/msp430-elf/4.9.1/../../../../msp430-elf/lib\libc.a(lib_a-memmove.o)
 .debug_aranges
                0x00001570       0x20 c:/ti/ccsv6/tools/compiler/gcc_msp430_4.9.14r1_167/bin/../lib/gcc/msp430-elf/4.9.1/../../../../msp430-elf/lib\libc.a(lib_a-memset.o)
 .debug_aranges
                0x00001590       0x58 c:/ti/ccsv6/tools/compiler/gcc_msp430_4.9.14r1_167/bin/../lib/gcc/msp430-elf/4.9.1/../../../../msp430-elf/lib\libc.a(lib_a-signal.o)
 .debug_aranges
                0x000015e8       0x28 c:/ti/ccsv6/tools/compiler/gcc_msp430_4.9.14r1_167/bin/../lib/gcc/msp430-elf/4.9.1/../../../../msp430-elf/lib\libc.a(lib_a-signalr.o)
 .debug_aranges
                0x00001610       0x28 c:/ti/ccsv6/tools/compiler/gcc_msp430_4.9.14r1_167/bin/../lib/gcc/msp430-elf/4.9.1/../../../../msp430-elf/lib\libc.a(lib_a-sprintf.o)
 .debug_aranges
                0x00001638       0x20 c:/ti/ccsv6/tools/compiler/gcc_msp430_4.9.14r1_167/bin/../lib/gcc/msp430-elf/4.9.1/../../../../msp430-elf/lib\libc.a(lib_a-strcat.o)
 .debug_aranges
                0x00001658       0x20 c:/ti/ccsv6/tools/compiler/gcc_msp430_4.9.14r1_167/bin/../lib/gcc/msp430-elf/4.9.1/../../../../msp430-elf/lib\libc.a(lib_a-strcpy.o)
 .debug_aranges
                0x00001678       0x20 c:/ti/ccsv6/tools/compiler/gcc_msp430_4.9.14r1_167/bin/../lib/gcc/msp430-elf/4.9.1/../../../../msp430-elf/lib\libc.a(lib_a-strlen.o)
 .debug_aranges
                0x00001698       0x20 c:/ti/ccsv6/tools/compiler/gcc_msp430_4.9.14r1_167/bin/../lib/gcc/msp430-elf/4.9.1/../../../../msp430-elf/lib\libc.a(lib_a-strncmp.o)
 .debug_aranges
                0x000016b8       0x20 c:/ti/ccsv6/tools/compiler/gcc_msp430_4.9.14r1_167/bin/../lib/gcc/msp430-elf/4.9.1/../../../../msp430-elf/lib\libc.a(lib_a-strncpy.o)
 .debug_aranges
                0x000016d8       0x20 c:/ti/ccsv6/tools/compiler/gcc_msp430_4.9.14r1_167/bin/../lib/gcc/msp430-elf/4.9.1/../../../../msp430-elf/lib\libc.a(lib_a-svfprintf.o)
 .debug_aranges
                0x000016f8       0x28 c:/ti/ccsv6/tools/compiler/gcc_msp430_4.9.14r1_167/bin/../lib/gcc/msp430-elf/4.9.1/../../../../msp430-elf/lib\libc.a(lib_a-dtoa.o)
 .debug_aranges
                0x00001720       0x18 c:/ti/ccsv6/tools/compiler/gcc_msp430_4.9.14r1_167/bin/../lib/gcc/msp430-elf/4.9.1/../../../../msp430-elf/lib\libc.a(lib_a-impure.o)
 .debug_aranges
                0x00001738       0x58 c:/ti/ccsv6/tools/compiler/gcc_msp430_4.9.14r1_167/bin/../lib/gcc/msp430-elf/4.9.1/../../../../msp430-elf/lib\libc.a(lib_a-locale.o)
 .debug_aranges
                0x00001790       0x28 c:/ti/ccsv6/tools/compiler/gcc_msp430_4.9.14r1_167/bin/../lib/gcc/msp430-elf/4.9.1/../../../../msp430-elf/lib\libc.a(lib_a-malloc.o)
 .debug_aranges
                0x000017b8       0xb0 c:/ti/ccsv6/tools/compiler/gcc_msp430_4.9.14r1_167/bin/../lib/gcc/msp430-elf/4.9.1/../../../../msp430-elf/lib\libc.a(lib_a-mprec.o)
 .debug_aranges
                0x00001868       0x20 c:/ti/ccsv6/tools/compiler/gcc_msp430_4.9.14r1_167/bin/../lib/gcc/msp430-elf/4.9.1/../../../../msp430-elf/lib\libc.a(lib_a-nano-callocr.o)
 .debug_aranges
                0x00001888       0x20 c:/ti/ccsv6/tools/compiler/gcc_msp430_4.9.14r1_167/bin/../lib/gcc/msp430-elf/4.9.1/../../../../msp430-elf/lib\libc.a(lib_a-nano-freer.o)
 .debug_aranges
                0x000018a8       0x20 c:/ti/ccsv6/tools/compiler/gcc_msp430_4.9.14r1_167/bin/../lib/gcc/msp430-elf/4.9.1/../../../../msp430-elf/lib\libc.a(lib_a-nano-mallocr.o)
 .debug_aranges
                0x000018c8       0x28 c:/ti/ccsv6/tools/compiler/gcc_msp430_4.9.14r1_167/bin/../lib/gcc/msp430-elf/4.9.1/../../../../msp430-elf/lib\libc.a(lib_a-reent.o)
 .debug_aranges
                0x000018f0       0x20 c:/ti/ccsv6/tools/compiler/gcc_msp430_4.9.14r1_167/bin/../lib/gcc/msp430-elf/4.9.1/../../../../msp430-elf/lib\libc.a(lib_a-s_fpclassify.o)
 .debug_aranges
                0x00001910       0x20 c:/ti/ccsv6/tools/compiler/gcc_msp430_4.9.14r1_167/bin/../lib/gcc/msp430-elf/4.9.1/../../../../msp430-elf/lib\libc.a(lib_a-sbrkr.o)
 .debug_aranges
                0x00001930       0x20 c:/ti/ccsv6/tools/compiler/gcc_msp430_4.9.14r1_167/bin/../lib/gcc/msp430-elf/4.9.1/../../../../msp430-elf/lib\libc.a(lib_a-strcmp.o)
 .debug_aranges
                0x00001950       0x28 c:/ti/ccsv6/tools/compiler/gcc_msp430_4.9.14r1_167/bin/../lib/gcc/msp430-elf/4.9.1/../../../../msp430-elf/lib\libc.a(lib_a-svfiprintf.o)
 .debug_aranges
                0x00001978       0x20 c:/ti/ccsv6/tools/compiler/gcc_msp430_4.9.14r1_167/bin/../lib/gcc/msp430-elf/4.9.1/../../../../msp430-elf/lib\libc.a(lib_a-nano-reallocr.o)
 .debug_aranges
                0x00001998       0x20 c:/ti/ccsv6/tools/compiler/gcc_msp430_4.9.14r1_167/bin/../lib/gcc/msp430-elf/4.9.1/../../../../msp430-elf/lib\libc.a(lib_a-nano-msizer.o)
 .debug_aranges
                0x000019b8       0x30 c:/ti/ccsv6/tools/compiler/gcc_msp430_4.9.14r1_167/bin/../lib/gcc/msp430-elf/4.9.1\libgcc.a(_addsub_df.o)
 .debug_aranges
                0x000019e8       0x20 c:/ti/ccsv6/tools/compiler/gcc_msp430_4.9.14r1_167/bin/../lib/gcc/msp430-elf/4.9.1\libgcc.a(_mul_df.o)
 .debug_aranges
                0x00001a08       0x20 c:/ti/ccsv6/tools/compiler/gcc_msp430_4.9.14r1_167/bin/../lib/gcc/msp430-elf/4.9.1\libgcc.a(_div_df.o)
 .debug_aranges
                0x00001a28       0x20 c:/ti/ccsv6/tools/compiler/gcc_msp430_4.9.14r1_167/bin/../lib/gcc/msp430-elf/4.9.1\libgcc.a(_eq_df.o)
 .debug_aranges
                0x00001a48       0x20 c:/ti/ccsv6/tools/compiler/gcc_msp430_4.9.14r1_167/bin/../lib/gcc/msp430-elf/4.9.1\libgcc.a(_ne_df.o)
 .debug_aranges
                0x00001a68       0x20 c:/ti/ccsv6/tools/compiler/gcc_msp430_4.9.14r1_167/bin/../lib/gcc/msp430-elf/4.9.1\libgcc.a(_gt_df.o)
 .debug_aranges
                0x00001a88       0x20 c:/ti/ccsv6/tools/compiler/gcc_msp430_4.9.14r1_167/bin/../lib/gcc/msp430-elf/4.9.1\libgcc.a(_ge_df.o)
 .debug_aranges
                0x00001aa8       0x20 c:/ti/ccsv6/tools/compiler/gcc_msp430_4.9.14r1_167/bin/../lib/gcc/msp430-elf/4.9.1\libgcc.a(_lt_df.o)
 .debug_aranges
                0x00001ac8       0x20 c:/ti/ccsv6/tools/compiler/gcc_msp430_4.9.14r1_167/bin/../lib/gcc/msp430-elf/4.9.1\libgcc.a(_si_to_df.o)
 .debug_aranges
                0x00001ae8       0x20 c:/ti/ccsv6/tools/compiler/gcc_msp430_4.9.14r1_167/bin/../lib/gcc/msp430-elf/4.9.1\libgcc.a(_df_to_si.o)
 .debug_aranges
                0x00001b08       0x18 c:/ti/ccsv6/tools/compiler/gcc_msp430_4.9.14r1_167/bin/../lib/gcc/msp430-elf/4.9.1\libgcc.a(_thenan_df.o)
 .debug_aranges
                0x00001b20       0x20 c:/ti/ccsv6/tools/compiler/gcc_msp430_4.9.14r1_167/bin/../lib/gcc/msp430-elf/4.9.1\libgcc.a(_usi_to_df.o)
 .debug_aranges
                0x00001b40       0x40 c:/ti/ccsv6/tools/compiler/gcc_msp430_4.9.14r1_167/bin/../lib/gcc/msp430-elf/4.9.1\libgcc.a(lib2divHI.o)
 .debug_aranges
                0x00001b80       0x40 c:/ti/ccsv6/tools/compiler/gcc_msp430_4.9.14r1_167/bin/../lib/gcc/msp430-elf/4.9.1\libgcc.a(lib2divSI.o)
 .debug_aranges
                0x00001bc0       0x20 c:/ti/ccsv6/tools/compiler/gcc_msp430_4.9.14r1_167/bin/../lib/gcc/msp430-elf/4.9.1\libgcc.a(_muldi3.o)
 .debug_aranges
                0x00001be0       0x20 c:/ti/ccsv6/tools/compiler/gcc_msp430_4.9.14r1_167/bin/../lib/gcc/msp430-elf/4.9.1\libgcc.a(_lshrdi3.o)
 .debug_aranges
                0x00001c00       0x20 c:/ti/ccsv6/tools/compiler/gcc_msp430_4.9.14r1_167/bin/../lib/gcc/msp430-elf/4.9.1\libgcc.a(_ashldi3.o)
 .debug_aranges
                0x00001c20       0x20 c:/ti/ccsv6/tools/compiler/gcc_msp430_4.9.14r1_167/bin/../lib/gcc/msp430-elf/4.9.1\libgcc.a(_clzsi2.o)
 .debug_aranges
                0x00001c40       0x20 c:/ti/ccsv6/tools/compiler/gcc_msp430_4.9.14r1_167/bin/../lib/gcc/msp430-elf/4.9.1\libgcc.a(_pack_df.o)
 .debug_aranges
                0x00001c60       0x20 c:/ti/ccsv6/tools/compiler/gcc_msp430_4.9.14r1_167/bin/../lib/gcc/msp430-elf/4.9.1\libgcc.a(_unpack_df.o)
 .debug_aranges
                0x00001c80       0x20 c:/ti/ccsv6/tools/compiler/gcc_msp430_4.9.14r1_167/bin/../lib/gcc/msp430-elf/4.9.1\libgcc.a(_fpcmp_parts_df.o)
 .debug_aranges
                0x00001ca0       0x30 c:/ti/ccsv6/tools/compiler/gcc_msp430_4.9.14r1_167/bin/../lib/gcc/msp430-elf/4.9.1\libgcc.a(lib2mul.o)
 .debug_aranges
                0x00001cd0       0x18 c:/ti/ccsv6/tools/compiler/gcc_msp430_4.9.14r1_167/bin/../lib/gcc/msp430-elf/4.9.1\libgcc.a(_clz.o)

.debug_pubnames
 *(.debug_pubnames)

.debug_info     0x00000000    0x23ee8
 *(.debug_info .gnu.linkonce.wi.*)
 .debug_info    0x00000000      0x11d ./platform/usb_msp/descriptors.o
 .debug_info    0x0000011d      0x818 ./platform/usb_msp/usb_hardware.o
 .debug_info    0x00000935      0xbf4 ./platform/usb_api/usb.o
 .debug_info    0x00001529      0x9df ./platform/usb_api/usb_cdc.o
 .debug_info    0x00001f08       0xa8 ./platform/torrija/utils/random.o
 .debug_info    0x00001fb0      0x2df ./platform/torrija/utils/sense_utils.o
 .debug_info    0x0000228f      0xdde ./platform/torrija/nd-opt/sicslowpan.o
 .debug_info    0x0000306d      0xba8 ./platform/torrija/nd-opt/tcpip.o
 .debug_info    0x00003c15     0x16cb ./platform/torrija/nd-opt/uip-ds6.o
 .debug_info    0x000052e0      0xe4b ./platform/torrija/nd-opt/uip-nd6.o
 .debug_info    0x0000612b      0x20d ./platform/torrija/clock_arch.o
 .debug_info    0x00006338      0x58e ./platform/torrija/contiki-torrija-host-main.o
 .debug_info    0x000068c6      0x2be ./platform/torrija/mtarch.o
 .debug_info    0x00006b84      0x3aa ./platform/torrija/dev/buttons.o
 .debug_info    0x00006f2e      0x5f1 ./platform/torrija/dev/cc2520_process.o
 .debug_info    0x0000751f      0x87a ./platform/torrija/dev/cc2520ll.o
 .debug_info    0x00007d99     0x1415 ./platform/torrija/dev/hal_cc2520.o
 .debug_info    0x000091ae       0xf1 ./platform/torrija/dev/leds_torrija.o
 .debug_info    0x0000929f      0x214 ./platform/torrija/dev/msp430_arch.o
 .debug_info    0x000094b3      0x4ea ./platform/rfid/trf_hardware.o
 .debug_info    0x0000999d      0x309 ./platform/rfid/trf_parallel.o
 .debug_info    0x00009ca6      0x1a6 ./core/sys/autostart.o
 .debug_info    0x00009e4c      0x4db ./core/sys/etimer.o
 .debug_info    0x0000a327      0x598 ./core/sys/process.o
 .debug_info    0x0000a8bf      0x18a ./core/sys/stimer.o
 .debug_info    0x0000aa49      0x182 ./core/sys/timer.o
 .debug_info    0x0000abcb      0x312 ./core/net/netstack.o
 .debug_info    0x0000aedd      0x774 ./core/net/packetbuf.o
 .debug_info    0x0000b651      0x52f ./core/net/queuebuf.o
 .debug_info    0x0000bb80      0x646 ./core/net/uip-icmp6.o
 .debug_info    0x0000c1c6      0x3dd ./core/net/uip-udp-packet.o
 .debug_info    0x0000c5a3      0xd8b ./core/net/uip6.o
 .debug_info    0x0000d32e      0x18a ./core/net/rime/rimeaddr.o
 .debug_info    0x0000d4b8      0x4d2 ./core/net/mac/frame802154.o
 .debug_info    0x0000d98a      0x2d0 ./core/net/mac/nullmac.o
 .debug_info    0x0000dc5a      0x7c1 ./core/net/mac/sicslowmac.o
 .debug_info    0x0000e41b      0x310 ./core/lib/list.o
 .debug_info    0x0000e72b      0x1bf ./core/lib/memb.o
 .debug_info    0x0000e8ea      0x245 ./apps/rest-common/buffer.o
 .debug_info    0x0000eb2f      0x42a ./apps/rest-common/rest-util.o
 .debug_info    0x0000ef59      0xf3d ./apps/rest-common/rest.o
 .debug_info    0x0000fe96      0x2e0 ./apps/rest-coap/coap-common.o
 .debug_info    0x00010176     0x14b4 ./apps/rest-coap/coap-server.o
 .debug_info    0x0001162a      0x928 ./apps/coap-app/coap_app.o
 .debug_info    0x00011f52      0x5a3 ./apps/coap-app/coap_app_client.o
 .debug_info    0x000124f5      0x5ec ./apps/application-usb/usb-processes.o
 .debug_info    0x00012ae1      0x663 ./apps/application-rfid/rfid-processes.o
 .debug_info    0x00013144       0xd0 c:/ti/ccsv6/tools/compiler/gcc_msp430_4.9.14r1_167/bin/../lib/gcc/msp430-elf/4.9.1/../../../../msp430-elf/lib\libc.a(lib_a-abort.o)
 .debug_info    0x00013214       0x6b c:/ti/ccsv6/tools/compiler/gcc_msp430_4.9.14r1_167/bin/../lib/gcc/msp430-elf/4.9.1/../../../../msp430-elf/lib\libc.a(lib_a-ctype_.o)
 .debug_info    0x0001327f       0xf4 c:/ti/ccsv6/tools/compiler/gcc_msp430_4.9.14r1_167/bin/../lib/gcc/msp430-elf/4.9.1/../../../../msp430-elf/lib\libc.a(lib_a-memchr.o)
 .debug_info    0x00013373       0xeb c:/ti/ccsv6/tools/compiler/gcc_msp430_4.9.14r1_167/bin/../lib/gcc/msp430-elf/4.9.1/../../../../msp430-elf/lib\libc.a(lib_a-memcmp.o)
 .debug_info    0x0001345e       0xfe c:/ti/ccsv6/tools/compiler/gcc_msp430_4.9.14r1_167/bin/../lib/gcc/msp430-elf/4.9.1/../../../../msp430-elf/lib\libc.a(lib_a-memcpy.o)
 .debug_info    0x0001355c       0xfe c:/ti/ccsv6/tools/compiler/gcc_msp430_4.9.14r1_167/bin/../lib/gcc/msp430-elf/4.9.1/../../../../msp430-elf/lib\libc.a(lib_a-memmove.o)
 .debug_info    0x0001365a       0xcf c:/ti/ccsv6/tools/compiler/gcc_msp430_4.9.14r1_167/bin/../lib/gcc/msp430-elf/4.9.1/../../../../msp430-elf/lib\libc.a(lib_a-memset.o)
 .debug_info    0x00013729      0xb1e c:/ti/ccsv6/tools/compiler/gcc_msp430_4.9.14r1_167/bin/../lib/gcc/msp430-elf/4.9.1/../../../../msp430-elf/lib\libc.a(lib_a-signal.o)
 .debug_info    0x00014247      0x8bf c:/ti/ccsv6/tools/compiler/gcc_msp430_4.9.14r1_167/bin/../lib/gcc/msp430-elf/4.9.1/../../../../msp430-elf/lib\libc.a(lib_a-signalr.o)
 .debug_info    0x00014b06      0x94c c:/ti/ccsv6/tools/compiler/gcc_msp430_4.9.14r1_167/bin/../lib/gcc/msp430-elf/4.9.1/../../../../msp430-elf/lib\libc.a(lib_a-sprintf.o)
 .debug_info    0x00015452       0xc4 c:/ti/ccsv6/tools/compiler/gcc_msp430_4.9.14r1_167/bin/../lib/gcc/msp430-elf/4.9.1/../../../../msp430-elf/lib\libc.a(lib_a-strcat.o)
 .debug_info    0x00015516       0xc6 c:/ti/ccsv6/tools/compiler/gcc_msp430_4.9.14r1_167/bin/../lib/gcc/msp430-elf/4.9.1/../../../../msp430-elf/lib\libc.a(lib_a-strcpy.o)
 .debug_info    0x000155dc       0xc0 c:/ti/ccsv6/tools/compiler/gcc_msp430_4.9.14r1_167/bin/../lib/gcc/msp430-elf/4.9.1/../../../../msp430-elf/lib\libc.a(lib_a-strlen.o)
 .debug_info    0x0001569c       0xcb c:/ti/ccsv6/tools/compiler/gcc_msp430_4.9.14r1_167/bin/../lib/gcc/msp430-elf/4.9.1/../../../../msp430-elf/lib\libc.a(lib_a-strncmp.o)
 .debug_info    0x00015767       0xf1 c:/ti/ccsv6/tools/compiler/gcc_msp430_4.9.14r1_167/bin/../lib/gcc/msp430-elf/4.9.1/../../../../msp430-elf/lib\libc.a(lib_a-strncpy.o)
 .debug_info    0x00015858     0x15b1 c:/ti/ccsv6/tools/compiler/gcc_msp430_4.9.14r1_167/bin/../lib/gcc/msp430-elf/4.9.1/../../../../msp430-elf/lib\libc.a(lib_a-svfprintf.o)
 .debug_info    0x00016e09     0x134c c:/ti/ccsv6/tools/compiler/gcc_msp430_4.9.14r1_167/bin/../lib/gcc/msp430-elf/4.9.1/../../../../msp430-elf/lib\libc.a(lib_a-dtoa.o)
 .debug_info    0x00018155      0x896 c:/ti/ccsv6/tools/compiler/gcc_msp430_4.9.14r1_167/bin/../lib/gcc/msp430-elf/4.9.1/../../../../msp430-elf/lib\libc.a(lib_a-impure.o)
 .debug_info    0x000189eb      0xb7a c:/ti/ccsv6/tools/compiler/gcc_msp430_4.9.14r1_167/bin/../lib/gcc/msp430-elf/4.9.1/../../../../msp430-elf/lib\libc.a(lib_a-locale.o)
 .debug_info    0x00019565      0x884 c:/ti/ccsv6/tools/compiler/gcc_msp430_4.9.14r1_167/bin/../lib/gcc/msp430-elf/4.9.1/../../../../msp430-elf/lib\libc.a(lib_a-malloc.o)
 .debug_info    0x00019de9     0x166c c:/ti/ccsv6/tools/compiler/gcc_msp430_4.9.14r1_167/bin/../lib/gcc/msp430-elf/4.9.1/../../../../msp430-elf/lib\libc.a(lib_a-mprec.o)
 .debug_info    0x0001b455      0x8a8 c:/ti/ccsv6/tools/compiler/gcc_msp430_4.9.14r1_167/bin/../lib/gcc/msp430-elf/4.9.1/../../../../msp430-elf/lib\libc.a(lib_a-nano-callocr.o)
 .debug_info    0x0001bcfd      0x8e1 c:/ti/ccsv6/tools/compiler/gcc_msp430_4.9.14r1_167/bin/../lib/gcc/msp430-elf/4.9.1/../../../../msp430-elf/lib\libc.a(lib_a-nano-freer.o)
 .debug_info    0x0001c5de      0x9bd c:/ti/ccsv6/tools/compiler/gcc_msp430_4.9.14r1_167/bin/../lib/gcc/msp430-elf/4.9.1/../../../../msp430-elf/lib\libc.a(lib_a-nano-mallocr.o)
 .debug_info    0x0001cf9b      0x9cb c:/ti/ccsv6/tools/compiler/gcc_msp430_4.9.14r1_167/bin/../lib/gcc/msp430-elf/4.9.1/../../../../msp430-elf/lib\libc.a(lib_a-reent.o)
 .debug_info    0x0001d966      0x141 c:/ti/ccsv6/tools/compiler/gcc_msp430_4.9.14r1_167/bin/../lib/gcc/msp430-elf/4.9.1/../../../../msp430-elf/lib\libc.a(lib_a-s_fpclassify.o)
 .debug_info    0x0001daa7      0x863 c:/ti/ccsv6/tools/compiler/gcc_msp430_4.9.14r1_167/bin/../lib/gcc/msp430-elf/4.9.1/../../../../msp430-elf/lib\libc.a(lib_a-sbrkr.o)
 .debug_info    0x0001e30a       0xb3 c:/ti/ccsv6/tools/compiler/gcc_msp430_4.9.14r1_167/bin/../lib/gcc/msp430-elf/4.9.1/../../../../msp430-elf/lib\libc.a(lib_a-strcmp.o)
 .debug_info    0x0001e3bd      0xf6a c:/ti/ccsv6/tools/compiler/gcc_msp430_4.9.14r1_167/bin/../lib/gcc/msp430-elf/4.9.1/../../../../msp430-elf/lib\libc.a(lib_a-svfiprintf.o)
 .debug_info    0x0001f327      0x976 c:/ti/ccsv6/tools/compiler/gcc_msp430_4.9.14r1_167/bin/../lib/gcc/msp430-elf/4.9.1/../../../../msp430-elf/lib\libc.a(lib_a-nano-reallocr.o)
 .debug_info    0x0001fc9d      0x87c c:/ti/ccsv6/tools/compiler/gcc_msp430_4.9.14r1_167/bin/../lib/gcc/msp430-elf/4.9.1/../../../../msp430-elf/lib\libc.a(lib_a-nano-msizer.o)
 .debug_info    0x00020519      0x571 c:/ti/ccsv6/tools/compiler/gcc_msp430_4.9.14r1_167/bin/../lib/gcc/msp430-elf/4.9.1\libgcc.a(_addsub_df.o)
 .debug_info    0x00020a8a      0x4c3 c:/ti/ccsv6/tools/compiler/gcc_msp430_4.9.14r1_167/bin/../lib/gcc/msp430-elf/4.9.1\libgcc.a(_mul_df.o)
 .debug_info    0x00020f4d      0x3c8 c:/ti/ccsv6/tools/compiler/gcc_msp430_4.9.14r1_167/bin/../lib/gcc/msp430-elf/4.9.1\libgcc.a(_div_df.o)
 .debug_info    0x00021315      0x2f6 c:/ti/ccsv6/tools/compiler/gcc_msp430_4.9.14r1_167/bin/../lib/gcc/msp430-elf/4.9.1\libgcc.a(_eq_df.o)
 .debug_info    0x0002160b      0x2f6 c:/ti/ccsv6/tools/compiler/gcc_msp430_4.9.14r1_167/bin/../lib/gcc/msp430-elf/4.9.1\libgcc.a(_ne_df.o)
 .debug_info    0x00021901      0x2f6 c:/ti/ccsv6/tools/compiler/gcc_msp430_4.9.14r1_167/bin/../lib/gcc/msp430-elf/4.9.1\libgcc.a(_gt_df.o)
 .debug_info    0x00021bf7      0x2f6 c:/ti/ccsv6/tools/compiler/gcc_msp430_4.9.14r1_167/bin/../lib/gcc/msp430-elf/4.9.1\libgcc.a(_ge_df.o)
 .debug_info    0x00021eed      0x2f6 c:/ti/ccsv6/tools/compiler/gcc_msp430_4.9.14r1_167/bin/../lib/gcc/msp430-elf/4.9.1\libgcc.a(_lt_df.o)
 .debug_info    0x000221e3      0x254 c:/ti/ccsv6/tools/compiler/gcc_msp430_4.9.14r1_167/bin/../lib/gcc/msp430-elf/4.9.1\libgcc.a(_si_to_df.o)
 .debug_info    0x00022437      0x2e0 c:/ti/ccsv6/tools/compiler/gcc_msp430_4.9.14r1_167/bin/../lib/gcc/msp430-elf/4.9.1\libgcc.a(_df_to_si.o)
 .debug_info    0x00022717      0x15a c:/ti/ccsv6/tools/compiler/gcc_msp430_4.9.14r1_167/bin/../lib/gcc/msp430-elf/4.9.1\libgcc.a(_thenan_df.o)
 .debug_info    0x00022871      0x23d c:/ti/ccsv6/tools/compiler/gcc_msp430_4.9.14r1_167/bin/../lib/gcc/msp430-elf/4.9.1\libgcc.a(_usi_to_df.o)
 .debug_info    0x00022aae      0x250 c:/ti/ccsv6/tools/compiler/gcc_msp430_4.9.14r1_167/bin/../lib/gcc/msp430-elf/4.9.1\libgcc.a(lib2divHI.o)
 .debug_info    0x00022cfe      0x266 c:/ti/ccsv6/tools/compiler/gcc_msp430_4.9.14r1_167/bin/../lib/gcc/msp430-elf/4.9.1\libgcc.a(lib2divSI.o)
 .debug_info    0x00022f64      0x226 c:/ti/ccsv6/tools/compiler/gcc_msp430_4.9.14r1_167/bin/../lib/gcc/msp430-elf/4.9.1\libgcc.a(_muldi3.o)
 .debug_info    0x0002318a      0x187 c:/ti/ccsv6/tools/compiler/gcc_msp430_4.9.14r1_167/bin/../lib/gcc/msp430-elf/4.9.1\libgcc.a(_lshrdi3.o)
 .debug_info    0x00023311      0x186 c:/ti/ccsv6/tools/compiler/gcc_msp430_4.9.14r1_167/bin/../lib/gcc/msp430-elf/4.9.1\libgcc.a(_ashldi3.o)
 .debug_info    0x00023497      0x128 c:/ti/ccsv6/tools/compiler/gcc_msp430_4.9.14r1_167/bin/../lib/gcc/msp430-elf/4.9.1\libgcc.a(_clzsi2.o)
 .debug_info    0x000235bf      0x2d7 c:/ti/ccsv6/tools/compiler/gcc_msp430_4.9.14r1_167/bin/../lib/gcc/msp430-elf/4.9.1\libgcc.a(_pack_df.o)
 .debug_info    0x00023896      0x265 c:/ti/ccsv6/tools/compiler/gcc_msp430_4.9.14r1_167/bin/../lib/gcc/msp430-elf/4.9.1\libgcc.a(_unpack_df.o)
 .debug_info    0x00023afb      0x1ed c:/ti/ccsv6/tools/compiler/gcc_msp430_4.9.14r1_167/bin/../lib/gcc/msp430-elf/4.9.1\libgcc.a(_fpcmp_parts_df.o)
 .debug_info    0x00023ce8      0x14e c:/ti/ccsv6/tools/compiler/gcc_msp430_4.9.14r1_167/bin/../lib/gcc/msp430-elf/4.9.1\libgcc.a(lib2mul.o)
 .debug_info    0x00023e36       0xb2 c:/ti/ccsv6/tools/compiler/gcc_msp430_4.9.14r1_167/bin/../lib/gcc/msp430-elf/4.9.1\libgcc.a(_clz.o)

.debug_abbrev   0x00000000     0xa02c
 *(.debug_abbrev)
 .debug_abbrev  0x00000000       0x5d ./platform/usb_msp/descriptors.o
 .debug_abbrev  0x0000005d      0x2c8 ./platform/usb_msp/usb_hardware.o
 .debug_abbrev  0x00000325      0x2cd ./platform/usb_api/usb.o
 .debug_abbrev  0x000005f2      0x2d0 ./platform/usb_api/usb_cdc.o
 .debug_abbrev  0x000008c2       0x67 ./platform/torrija/utils/random.o
 .debug_abbrev  0x00000929      0x137 ./platform/torrija/utils/sense_utils.o
 .debug_abbrev  0x00000a60      0x354 ./platform/torrija/nd-opt/sicslowpan.o
 .debug_abbrev  0x00000db4      0x35a ./platform/torrija/nd-opt/tcpip.o
 .debug_abbrev  0x0000110e      0x315 ./platform/torrija/nd-opt/uip-ds6.o
 .debug_abbrev  0x00001423      0x2db ./platform/torrija/nd-opt/uip-nd6.o
 .debug_abbrev  0x000016fe      0x114 ./platform/torrija/clock_arch.o
 .debug_abbrev  0x00001812      0x19e ./platform/torrija/contiki-torrija-host-main.o
 .debug_abbrev  0x000019b0      0x15b ./platform/torrija/mtarch.o
 .debug_abbrev  0x00001b0b      0x1a2 ./platform/torrija/dev/buttons.o
 .debug_abbrev  0x00001cad      0x25c ./platform/torrija/dev/cc2520_process.o
 .debug_abbrev  0x00001f09      0x2f7 ./platform/torrija/dev/cc2520ll.o
 .debug_abbrev  0x00002200      0x1f5 ./platform/torrija/dev/hal_cc2520.o
 .debug_abbrev  0x000023f5       0x75 ./platform/torrija/dev/leds_torrija.o
 .debug_abbrev  0x0000246a       0xdc ./platform/torrija/dev/msp430_arch.o
 .debug_abbrev  0x00002546      0x211 ./platform/rfid/trf_hardware.o
 .debug_abbrev  0x00002757       0xcb ./platform/rfid/trf_parallel.o
 .debug_abbrev  0x00002822       0xf3 ./core/sys/autostart.o
 .debug_abbrev  0x00002915      0x252 ./core/sys/etimer.o
 .debug_abbrev  0x00002b67      0x2ec ./core/sys/process.o
 .debug_abbrev  0x00002e53       0xc5 ./core/sys/stimer.o
 .debug_abbrev  0x00002f18       0xdf ./core/sys/timer.o
 .debug_abbrev  0x00002ff7       0xd1 ./core/net/netstack.o
 .debug_abbrev  0x000030c8      0x270 ./core/net/packetbuf.o
 .debug_abbrev  0x00003338      0x1a8 ./core/net/queuebuf.o
 .debug_abbrev  0x000034e0      0x15c ./core/net/uip-icmp6.o
 .debug_abbrev  0x0000363c      0x1ab ./core/net/uip-udp-packet.o
 .debug_abbrev  0x000037e7      0x2ec ./core/net/uip6.o
 .debug_abbrev  0x00003ad3       0xff ./core/net/rime/rimeaddr.o
 .debug_abbrev  0x00003bd2      0x1c4 ./core/net/mac/frame802154.o
 .debug_abbrev  0x00003d96      0x14f ./core/net/mac/nullmac.o
 .debug_abbrev  0x00003ee5      0x26a ./core/net/mac/sicslowmac.o
 .debug_abbrev  0x0000414f      0x149 ./core/lib/list.o
 .debug_abbrev  0x00004298       0xf5 ./core/lib/memb.o
 .debug_abbrev  0x0000438d      0x118 ./apps/rest-common/buffer.o
 .debug_abbrev  0x000044a5      0x139 ./apps/rest-common/rest-util.o
 .debug_abbrev  0x000045de      0x38b ./apps/rest-common/rest.o
 .debug_abbrev  0x00004969      0x141 ./apps/rest-coap/coap-common.o
 .debug_abbrev  0x00004aaa      0x431 ./apps/rest-coap/coap-server.o
 .debug_abbrev  0x00004edb      0x209 ./apps/coap-app/coap_app.o
 .debug_abbrev  0x000050e4      0x21c ./apps/coap-app/coap_app_client.o
 .debug_abbrev  0x00005300      0x265 ./apps/application-usb/usb-processes.o
 .debug_abbrev  0x00005565      0x236 ./apps/application-rfid/rfid-processes.o
 .debug_abbrev  0x0000579b       0x93 c:/ti/ccsv6/tools/compiler/gcc_msp430_4.9.14r1_167/bin/../lib/gcc/msp430-elf/4.9.1/../../../../msp430-elf/lib\libc.a(lib_a-abort.o)
 .debug_abbrev  0x0000582e       0x4c c:/ti/ccsv6/tools/compiler/gcc_msp430_4.9.14r1_167/bin/../lib/gcc/msp430-elf/4.9.1/../../../../msp430-elf/lib\libc.a(lib_a-ctype_.o)
 .debug_abbrev  0x0000587a       0xa9 c:/ti/ccsv6/tools/compiler/gcc_msp430_4.9.14r1_167/bin/../lib/gcc/msp430-elf/4.9.1/../../../../msp430-elf/lib\libc.a(lib_a-memchr.o)
 .debug_abbrev  0x00005923       0x8c c:/ti/ccsv6/tools/compiler/gcc_msp430_4.9.14r1_167/bin/../lib/gcc/msp430-elf/4.9.1/../../../../msp430-elf/lib\libc.a(lib_a-memcmp.o)
 .debug_abbrev  0x000059af       0xa2 c:/ti/ccsv6/tools/compiler/gcc_msp430_4.9.14r1_167/bin/../lib/gcc/msp430-elf/4.9.1/../../../../msp430-elf/lib\libc.a(lib_a-memcpy.o)
 .debug_abbrev  0x00005a51       0x9a c:/ti/ccsv6/tools/compiler/gcc_msp430_4.9.14r1_167/bin/../lib/gcc/msp430-elf/4.9.1/../../../../msp430-elf/lib\libc.a(lib_a-memmove.o)
 .debug_abbrev  0x00005aeb       0x8c c:/ti/ccsv6/tools/compiler/gcc_msp430_4.9.14r1_167/bin/../lib/gcc/msp430-elf/4.9.1/../../../../msp430-elf/lib\libc.a(lib_a-memset.o)
 .debug_abbrev  0x00005b77      0x24a c:/ti/ccsv6/tools/compiler/gcc_msp430_4.9.14r1_167/bin/../lib/gcc/msp430-elf/4.9.1/../../../../msp430-elf/lib\libc.a(lib_a-signal.o)
 .debug_abbrev  0x00005dc1      0x1a6 c:/ti/ccsv6/tools/compiler/gcc_msp430_4.9.14r1_167/bin/../lib/gcc/msp430-elf/4.9.1/../../../../msp430-elf/lib\libc.a(lib_a-signalr.o)
 .debug_abbrev  0x00005f67      0x1be c:/ti/ccsv6/tools/compiler/gcc_msp430_4.9.14r1_167/bin/../lib/gcc/msp430-elf/4.9.1/../../../../msp430-elf/lib\libc.a(lib_a-sprintf.o)
 .debug_abbrev  0x00006125       0x70 c:/ti/ccsv6/tools/compiler/gcc_msp430_4.9.14r1_167/bin/../lib/gcc/msp430-elf/4.9.1/../../../../msp430-elf/lib\libc.a(lib_a-strcat.o)
 .debug_abbrev  0x00006195       0x70 c:/ti/ccsv6/tools/compiler/gcc_msp430_4.9.14r1_167/bin/../lib/gcc/msp430-elf/4.9.1/../../../../msp430-elf/lib\libc.a(lib_a-strcpy.o)
 .debug_abbrev  0x00006205       0x7d c:/ti/ccsv6/tools/compiler/gcc_msp430_4.9.14r1_167/bin/../lib/gcc/msp430-elf/4.9.1/../../../../msp430-elf/lib\libc.a(lib_a-strlen.o)
 .debug_abbrev  0x00006282       0x6e c:/ti/ccsv6/tools/compiler/gcc_msp430_4.9.14r1_167/bin/../lib/gcc/msp430-elf/4.9.1/../../../../msp430-elf/lib\libc.a(lib_a-strncmp.o)
 .debug_abbrev  0x000062f0       0x8c c:/ti/ccsv6/tools/compiler/gcc_msp430_4.9.14r1_167/bin/../lib/gcc/msp430-elf/4.9.1/../../../../msp430-elf/lib\libc.a(lib_a-strncpy.o)
 .debug_abbrev  0x0000637c      0x367 c:/ti/ccsv6/tools/compiler/gcc_msp430_4.9.14r1_167/bin/../lib/gcc/msp430-elf/4.9.1/../../../../msp430-elf/lib\libc.a(lib_a-svfprintf.o)
 .debug_abbrev  0x000066e3      0x2c9 c:/ti/ccsv6/tools/compiler/gcc_msp430_4.9.14r1_167/bin/../lib/gcc/msp430-elf/4.9.1/../../../../msp430-elf/lib\libc.a(lib_a-dtoa.o)