******************************************************************************
                  MSP430 Linker PC v4.4.3                      
******************************************************************************
>> Linked Tue Jun 23 23:00:16 2015

OUTPUT FILE NAME:   <test_CCS_project_Torrija.out>
ENTRY POINT SYMBOL: "_c_int00_noargs_noexit"  address: 000045da


MEMORY CONFIGURATION

         name            origin    length      used     unused   attr    fill
----------------------  --------  ---------  --------  --------  ----  --------
  SFR                   00000000   00000010  00000000  00000010  RWIX
  PERIPHERALS_8BIT      00000010   000000f0  00000000  000000f0  RWIX
  PERIPHERALS_16BIT     00000100   00000100  00000000  00000100  RWIX
  INFOD                 00001800   00000080  00000000  00000080  RWIX
  INFOC                 00001880   00000080  00000000  00000080  RWIX
  INFOB                 00001900   00000080  00000000  00000080  RWIX
  INFOA                 00001980   00000080  00000000  00000080  RWIX
  RAM                   00002400   00002000  00001830  000007d0  RWIX
  FLASH                 00004400   0000bb80  000078d0  000042b0  RWIX
  INT00                 0000ff80   00000002  00000002  00000000  RWIX
  INT01                 0000ff82   00000002  00000002  00000000  RWIX
  INT02                 0000ff84   00000002  00000002  00000000  RWIX
  INT03                 0000ff86   00000002  00000002  00000000  RWIX
  INT04                 0000ff88   00000002  00000002  00000000  RWIX
  INT05                 0000ff8a   00000002  00000002  00000000  RWIX
  INT06                 0000ff8c   00000002  00000002  00000000  RWIX
  INT07                 0000ff8e   00000002  00000002  00000000  RWIX
  INT08                 0000ff90   00000002  00000002  00000000  RWIX
  INT09                 0000ff92   00000002  00000002  00000000  RWIX
  INT10                 0000ff94   00000002  00000002  00000000  RWIX
  INT11                 0000ff96   00000002  00000002  00000000  RWIX
  INT12                 0000ff98   00000002  00000002  00000000  RWIX
  INT13                 0000ff9a   00000002  00000002  00000000  RWIX
  INT14                 0000ff9c   00000002  00000002  00000000  RWIX
  INT15                 0000ff9e   00000002  00000002  00000000  RWIX
  INT16                 0000ffa0   00000002  00000002  00000000  RWIX
  INT17                 0000ffa2   00000002  00000002  00000000  RWIX
  INT18                 0000ffa4   00000002  00000002  00000000  RWIX
  INT19                 0000ffa6   00000002  00000002  00000000  RWIX
  INT20                 0000ffa8   00000002  00000002  00000000  RWIX
  INT21                 0000ffaa   00000002  00000002  00000000  RWIX
  INT22                 0000ffac   00000002  00000002  00000000  RWIX
  INT23                 0000ffae   00000002  00000002  00000000  RWIX
  INT24                 0000ffb0   00000002  00000002  00000000  RWIX
  INT25                 0000ffb2   00000002  00000002  00000000  RWIX
  INT26                 0000ffb4   00000002  00000002  00000000  RWIX
  INT27                 0000ffb6   00000002  00000002  00000000  RWIX
  INT28                 0000ffb8   00000002  00000002  00000000  RWIX
  INT29                 0000ffba   00000002  00000002  00000000  RWIX
  INT30                 0000ffbc   00000002  00000002  00000000  RWIX
  INT31                 0000ffbe   00000002  00000002  00000000  RWIX
  INT32                 0000ffc0   00000002  00000002  00000000  RWIX
  INT33                 0000ffc2   00000002  00000002  00000000  RWIX
  INT34                 0000ffc4   00000002  00000002  00000000  RWIX
  INT35                 0000ffc6   00000002  00000002  00000000  RWIX
  INT36                 0000ffc8   00000002  00000002  00000000  RWIX
  INT37                 0000ffca   00000002  00000002  00000000  RWIX
  INT38                 0000ffcc   00000002  00000002  00000000  RWIX
  INT39                 0000ffce   00000002  00000002  00000000  RWIX
  INT40                 0000ffd0   00000002  00000002  00000000  RWIX
  INT41                 0000ffd2   00000002  00000002  00000000  RWIX
  INT42                 0000ffd4   00000002  00000002  00000000  RWIX
  INT43                 0000ffd6   00000002  00000002  00000000  RWIX
  INT44                 0000ffd8   00000002  00000002  00000000  RWIX
  INT45                 0000ffda   00000002  00000002  00000000  RWIX
  INT46                 0000ffdc   00000002  00000002  00000000  RWIX
  INT47                 0000ffde   00000002  00000002  00000000  RWIX
  INT48                 0000ffe0   00000002  00000002  00000000  RWIX
  INT49                 0000ffe2   00000002  00000002  00000000  RWIX
  INT50                 0000ffe4   00000002  00000002  00000000  RWIX
  INT51                 0000ffe6   00000002  00000002  00000000  RWIX
  INT52                 0000ffe8   00000002  00000002  00000000  RWIX
  INT53                 0000ffea   00000002  00000002  00000000  RWIX
  INT54                 0000ffec   00000002  00000002  00000000  RWIX
  INT55                 0000ffee   00000002  00000002  00000000  RWIX
  INT56                 0000fff0   00000002  00000002  00000000  RWIX
  INT57                 0000fff2   00000002  00000002  00000000  RWIX
  INT58                 0000fff4   00000002  00000002  00000000  RWIX
  INT59                 0000fff6   00000002  00000002  00000000  RWIX
  INT60                 0000fff8   00000002  00000002  00000000  RWIX
  INT61                 0000fffa   00000002  00000002  00000000  RWIX
  INT62                 0000fffc   00000002  00000002  00000000  RWIX
  RESET                 0000fffe   00000002  00000002  00000000  RWIX
  FLASH2                00010000   00014400  00000000  00014400  RWIX


SECTION ALLOCATION MAP

 output                                  attributes/
section   page    origin      length       input sections
--------  ----  ----------  ----------   ----------------
.bss       0    00002400    0000151e     UNINITIALIZED
                  00002400    00000690     (.common:bufmem_memb_mem)
                  00002a90    00000200     (.common:ringBuffer)
                  00002c90    00000140     (.common:events)
                  00002dd0    0000012c     (.common:buf)
                  00002efc    0000012c     (.common:uip_udp_conns)
                  00003028    00000100     (.common:data_buffer)
                  00003128    000000c8     (.common:uip_ds6_routing_table)
                  000031f0    000000c0     (.common:uip_ds6_nbr_cache)
                  000032b0    000000b2     (.common:packetbuf_aligned)
                  00003362    000000a0     (.common:uip_aligned_buf)
                  00003402    00000082     (.common:uip_ds6_if)
                  00003484    00000080     (.common:rxMpdu)
                  00003504    00000070     (.common:refbufmem_memb_mem)
                  00003574    00000070     (.common:uip_ds6_reg_list)
                  000035e4    0000005a     (.common:uip_ds6_prefix_list)
                  0000363e    0000003c     (.common:uip_ds6_addr_context_table)
                  0000367a    0000003c     (.common:uip_ds6_defrt_list)
                  000036b6    00000030     (.common:packetbuf_attrs)
                  000036e6    00000028     (.common:registered_processes)
                  0000370e    00000022     (.common:abramSerialStringDescriptor)
                  00003730    00000020     (.common:packetbuf_addrs)
                  00003750    0000001a     (.common:CdcReadCtrl)
                  0000376a    00000012     (.common:slotNo$9)
                  0000377c    00000010     (.common:ipaddr)
                  0000378c    00000010     (.common:loc_fipaddr)
                  0000379c    00000010     (.common:server_ipaddr)
                  000037ac    00000010     (.common:tmp_ipaddr)
                  000037bc    0000000c     (.common:find$2)
                  000037c8    0000000c     (.common:i_r$15)
                  000037d4    0000000c     (.common:periodic)
                  000037e0    0000000c     (.common:rxBuffer)
                  000037ec    0000000c     (.common:uip_ds6_timer_periodic)
                  000037f8    0000000a     (.common:CdcWriteCtrl)
                  00003802    00000008     (.common:abUsbRequestIncomingData)
                  0000380a    00000008     (.common:abUsbRequestReturnData)
                  00003812    00000008     (.common:bufmem_memb_count)
                  0000381a    00000008     (.common:rimeaddr_node_addr)
                  00003822    00000008     (.common:uip_lladdr)
                  0000382a    00000004     (.common:PslotNo$8)
                  0000382e    00000004     (.common:USB_RX_memcpy)
                  00003832    00000004     (.common:USB_TX_memcpy)
                  00003836    00000004     (.common:addr)
                  0000383a    00000004     (.common:button1_timer)
                  0000383e    00000004     (.common:button2_timer)
                  00003842    00000004     (.common:client_conn)
                  00003846    00000004     (.common:com)
                  0000384a    00000004     (.common:context)
                  0000384e    00000004     (.common:data$2)
                  00003852    00000004     (.common:defrt)
                  00003856    00000004     (.common:dest_context)
                  0000385a    00000004     (.common:hc06_ptr)
                  0000385e    00000004     (.common:locaddr)
                  00003862    00000004     (.common:loccontext)
                  00003866    00000004     (.common:locdefrt)
                  0000386a    00000004     (.common:locipaddr)
                  0000386e    00000004     (.common:locmaddr)
                  00003872    00000004     (.common:locnbr)
                  00003876    00000004     (.common:locprefix)
                  0000387a    00000004     (.common:locreg)
                  0000387e    00000004     (.common:locroute)
                  00003882    00000004     (.common:min_defrt)
                  00003886    00000004     (.common:min_lifetime)
                  0000388a    00000004     (.common:nbr)
                  0000388e    00000004     (.common:nd6_opt_6co)
                  00003892    00000004     (.common:nd6_opt_aro)
                  00003896    00000004     (.common:nd6_opt_llao)
                  0000389a    00000004     (.common:nd6_opt_prefix_info)
                  0000389e    00000004     (.common:outputfunc)
                  000038a2    00000004     (.common:p$4)
                  000038a6    00000004     (.common:pConfig)
                  000038aa    00000004     (.common:packetbufptr)
                  000038ae    00000004     (.common:pbIEP0Buffer)
                  000038b2    00000004     (.common:pbOEP0Buffer)
                  000038b6    00000004     (.common:prefix)
                  000038ba    00000004     (.common:reg)
                  000038be    00000004     (.common:registered_proc)
                  000038c2    00000004     (.common:rime_ptr)
                  000038c6    00000004     (.common:sicslowpan_mac)
                  000038ca    00000004     (.common:src_context)
                  000038ce    00000004     (.common:timerlist)
                  000038d2    00000004     (.common:uip_appdata)
                  000038d6    00000004     (.common:uip_conn)
                  000038da    00000004     (.common:uip_ds6_timer_rs)
                  000038de    00000004     (.common:uip_next_hdr)
                  000038e2    00000004     (.common:uip_sappdata)
                  000038e6    00000004     (.common:uip_udp_conn)
                  000038ea    00000002     (.common:buflen)
                  000038ec    00000002     (.common:bufptr)
                  000038ee    00000002     (.common:lastport)
                  000038f0    00000002     (.common:msg)
                  000038f2    00000002     (.common:next_expiration)
                  000038f4    00000002     (.common:refbufmem_memb_count)
                  000038f6    00000002     (.common:ticks)
                  000038f8    00000002     (.common:uip_len)
                  000038fa    00000002     (.common:uip_slen)
                  000038fc    00000002     (.common:wBytesRemainingOnIEP0)
                  000038fe    00000002     (.common:wBytesRemainingOnOEP0)
                  00003900    00000002     (.common:xact_id)
                  00003902    00000001     (.common:CollPoss)
                  00003903    00000001     (.common:RXErrorFlag)
                  00003904    00000001     (.common:RXTXstate)
                  00003905    00000001     (.common:bConfigurationNumber)
                  00003906    00000001     (.common:bInterfaceNumber)
                  00003907    00000001     (.common:bRemoteWakeup)
                  00003908    00000001     (.common:bStatusAction)
                  00003909    00000001     (.common:bZeroPacketSent$1)
                  0000390a    00000001     (.common:buffer_index)
                  0000390b    00000001     (.common:buffer_size)
                  0000390c    00000001     (.common:c)
                  0000390d    00000001     (.common:command$5)
                  0000390e    00000001     (.common:ev$1)
                  0000390f    00000001     (.common:fevent)
                  00003910    00000001     (.common:hdrptr)
                  00003911    00000001     (.common:i_reg)
                  00003912    00000001     (.common:lastevent)
                  00003913    00000001     (.common:length$6)
                  00003914    00000001     (.common:mac_dsn)
                  00003915    00000001     (.common:nd6_opt_offset)
                  00003916    00000001     (.common:nevents)
                  00003917    00000001     (.common:poll_requested)
                  00003918    00000001     (.common:recursive$7)
                  00003919    00000001     (.common:rime_hdr_len)
                  0000391a    00000001     (.common:rime_payload_len)
                  0000391b    00000001     (.common:tcpip_event)
                  0000391c    00000001     (.common:uip_flags)
                  0000391d    00000001     (.common:uncomp_hdr_len)

.stack     0    00004360    000000a0     UNINITIALIZED
                  00004360    00000004     rts430x_lc_rd_eabi.lib : boot.obj (.stack)
                  00004364    0000009c     --HOLE--

.text:_isr 
*          0    00004400    000001fa     
                  00004400    000000d0     usb_hardware.obj (.text:_isr:iUsbInterruptHandler)
                  000044d0    0000003e     trf_hardware.obj (.text:_isr:TimerAhandler)
                  0000450e    00000038     msp430_arch.obj (.text:_isr:port1_interrupt)
                  00004546    00000036     usb-processes.obj (.text:_isr:UNMI_ISR)
                  0000457c    00000032     msp430_arch.obj (.text:_isr:port2_interrupt)
                  000045ae    0000002c     clock_arch.obj (.text:_isr:timer_interrupt)
                  000045da    0000001a     rts430x_lc_rd_eabi.lib : boot_special.obj (.text:_isr:_c_int00_noargs_noexit)
                  000045f4    00000006                            : isr_trap.obj (.text:_isr:__TI_ISR_TRAP)

.const     0    0000b856    000003b0     
                  0000b856    0000010a     usb.obj (.const:tUsbRequestList)
                  0000b960    0000009c     descriptors.obj (.const:.string:abromStringDescriptor)
                  0000b9fc    00000074     usb-processes.obj (.const:.string)
                  0000ba70    0000004a     rfid-processes.obj (.const:.string)
                  0000baba    00000035     descriptors.obj (.const:.string:abromConfigurationDescriptorGroup)
                  0000baef    00000001     --HOLE-- [fill = 0]
                  0000baf0    0000002a     coap_app_client.obj (.const:.string)
                  0000bb1a    00000028     cc2520_process.obj (.const)
                  0000bb42    0000001c     nullmac.obj (.const)
                  0000bb5e    0000001c     sicslowmac.obj (.const)
                  0000bb7a    00000014     rts430x_lc_rd_eabi.lib : _printfi_min.obj (.const:.string)
                  0000bb8e    00000012     descriptors.obj (.const:.string:abromDeviceDescriptor)
                  0000bba0    00000010     cc2520_process.obj (.const:.string)
                  0000bbb0    0000000e     tcpip.obj (.const:.string)
                  0000bbbe    0000000c     etimer.obj (.const:.string)
                  0000bbca    0000000c     sicslowmac.obj (.const:.string)
                  0000bbd6    0000000c     sicslowpan.obj (.const:.string)
                  0000bbe2    0000000c     sicslowpan.obj (.const)
                  0000bbee    00000008     nullmac.obj (.const:.string)
                  0000bbf6    00000008     rimeaddr.obj (.const)
                  0000bbfe    00000004     sicslowpan.obj (.const:.string:ttl_values)
                  0000bc02    00000002     sicslowpan.obj (.const:.string:llprefix)
                  0000bc04    00000002     sicslowpan.obj (.const:.string:mcast_prefix)

.cinit     0    0000bc06    000000ca     
                  0000bc06    000000a8     (.cinit..data.load) [load image, compression = rle]
                  0000bcae    0000000c     (__TI_handler_table)
                  0000bcba    00000006     (.cinit..bss.load) [load image, compression = zero_init]
                  0000bcc0    00000010     (__TI_cinit_table)

.TI.noinit 
*          0    00002400    00000000     UNINITIALIZED

.data      0    0000391e    00000272     UNINITIALIZED
                  0000391e    00000084     usb-processes.obj (.data)
                  000039a2    00000060     usb-processes.obj (.data:wholeString)
                  00003a02    00000032     coap_app_client.obj (.data:outStr_buf)
                  00003a34    00000032     rfid-processes.obj (.data:outStr_buf)
                  00003a66    00000028     cc2520ll.obj (.data:regval)
                  00003a8e    00000028     rfid-processes.obj (.data)
                  00003ab6    00000020     msp430_arch.obj (.data:port1_vector)
                  00003ad6    00000020     msp430_arch.obj (.data:port2_vector)
                  00003af6    00000018     queuebuf.obj (.data)
                  00003b0e    00000014     coap_app_client.obj (.data)
                  00003b22    00000010     cc2520_process.obj (.data)
                  00003b32    00000010     etimer.obj (.data)
                  00003b42    00000010     tcpip.obj (.data)
                  00003b52    00000009     rfid-processes.obj (.data:aux_buf)
                  00003b5b    00000001     buttons.obj (.data)
                  00003b5c    00000008     rfid-processes.obj (.data:NewMask$10)
                  00003b64    00000008     sicslowpan.obj (.data:iid_16_mapping)
                  00003b6c    00000008     process.obj (.data)
                  00003b74    00000007     usb_cdc.obj (.data)
                  00003b7b    00000001     uip-ds6.obj (.data)
                  00003b7c    00000006     clock_arch.obj (.data)
                  00003b82    00000004     packetbuf.obj (.data)
                  00003b86    00000004     sicslowmac.obj (.data)
                  00003b8a    00000003     uip6.obj (.data)
                  00003b8d    00000003     usb.obj (.data)

.text      0    000045fa    0000725c     
                  000045fa    000005b6     uip-nd6.obj (.text:uip_nd6_ra_input)
                  00004bb0    000004be     uip-ds6.obj (.text:uip_ds6_periodic)
                  0000506e    0000043a     sicslowpan.obj (.text:compress_hdr_hc06)
                  000054a8    00000384     uip6.obj (.text:uip_process)
                  0000582c    00000358     sicslowpan.obj (.text:uncompress_hdr_hc06)
                  00005b84    00000342     rfid-processes.obj (.text:process_thread_tagit_inventory_request)
                  00005ec6    000002dc     uip-nd6.obj (.text:uip_nd6_na_input)
                  000061a2    000002aa     usb-processes.obj (.text:parse_line)
                  0000644c    0000022a     uip-nd6.obj (.text:uip_nd6_ns_input)
                  00006676    000001fe     trf_hardware.obj (.text:InterruptHandlerReader)
                  00006874    000001de     sicslowpan.obj (.text:uncompress_addr)
                  00006a52    0000019a     frame802154.obj (.text:frame802154_parse)
                  00006bec    0000018c     usb_cdc.obj (.text:USBCDC_receiveData)
                  00006d78    00000154     sicslowpan.obj (.text:compress_addr)
                  00006ecc    00000148     uip-icmp6.obj (.text:uip_icmp6_error_output)
                  00007014    00000132     rts430x_lc_rd_eabi.lib : _printfi_min.obj (.text:_setfield)
                  00007146    00000126     frame802154.obj (.text:frame802154_create)
                  0000726c    00000124     uip-ds6.obj (.text:uip_ds6_nbr_add)
                  00007390    00000122     uip-nd6.obj (.text:uip_nd6_ns_output)
                  000074b2    0000011e     uip-ds6.obj (.text:uip_ds6_init)
                  000075d0    00000114     uip-nd6.obj (.text:uip_nd6_rs_output)
                  000076e4    00000100     sicslowmac.obj (.text:send_packet)
                  000077e4    000000ec     usb_cdc.obj (.text:CdcToHostFromBuffer)
                  000078d0    000000de     etimer.obj (.text:process_thread_etimer_process)
                  000079ae    000000de     coap-common.obj (.text:serialize_packet)
                  00007a8c    000000dc     usb_cdc.obj (.text:CdcToBufferFromHost)
                  00007b68    000000da     coap_app_client.obj (.text:process_thread_coap_app_client)
                  00007c42    000000d2     rts430x_lc_rd_eabi.lib : _printfi_min.obj (.text:__TI_printfi_minimal)
                  00007d14    000000ce     usb.obj (.text:USB_reset)
                  00007de2    000000ce     usb-processes.obj (.text:retInString)
                  00007eb0    000000cc     uip-icmp6.obj (.text:uip_icmp6_echo_request_input)
                  00007f7c    000000c6     uip-ds6.obj (.text:uip_ds6_select_src)
                  00008042    000000c4     usb.obj (.text:USB_InitSerialStringDescriptor)
                  00008106    000000c2     contiki-torrija-host-main.obj (.text:main)
                  000081c8    000000c0     rfid-processes.obj (.text:process_thread_rfid_find_tags)
                  00008288    000000ba     uip6.obj (.text:uip_udp_new)
                  00008342    000000b2     uip-ds6.obj (.text:uip_ds6_send_rs)
                  000083f4    000000ae     msp430_arch.obj (.text:msp430_init)
                  000084a2    000000ac     uip-ds6.obj (.text:uip_ds6_addr_add)
                  0000854e    000000aa     sicslowpan.obj (.text:output)
                  000085f8    000000a6     sicslowpan.obj (.text:input)
                  0000869e    000000a2     usb.obj (.text:usbDecodeAndProcessUsbRequest)
                  00008740    0000009e     process.obj (.text:exit_process)
                  000087de    0000009a     uip6.obj (.text:ext_hdr_options_process)
                  00008878    0000009a     usb-processes.obj (.text:pollhandler)
                  00008912    00000098     cc2520ll.obj (.text:cc2520ll_transmit)
                  000089aa    00000098     uip-ds6.obj (.text:uip_ds6_context_add)
                  00008a42    00000096     usb.obj (.text:USB_connectionState)
                  00008ad8    00000094     frame802154.obj (.text:field_len)
                  00008b6c    00000094     uip-ds6.obj (.text:uip_ds6_defrt_add)
                  00008c00    0000008c     sicslowmac.obj (.text:input_packet)
                  00008c8c    0000008a     process.obj (.text:do_event)
                  00008d16    00000088     uip-ds6.obj (.text:uip_ds6_prefix_add)
                  00008d9e    00000086     uip-ds6.obj (.text:uip_ds6_reg_add)
                  00008e24    00000082     tcpip.obj (.text:tcpip_ipv6_output)
                  00008ea6    0000007c     cc2520ll.obj (.text:cc2520ll_init)
                  00008f22    0000007a     usb.obj (.text:USB_enable)
                  00008f9c    00000078     tcpip.obj (.text:eventhandler)
                  00009014    00000076     cc2520ll.obj (.text:cc2520ll_config)
                  0000908a    00000074     coap-server.obj (.text:coap_set_option)
                  000090fe    00000074     usb.obj (.text:usbSendNextPacketOnIEP0)
                  00009172    00000072     usb_cdc.obj (.text:CopyUsbToBuff)
                  000091e4    00000072     usb_cdc.obj (.text:USBCDC_bytesInUSBBuffer)
                  00009256    00000072     usb_cdc.obj (.text:USBCDC_intfStatus)
                  000092c8    0000006c     rts430x_lc_rd_eabi.lib : autoinit_wdt.obj (.text:_auto_init_hold_wdt)
                  00009334    0000006a     uip-ds6.obj (.text:uip_ds6_list_loop)
                  0000939e    00000068     rts430x_lc_rd_eabi.lib : copy_decompress_rle.obj (.text:__TI_decompress_rle_core)
                  00009406    00000066     usb.obj (.text:usbGetEndpointStatus)
                  0000946c    00000064     buttons.obj (.text:buttons_init)
                  000094d0    0000005e     coap_app_client.obj (.text:send_data)
                  0000952e    0000005e     uip-ds6.obj (.text:uip_ds6_defrt_choose_min_reg)
                  0000958c    0000005c     uip-ds6.obj (.text:uip_ds6_defrt_choose)
                  000095e8    0000005a     rts430x_lc_rd_eabi.lib : _printfi_min.obj (.text:_ltostr)
                  00009642    0000005a     usb_cdc.obj (.text:sendData_inBackground)
                  0000969c    0000005a     uip-ds6.obj (.text:uip_ds6_route_lookup)
                  000096f6    00000058     cc2520ll.obj (.text:cc2520ll_packetReceive)
                  0000974e    00000058     rts430x_lc_rd_eabi.lib : div32u.obj (.text)
                  000097a6    00000054     cc2520ll.obj (.text:cc2520ll_packetReceivedISR)
                  000097fa    00000054     trf_parallel.obj (.text:trf_read_single)
                  0000984e    00000054     uip-ds6.obj (.text:uip_ds6_maddr_add)
                  000098a2    00000052     buttons.obj (.text:button1_interrupt)
                  000098f4    00000052     buttons.obj (.text:button2_interrupt)
                  00009946    00000052     usb_cdc.obj (.text:usbGetLineCoding)
                  00009998    00000050     usb_cdc.obj (.text:USBCDC_sendData)
                  000099e8    00000050     trf_hardware.obj (.text:trf_interrupt)
                  00009a38    0000004e     cc2520ll.obj (.text:cc2520ll_channel_clear)
                  00009a86    0000004c     rts430x_lc_rd_eabi.lib : _printfi_min.obj (.text:_pproc_diouxp)
                  00009ad2    0000004c     trf_parallel.obj (.text:trf_read_cont)
                  00009b1e    0000004c     uip6.obj (.text:upper_layer_chksum)
                  00009b6a    0000004c     usb.obj (.text:usbReceiveNextPacketOnOEP0)
                  00009bb6    0000004a     usb_hardware.obj (.text:SetupPacketInterruptHandler)
                  00009c00    0000004a     usb.obj (.text:USB_init)
                  00009c4a    0000004a     sense_utils.obj (.text:bufPut)
                  00009c94    0000004a     uip-ds6.obj (.text:uip_ds6_get_link_local)
                  00009cde    00000048     rts430x_lc_rd_eabi.lib : _printfi_min.obj (.text:_pproc_str)
                  00009d26    00000048     process.obj (.text:process_post)
                  00009d6e    00000048     cc2520_process.obj (.text:process_thread_cc2520_process)
                  00009db6    00000046     usb_hardware.obj (.text:SetVCoreUp)
                  00009dfc    00000046     sense_utils.obj (.text:bufGet)
                  00009e42    00000046     tcpip.obj (.text:process_thread_tcpip_process)
                  00009e88    00000044     process.obj (.text:call_process)
                  00009ecc    00000044     cc2520ll.obj (.text:cc2520ll_prepare)
                  00009f10    00000044     uip6.obj (.text:chksum)
                  00009f54    00000044     rts430x_lc_rd_eabi.lib : sprintf.obj (.text:sprintf)
                  00009f98    00000044     trf_parallel.obj (.text:trf_init_par)
                  00009fdc    00000044     etimer.obj (.text:update_time)
                  0000a020    00000042     usb_hardware.obj (.text:PWRVBUSoffHandler)
                  0000a062    00000042     usb.obj (.text:usbSetEndpointFeature)
                  0000a0a4    00000040     etimer.obj (.text:add_timer)
                  0000a0e4    00000040     cc2520ll.obj (.text:cc2520ll_spiInit)
                  0000a124    00000040     usb-processes.obj (.text:process_thread_usb_input_process)
                  0000a164    0000003e     rts430x_lc_rd_eabi.lib : _printfi_min.obj (.text:_getarg_diouxp)
                  0000a1a2    0000003e                            : lsl32.obj (.text:l_lsl_const)
                  0000a1e0    0000003e                            : lsr32.obj (.text:l_lsr_const)
                  0000a21e    0000003e     usb.obj (.text:usbGetStringDescriptor)
                  0000a25c    0000003c     usb_hardware.obj (.text:Get_TLV_info)
                  0000a298    0000003c     usb_hardware.obj (.text:SetVCoreDown)
                  0000a2d4    0000003c     usb.obj (.text:usbClearEndpointFeature)
                  0000a310    0000003a     coap-common.obj (.text:init_packet)
                  0000a34a    00000038     cc2520ll.obj (.text:cc2520ll_waitRadioReady)
                  0000a382    00000038     uip-ds6.obj (.text:uip_ds6_context_lookup_by_prefix)
                  0000a3ba    00000036     hal_cc2520.obj (.text:CC2520_MEMWR16)
                  0000a3f0    00000036     usb_cdc.obj (.text:Handler_SetLineCoding)
                  0000a426    00000036     uip-ds6.obj (.text:get_match_length)
                  0000a45c    00000036     usb_cdc.obj (.text:receiveDataInBuffer)
                  0000a492    00000036     uip-ds6.obj (.text:uip_ds6_addr_lookup)
                  0000a4c8    00000034     uip-ds6.obj (.text:beb_next)
                  0000a4fc    00000034     sicslowmac.obj (.text:is_broadcast_addr)
                  0000a530    00000034     uip-ds6.obj (.text:uip_ds6_defrt_lookup)
                  0000a564    00000034     uip-ds6.obj (.text:uip_ds6_maddr_lookup)
                  0000a598    00000034     uip-ds6.obj (.text:uip_ds6_nbr_lookup)
                  0000a5cc    00000034     uip-ds6.obj (.text:uip_ds6_prefix_lookup)
                  0000a600    00000032     usb.obj (.text:USB_connectionInfo)
                  0000a632    00000032     usb.obj (.text:USB_suspend)
                  0000a664    00000032     process.obj (.text:do_poll)
                  0000a696    00000032     rfid-processes.obj (.text:end_find_tagit)
                  0000a6c8    00000032     rts430x_lc_rd_eabi.lib : strncpy.obj (.text:strncpy)
                  0000a6fa    00000032     tcpip.obj (.text:tcpip_uipcall)
                  0000a72c    00000032     uip-ds6.obj (.text:uip_ds6_compute_reachable_time)
                  0000a75e    00000032     uip-ds6.obj (.text:uip_ds6_reg_cleanup_addr)
                  0000a790    00000030     usb_hardware.obj (.text:PWRVBUSonHandler)
                  0000a7c0    00000030     usb_hardware.obj (.text:SetVCore)
                  0000a7f0    00000030     uip-nd6.obj (.text:create_aro)
                  0000a820    00000030     packetbuf.obj (.text:packetbuf_attr_clear)
                  0000a850    00000030     process.obj (.text:process_start)
                  0000a880    00000030     uip-ds6.obj (.text:uip_ds6_is_nbr_garbage_collectible)
                  0000a8b0    00000030     usb-processes.obj (.text:usb_init_proc)
                  0000a8e0    0000002e     rts430x_lc_rd_eabi.lib : memmov.obj (.text:memmove)
                  0000a90e    0000002e     rfid-processes.obj (.text:start_find_tagit)
                  0000a93c    0000002c     usb_hardware.obj (.text:OEP0InterruptHandler)
                  0000a968    0000002c     uip-nd6.obj (.text:create_llao)
                  0000a994    0000002c     rfid-processes.obj (.text:disable_slot_counter)
                  0000a9c0    0000002c     rfid-processes.obj (.text:enable_slot_counter)
                  0000a9ec    0000002c     memb.obj (.text:memb_init)
                  0000aa18    0000002c     stimer.obj (.text:stimer_expired)
                  0000aa44    0000002c     trf_parallel.obj (.text:trf_write_single)
                  0000aa70    0000002c     uip-ds6.obj (.text:uip_ds6_reg_lookup)
                  0000aa9c    0000002c     uip6.obj (.text:uip_init)
                  0000aac8    0000002a     hal_cc2520.obj (.text:CC2520_MEMWR8)
                  0000aaf2    0000002a     buffer.obj (.text:allocate_buffer)
                  0000ab1c    0000002a     clock_arch.obj (.text:clock_init)
                  0000ab46    0000002a     leds_torrija.obj (.text:leds_init)
                  0000ab70    0000002a     uip-udp-packet.obj (.text:uip_udp_packet_send)
                  0000ab9a    00000028     hal_cc2520.obj (.text:CC2520_MEMRD8)
                  0000abc2    00000028     usb.obj (.text:USB_connect)
                  0000abea    00000028     coap-server.obj (.text:allocate_header_option)
                  0000ac12    00000028     cc2520_process.obj (.text:pollhandler)
                  0000ac3a    00000028     usb.obj (.text:usbGetDeviceStatus)
                  0000ac62    00000026     cc2520ll.obj (.text:cc2520ll_setLongAddr)
                  0000ac88    00000026     frame802154.obj (.text:frame802154_hdrlen)
                  0000acae    00000026     trf_hardware.obj (.text:initial_settings)
                  0000acd4    00000026     rts430x_lc_rd_eabi.lib : memcmp.obj (.text:memcmp)
                  0000acfa    00000026     uip-ds6.obj (.text:rs_rtx_time)
                  0000ad20    00000026     trf_parallel.obj (.text:trf_direct_command)
                  0000ad46    00000024     hal_cc2520.obj (.text:CC2520_RANDOM8)
                  0000ad6a    00000024     rts430x_lc_rd_eabi.lib : copy_zero_init.obj (.text:decompress:ZI:__TI_zero_init)
                  0000ad8e    00000024     uip-ds6.obj (.text:uip_ds6_reg_cleanup_defrt)
                  0000adb2    00000022     hal_cc2520.obj (.text:CC2520_BCLR)
                  0000add4    00000022     hal_cc2520.obj (.text:CC2520_INS_RD_ARRAY)
                  0000adf6    00000022     hal_cc2520.obj (.text:CC2520_RXBUF)
                  0000ae18    00000022     hal_cc2520.obj (.text:CC2520_TXBUF)
                  0000ae3a    00000022     usb.obj (.text:USB_disable)
                  0000ae5c    00000022     cc2520ll.obj (.text:cc2520ll_interfaceInit)
                  0000ae7e    00000022     packetbuf.obj (.text:packetbuf_clear)
                  0000aea0    00000022     packetbuf.obj (.text:packetbuf_hdralloc)
                  0000aec2    00000022     stimer.obj (.text:stimer_remaining)
                  0000aee4    00000022     trf_parallel.obj (.text:trf_raw_write)
                  0000af06    00000020     rts430x_lc_rd_eabi.lib : sprintf.obj (.text:_outs)
                  0000af26    00000020     coap-server.obj (.text:coap_set_header_uri)
                  0000af46    00000020     tcpip.obj (.text:udp_new)
                  0000af66    00000020     usb.obj (.text:usbSendDataPacketOnEP0)
                  0000af86    0000001e     hal_cc2520.obj (.text:CC2520_REGWR8)
                  0000afa4    0000001e     rts430x_lc_rd_eabi.lib : memccpy.obj (.text:memccpy)
                  0000afc2    0000001e     process.obj (.text:process_init)
                  0000afe0    0000001e     rts430x_lc_rd_eabi.lib : strcat.obj (.text:strcat)
                  0000affe    0000001e     usb.obj (.text:usbSetConfiguration)
                  0000b01c    0000001c     hal_cc2520.obj (.text:CC2520_INS_WR_ARRAY)
                  0000b038    0000001c     usb_cdc.obj (.text:CdcResetData)
                  0000b054    0000001c     usb_hardware.obj (.text:IEP0InterruptHandler)
                  0000b070    0000001c     usb_hardware.obj (.text:memcpyV)
                  0000b08c    0000001c     tcpip.obj (.text:packet_input)
                  0000b0a8    0000001c     rimeaddr.obj (.text:rimeaddr_cmp)
                  0000b0c4    0000001c     stimer.obj (.text:stimer_set)
                  0000b0e0    0000001c     timer.obj (.text:timer_expired)
                  0000b0fc    0000001c     uip-ds6.obj (.text:uip_ds6_context_lookup_by_id)
                  0000b118    0000001a     rts430x_lc_rd_eabi.lib : _printfi_min.obj (.text:_div)
                  0000b132    0000001a     cc2520_process.obj (.text:cc2520_init)
                  0000b14c    0000001a     process.obj (.text:process_poll)
                  0000b166    0000001a     process.obj (.text:process_run)
                  0000b180    0000001a     usb.obj (.text:usbGetInterface)
                  0000b19a    0000001a     usb.obj (.text:usbGetInterfaceStatus)
                  0000b1b4    0000001a     usb.obj (.text:usbSetAddress)
                  0000b1ce    00000018     usb.obj (.text:USB_resume)
                  0000b1e6    00000018     trf_hardware.obj (.text:delay_us)
                  0000b1fe    00000018     packetbuf.obj (.text:packetbuf_set_addr)
                  0000b216    00000018     trf_parallel.obj (.text:trf_stop_condition)
                  0000b22e    00000018     uip-ds6.obj (.text:uip_ds6_is_addr_onlink)
                  0000b246    00000016     sense_utils.obj (.text:bufInit)
                  0000b25c    00000016     cc2520ll.obj (.text:cc2520ll_setChannel)
                  0000b272    00000016     rts430x_lc_rd_eabi.lib : memset.obj (.text:memset)
                  0000b288    00000016     packetbuf.obj (.text:packetbuf_hdrreduce)
                  0000b29e    00000016     rts430x_lc_rd_eabi.lib : div16u.obj (.text)
                  0000b2b4    00000016                            : mult16_f5hw.obj (.text)
                  0000b2ca    00000016     tcpip.obj (.text:start_periodic_tcp_timer)
                  0000b2e0    00000016     tcpip.obj (.text:tcpip_input)
                  0000b2f6    00000016     trf_parallel.obj (.text:trf_start_condition)
                  0000b30c    00000016     trf_parallel.obj (.text:trf_stop_continous_mode)
                  0000b322    00000016     uip-ds6.obj (.text:uip_ds6_set_addr_iid)
                  0000b338    00000014     hal_cc2520.obj (.text:CC2520_INS_STROBE)
                  0000b34c    00000014     hal_cc2520.obj (.text:CC2520_SPI_TXRX)
                  0000b360    00000014     rts430x_lc_rd_eabi.lib : sprintf.obj (.text:_outc)
                  0000b374    00000014     cc2520ll.obj (.text:cc2520ll_receiveOff)
                  0000b388    00000014     tcpip.obj (.text:check_for_tcp_syn)
                  0000b39c    00000014     trf_hardware.obj (.text:delay_ms)
                  0000b3b0    00000014     usb-processes.obj (.text:init_startUp)
                  0000b3c4    00000014     rts430x_lc_rd_eabi.lib : memcpy.obj (.text:memcpy)
                  0000b3d8    00000014     packetbuf.obj (.text:packetbuf_dataptr)
                  0000b3ec    00000014     sicslowpan.obj (.text:send_packet)
                  0000b400    00000014     stimer.obj (.text:stimer_restart)
                  0000b414    00000014     timer.obj (.text:timer_set)
                  0000b428    00000014     uip-ds6.obj (.text:uip_ds6_get_registrations)
                  0000b43c    00000014     usb_hardware.obj (.text:usb_reconnect)
                  0000b450    00000012     usb_hardware.obj (.text:USB_initMemcpy)
                  0000b462    00000012     cc2520ll.obj (.text:cc2520ll_disableRxInterrupt)
                  0000b474    00000012     rts430x_lc_rd_eabi.lib : copy_decompress_none.obj (.text:decompress:none:__TI_decompress_none)
                  0000b486    00000012     etimer.obj (.text:etimer_reset)
                  0000b498    00000012     etimer.obj (.text:etimer_restart)
                  0000b4aa    00000012     etimer.obj (.text:etimer_set)
                  0000b4bc    00000012     packetbuf.obj (.text:packetbuf_addr)
                  0000b4ce    00000012     process.obj (.text:process_post_synch)
                  0000b4e0    00000012     stimer.obj (.text:stimer_elapsed)
                  0000b4f2    00000012     usb.obj (.text:usbClearDeviceFeature)
                  0000b504    00000012     usb.obj (.text:usbGetConfigurationDescriptor)
                  0000b516    00000012     usb.obj (.text:usbGetDeviceDescriptor)
                  0000b528    00000012     usb.obj (.text:usbReceiveDataPacketOnEP0)
                  0000b53a    00000012     usb.obj (.text:usbSetDeviceFeature)
                  0000b54c    00000010     cc2520_process.obj (.text:cc2520_send)
                  0000b55c    00000010     etimer.obj (.text:etimer_expired)
                  0000b56c    00000010     queuebuf.obj (.text:queuebuf_init)
                  0000b57c    00000010     rimeaddr.obj (.text:rimeaddr_copy)
                  0000b58c    00000010     sicslowpan.obj (.text:sicslowpan_init)
                  0000b59c    00000010     tcpip.obj (.text:tcpip_output)
                  0000b5ac    00000010     timer.obj (.text:timer_restart)
                  0000b5bc    00000010     usb.obj (.text:usbGetConfiguration)
                  0000b5cc    0000000e     usb_cdc.obj (.text:CdcIsReceiveInProgress)
                  0000b5da    0000000e     etimer.obj (.text:etimer_pending)
                  0000b5e8    0000000e     buffer.obj (.text:init_buffer)
                  0000b5f6    0000000e     packetbuf.obj (.text:packetbuf_hdrptr)
                  0000b604    0000000e     packetbuf.obj (.text:packetbuf_totlen)
                  0000b612    0000000e     process.obj (.text:process_is_running)
                  0000b620    0000000e     rts430x_lc_rd_eabi.lib : strlen.obj (.text:strlen)
                  0000b62e    0000000e     uip-ds6.obj (.text:uip_ds6_reg_rm)
                  0000b63c    0000000e     uip6.obj (.text:uip_htonl)
                  0000b64a    0000000e     usb.obj (.text:usbSendZeroLengthPacketOnIEP0)
                  0000b658    0000000e     usb.obj (.text:usbSetInterface)
                  0000b666    0000000c     cc2520ll.obj (.text:cc2520ll_receiveOn)
                  0000b672    0000000c     sicslowmac.obj (.text:init)
                  0000b67e    0000000c     sicslowmac.obj (.text:off)
                  0000b68a    0000000c     packetbuf.obj (.text:packetbuf_set_attr)
                  0000b696    0000000c     process.obj (.text:process_alloc_event)
                  0000b6a2    0000000c     usb.obj (.text:usbInvalidRequest)
                  0000b6ae    0000000a     sense_utils.obj (.text:bufFlush)
                  0000b6b8    0000000a     cc2520_process.obj (.text:cc2520_read)
                  0000b6c2    0000000a     cc2520ll.obj (.text:cc2520ll_readRxBuf)
                  0000b6cc    0000000a     cc2520ll.obj (.text:cc2520ll_setPanId)
                  0000b6d6    0000000a     cc2520ll.obj (.text:cc2520ll_writeTxBuf)
                  0000b6e0    0000000a     clock_arch.obj (.text:clock_seconds)
                  0000b6ea    0000000a     buffer.obj (.text:delete_buffer)
                  0000b6f4    0000000a     packetbuf.obj (.text:packetbuf_attr)
                  0000b6fe    0000000a     packetbuf.obj (.text:packetbuf_hdrlen)
                  0000b708    0000000a     msp430_arch.obj (.text:register_port1IntHandler)
                  0000b712    0000000a     msp430_arch.obj (.text:register_port2IntHandler)
                  0000b71c    0000000a     rts430x_lc_rd_eabi.lib : lsl16.obj (.text)
                  0000b726    0000000a     uip-ds6.obj (.text:uip_ds6_addr_rm)
                  0000b730    0000000a     uip-ds6.obj (.text:uip_ds6_defrt_rm)
                  0000b73a    0000000a     uip-ds6.obj (.text:uip_ds6_nbr_rm)
                  0000b744    0000000a     uip-ds6.obj (.text:uip_ds6_prefix_rm)
                  0000b74e    0000000a     usb.obj (.text:usbStallEndpoint0)
                  0000b758    00000008     hal_cc2520.obj (.text:CC2520_SFLUSHRX)
                  0000b760    00000008     cc2520_process.obj (.text:cc2520_off)
                  0000b768    00000008     cc2520_process.obj (.text:cc2520_on)
                  0000b770    00000008     cc2520ll.obj (.text:cc2520ll_pending_packet)
                  0000b778    00000008     cc2520ll.obj (.text:cc2520ll_rxtx_packet)
                  0000b780    00000008     cc2520ll.obj (.text:cc2520ll_waitTransceiverReady)
                  0000b788    00000008     etimer.obj (.text:etimer_request_poll)
                  0000b790    00000008     leds_torrija.obj (.text:led_off)
                  0000b798    00000008     random.obj (.text:random_rand)
                  0000b7a0    00000008     timer.obj (.text:timer_reset)
                  0000b7a8    00000008     uip6.obj (.text:uip_icmp6chksum)
                  0000b7b0    00000008     uip6.obj (.text:uip_udpchksum)
                  0000b7b8    00000008     usb_cdc.obj (.text:usbSetLineCoding)
                  0000b7c0    00000008     usb_hardware.obj (.text:usb_data_rcv_completed)
                  0000b7c8    00000008     usb_hardware.obj (.text:usb_data_received)
                  0000b7d0    00000008     usb_hardware.obj (.text:usb_data_send_completed)
                  0000b7d8    00000006     sense_utils.obj (.text:bufNumBytes)
                  0000b7de    00000006     cc2520ll.obj (.text:cc2520ll_enableRxInterrupt)
                  0000b7e4    00000006     clock_arch.obj (.text:clock_time)
                  0000b7ea    00000006     coap-server.obj (.text:coap_set_method)
                  0000b7f0    00000006     rts430x_lc_rd_eabi.lib : copy_decompress_rle.obj (.text:decompress:rle24:__TI_decompress_rle24)
                  0000b7f6    00000006     leds_torrija.obj (.text:led_on)
                  0000b7fc    00000006     packetbuf.obj (.text:packetbuf_datalen)
                  0000b802    00000006     packetbuf.obj (.text:packetbuf_set_datalen)
                  0000b808    00000006     trf_hardware.obj (.text:proc_register)
                  0000b80e    00000006     tcpip.obj (.text:tcpip_set_outputfunc)
                  0000b814    00000006     uip-ds6.obj (.text:uip_ds6_context_rm)
                  0000b81a    00000006     usb.obj (.text:usbClearOEP0ByteCount)
                  0000b820    00000006     usb.obj (.text:usbStallOEP0)
                  0000b826    00000004     rts430x_lc_rd_eabi.lib : pre_init.obj (.text:_system_pre_init)
                  0000b82a    00000004                            : exit.obj (.text:abort)
                  0000b82e    00000004     cc2520_process.obj (.text:cc2520_transmit)
                  0000b832    00000004     nullmac.obj (.text:channel_check_interval)
                  0000b836    00000004     sicslowmac.obj (.text:channel_check_interval)
                  0000b83a    00000004     nullmac.obj (.text:off)
                  0000b83e    00000004     nullmac.obj (.text:on)
                  0000b842    00000004     sicslowmac.obj (.text:on)
                  0000b846    00000004     nullmac.obj (.text:packet_input)
                  0000b84a    00000004     nullmac.obj (.text:send_packet)
                  0000b84e    00000004     uip6.obj (.text:uip_htons)
                  0000b852    00000002     nullmac.obj (.text:init)
                  0000b854    00000002     sicslowpan.obj (.text:packet_sent)

.int00     0    0000ff80    00000002     
                  0000ff80    00000002     rts430x_lc_rd_eabi.lib : int00.obj (.int00)

.int01     0    0000ff82    00000002     
                  0000ff82    00000002     rts430x_lc_rd_eabi.lib : int01.obj (.int01)

.int02     0    0000ff84    00000002     
                  0000ff84    00000002     rts430x_lc_rd_eabi.lib : int02.obj (.int02)

.int03     0    0000ff86    00000002     
                  0000ff86    00000002     rts430x_lc_rd_eabi.lib : int03.obj (.int03)

.int04     0    0000ff88    00000002     
                  0000ff88    00000002     rts430x_lc_rd_eabi.lib : int04.obj (.int04)

.int05     0    0000ff8a    00000002     
                  0000ff8a    00000002     rts430x_lc_rd_eabi.lib : int05.obj (.int05)

.int06     0    0000ff8c    00000002     
                  0000ff8c    00000002     rts430x_lc_rd_eabi.lib : int06.obj (.int06)

.int07     0    0000ff8e    00000002     
                  0000ff8e    00000002     rts430x_lc_rd_eabi.lib : int07.obj (.int07)

.int08     0    0000ff90    00000002     
                  0000ff90    00000002     rts430x_lc_rd_eabi.lib : int08.obj (.int08)

.int09     0    0000ff92    00000002     
                  0000ff92    00000002     rts430x_lc_rd_eabi.lib : int09.obj (.int09)

.int10     0    0000ff94    00000002     
                  0000ff94    00000002     rts430x_lc_rd_eabi.lib : int10.obj (.int10)

.int11     0    0000ff96    00000002     
                  0000ff96    00000002     rts430x_lc_rd_eabi.lib : int11.obj (.int11)

.int12     0    0000ff98    00000002     
                  0000ff98    00000002     rts430x_lc_rd_eabi.lib : int12.obj (.int12)

.int13     0    0000ff9a    00000002     
                  0000ff9a    00000002     rts430x_lc_rd_eabi.lib : int13.obj (.int13)

.int14     0    0000ff9c    00000002     
                  0000ff9c    00000002     rts430x_lc_rd_eabi.lib : int14.obj (.int14)

.int15     0    0000ff9e    00000002     
                  0000ff9e    00000002     rts430x_lc_rd_eabi.lib : int15.obj (.int15)

.int16     0    0000ffa0    00000002     
                  0000ffa0    00000002     rts430x_lc_rd_eabi.lib : int16.obj (.int16)

.int17     0    0000ffa2    00000002     
                  0000ffa2    00000002     rts430x_lc_rd_eabi.lib : int17.obj (.int17)

.int18     0    0000ffa4    00000002     
                  0000ffa4    00000002     rts430x_lc_rd_eabi.lib : int18.obj (.int18)

.int19     0    0000ffa6    00000002     
                  0000ffa6    00000002     rts430x_lc_rd_eabi.lib : int19.obj (.int19)

.int20     0    0000ffa8    00000002     
                  0000ffa8    00000002     rts430x_lc_rd_eabi.lib : int20.obj (.int20)

.int21     0    0000ffaa    00000002     
                  0000ffaa    00000002     rts430x_lc_rd_eabi.lib : int21.obj (.int21)

.int22     0    0000ffac    00000002     
                  0000ffac    00000002     rts430x_lc_rd_eabi.lib : int22.obj (.int22)

.int23     0    0000ffae    00000002     
                  0000ffae    00000002     rts430x_lc_rd_eabi.lib : int23.obj (.int23)

.int24     0    0000ffb0    00000002     
                  0000ffb0    00000002     rts430x_lc_rd_eabi.lib : int24.obj (.int24)

.int25     0    0000ffb2    00000002     
                  0000ffb2    00000002     rts430x_lc_rd_eabi.lib : int25.obj (.int25)

.int26     0    0000ffb4    00000002     
                  0000ffb4    00000002     rts430x_lc_rd_eabi.lib : int26.obj (.int26)

.int27     0    0000ffb6    00000002     
                  0000ffb6    00000002     rts430x_lc_rd_eabi.lib : int27.obj (.int27)

.int28     0    0000ffb8    00000002     
                  0000ffb8    00000002     rts430x_lc_rd_eabi.lib : int28.obj (.int28)

.int29     0    0000ffba    00000002     
                  0000ffba    00000002     rts430x_lc_rd_eabi.lib : int29.obj (.int29)

.int30     0    0000ffbc    00000002     
                  0000ffbc    00000002     rts430x_lc_rd_eabi.lib : int30.obj (.int30)

.int31     0    0000ffbe    00000002     
                  0000ffbe    00000002     rts430x_lc_rd_eabi.lib : int31.obj (.int31)

.int32     0    0000ffc0    00000002     
                  0000ffc0    00000002     rts430x_lc_rd_eabi.lib : int32.obj (.int32)

.int33     0    0000ffc2    00000002     
                  0000ffc2    00000002     rts430x_lc_rd_eabi.lib : int33.obj (.int33)

.int34     0    0000ffc4    00000002     
                  0000ffc4    00000002     rts430x_lc_rd_eabi.lib : int34.obj (.int34)

.int35     0    0000ffc6    00000002     
                  0000ffc6    00000002     rts430x_lc_rd_eabi.lib : int35.obj (.int35)

.int36     0    0000ffc8    00000002     
                  0000ffc8    00000002     rts430x_lc_rd_eabi.lib : int36.obj (.int36)

.int37     0    0000ffca    00000002     
                  0000ffca    00000002     rts430x_lc_rd_eabi.lib : int37.obj (.int37)

.int38     0    0000ffcc    00000002     
                  0000ffcc    00000002     rts430x_lc_rd_eabi.lib : int38.obj (.int38)

.int39     0    0000ffce    00000002     
                  0000ffce    00000002     rts430x_lc_rd_eabi.lib : int39.obj (.int39)

.int40     0    0000ffd0    00000002     
                  0000ffd0    00000002     rts430x_lc_rd_eabi.lib : int40.obj (.int40)

.int41     0    0000ffd2    00000002     
                  0000ffd2    00000002     rts430x_lc_rd_eabi.lib : int41.obj (.int41)

.int42     0    0000ffd4    00000002     
                  0000ffd4    00000002     msp430_arch.obj (.int42)

.int43     0    0000ffd6    00000002     
                  0000ffd6    00000002     rts430x_lc_rd_eabi.lib : int43.obj (.int43)

.int44     0    0000ffd8    00000002     
                  0000ffd8    00000002     rts430x_lc_rd_eabi.lib : int44.obj (.int44)

.int45     0    0000ffda    00000002     
                  0000ffda    00000002     rts430x_lc_rd_eabi.lib : int45.obj (.int45)

.int46     0    0000ffdc    00000002     
                  0000ffdc    00000002     rts430x_lc_rd_eabi.lib : int46.obj (.int46)

.int47     0    0000ffde    00000002     
                  0000ffde    00000002     msp430_arch.obj (.int47)

.int48     0    0000ffe0    00000002     
                  0000ffe0    00000002     rts430x_lc_rd_eabi.lib : int48.obj (.int48)

.int49     0    0000ffe2    00000002     
                  0000ffe2    00000002     trf_hardware.obj (.int49)

.int50     0    0000ffe4    00000002     
                  0000ffe4    00000002     rts430x_lc_rd_eabi.lib : int50.obj (.int50)

.int51     0    0000ffe6    00000002     
                  0000ffe6    00000002     usb_hardware.obj (.int51)

.int52     0    0000ffe8    00000002     
                  0000ffe8    00000002     rts430x_lc_rd_eabi.lib : int52.obj (.int52)

.int53     0    0000ffea    00000002     
                  0000ffea    00000002     clock_arch.obj (.int53)

.int54     0    0000ffec    00000002     
                  0000ffec    00000002     rts430x_lc_rd_eabi.lib : int54.obj (.int54)

.int55     0    0000ffee    00000002     
                  0000ffee    00000002     rts430x_lc_rd_eabi.lib : int55.obj (.int55)

.int56     0    0000fff0    00000002     
                  0000fff0    00000002     rts430x_lc_rd_eabi.lib : int56.obj (.int56)

.int57     0    0000fff2    00000002     
                  0000fff2    00000002     rts430x_lc_rd_eabi.lib : int57.obj (.int57)

.int58     0    0000fff4    00000002     
                  0000fff4    00000002     rts430x_lc_rd_eabi.lib : int58.obj (.int58)

.int59     0    0000fff6    00000002     
                  0000fff6    00000002     rts430x_lc_rd_eabi.lib : int59.obj (.int59)

.int60     0    0000fff8    00000002     
                  0000fff8    00000002     rts430x_lc_rd_eabi.lib : int60.obj (.int60)

.int61     0    0000fffa    00000002     
                  0000fffa    00000002     usb-processes.obj (.int61)

.int62     0    0000fffc    00000002     
                  0000fffc    00000002     rts430x_lc_rd_eabi.lib : int62.obj (.int62)

.reset     0    0000fffe    00000002     
                  0000fffe    00000002     rts430x_lc_rd_eabi.lib : boot.obj (.reset)


LINKER GENERATED COPY TABLES

__TI_cinit_table @ 0000bcc0 records: 2, size/record: 8, table size: 16
	.data: load addr=0000bc06, load size=000000a8 bytes, run addr=0000391e, run size=00000272 bytes, compression=rle
	.bss: load addr=0000bcba, load size=00000006 bytes, run addr=00002400, run size=0000151e bytes, compression=zero_init


LINKER GENERATED HANDLER TABLE

__TI_handler_table @ 0000bcae records: 3, size/record: 4, table size: 12
	index: 0, handler: __TI_zero_init
	index: 1, handler: __TI_decompress_rle24
	index: 2, handler: __TI_decompress_none


GLOBAL SYMBOLS: SORTED ALPHABETICALLY BY Name 

address   name                              
-------   ----                              
0000b82a  C$$EXIT                           
000008c0  CBCTL0                            
000008c1  CBCTL0_H                          
000008c0  CBCTL0_L                          
000008c2  CBCTL1                            
000008c3  CBCTL1_H                          
000008c2  CBCTL1_L                          
000008c4  CBCTL2                            
000008c5  CBCTL2_H                          
000008c4  CBCTL2_L                          
000008c6  CBCTL3                            
000008c7  CBCTL3_H                          
000008c6  CBCTL3_L                          
000008cc  CBINT                             
000008cd  CBINT_H                           
000008cc  CBINT_L                           
000008ce  CBIV                              
0000adb2  CC2520_BCLR                       
0000b338  CC2520_INS_STROBE                 
0000b01c  CC2520_INS_WR_ARRAY               
0000ab9a  CC2520_MEMRD8                     
0000a3ba  CC2520_MEMWR16                    
0000aac8  CC2520_MEMWR8                     
0000ad46  CC2520_RANDOM8                    
0000af86  CC2520_REGWR8                     
0000adf6  CC2520_RXBUF                      
0000b758  CC2520_SFLUSHRX                   
0000ae18  CC2520_TXBUF                      
00000150  CRCDI                             
00000152  CRCDIRB                           
00000153  CRCDIRB_H                         
00000152  CRCDIRB_L                         
00000151  CRCDI_H                           
00000150  CRCDI_L                           
00000154  CRCINIRES                         
00000155  CRCINIRES_H                       
00000154  CRCINIRES_L                       
00000156  CRCRESR                           
00000157  CRCRESR_H                         
00000156  CRCRESR_L                         
0000b5cc  CdcIsReceiveInProgress            
0000b038  CdcResetData                      
00007a8c  CdcToBufferFromHost               
000077e4  CdcToHostFromBuffer               
00003902  CollPoss                          
00009172  CopyUsbToBuff                     
00000510  DMA0CTL                           
00000511  DMA0CTL_H                         
00000510  DMA0CTL_L                         
00000516  DMA0DA                            
00000518  DMA0DAH                           
00000516  DMA0DAL                           
00000512  DMA0SA                            
00000514  DMA0SAH                           
00000512  DMA0SAL                           
0000051a  DMA0SZ                            
00000520  DMA1CTL                           
00000521  DMA1CTL_H                         
00000520  DMA1CTL_L                         
00000526  DMA1DA                            
00000528  DMA1DAH                           
00000526  DMA1DAL                           
00000522  DMA1SA                            
00000524  DMA1SAH                           
00000522  DMA1SAL                           
0000052a  DMA1SZ                            
00000530  DMA2CTL                           
00000531  DMA2CTL_H                         
00000530  DMA2CTL_L                         
00000536  DMA2DA                            
00000538  DMA2DAH                           
00000536  DMA2DAL                           
00000532  DMA2SA                            
00000534  DMA2SAH                           
00000532  DMA2SAL                           
0000053a  DMA2SZ                            
00000500  DMACTL0                           
00000501  DMACTL0_H                         
00000500  DMACTL0_L                         
00000502  DMACTL1                           
00000503  DMACTL1_H                         
00000502  DMACTL1_L                         
00000504  DMACTL2                           
00000505  DMACTL2_H                         
00000504  DMACTL2_L                         
00000506  DMACTL3                           
00000507  DMACTL3_H                         
00000506  DMACTL3_L                         
00000508  DMACTL4                           
00000509  DMACTL4_H                         
00000508  DMACTL4_L                         
0000050e  DMAIV                             
0000050f  DMAIV_H                           
0000050e  DMAIV_L                           
00000140  FCTL1                             
00000141  FCTL1_H                           
00000140  FCTL1_L                           
00000144  FCTL3                             
00000145  FCTL3_H                           
00000144  FCTL3_L                           
00000146  FCTL4                             
00000147  FCTL4_H                           
00000146  FCTL4_L                           
0000a25c  Get_TLV_info                      
0000a3f0  Handler_SetLineCoding             
0000b054  IEP0InterruptHandler              
00006676  InterruptHandlerReader            
000004c4  MAC                               
000004da  MAC32H                            
000004db  MAC32H_H                          
000004da  MAC32H_L                          
000004d8  MAC32L                            
000004d9  MAC32L_H                          
000004d8  MAC32L_L                          
000004c6  MACS                              
000004de  MACS32H                           
000004df  MACS32H_H                         
000004de  MACS32H_L                         
000004dc  MACS32L                           
000004dd  MACS32L_H                         
000004dc  MACS32L_L                         
000004c7  MACS_H                            
000004c6  MACS_L                            
000004c5  MAC_H                             
000004c4  MAC_L                             
000004c0  MPY                               
000004ec  MPY32CTL0                         
000004ed  MPY32CTL0_H                       
000004ec  MPY32CTL0_L                       
000004d2  MPY32H                            
000004d3  MPY32H_H                          
000004d2  MPY32H_L                          
000004d0  MPY32L                            
000004d1  MPY32L_H                          
000004d0  MPY32L_L                          
000004c2  MPYS                              
000004d6  MPYS32H                           
000004d7  MPYS32H_H                         
000004d6  MPYS32H_L                         
000004d4  MPYS32L                           
000004d5  MPYS32L_H                         
000004d4  MPYS32L_L                         
000004c3  MPYS_H                            
000004c2  MPYS_L                            
000004c1  MPY_H                             
000004c0  MPY_L                             
0000a93c  OEP0InterruptHandler              
000004c8  OP2                               
000004e2  OP2H                              
000004e3  OP2H_H                            
000004e2  OP2H_L                            
000004e0  OP2L                              
000004e1  OP2L_H                            
000004e0  OP2L_L                            
000004c9  OP2_H                             
000004c8  OP2_L                             
0000020e  P1IV                              
0000021e  P2IV                              
000001e0  P4MAP01                           
000001e1  P4MAP01_H                         
000001e0  P4MAP01_L                         
000001e2  P4MAP23                           
000001e3  P4MAP23_H                         
000001e2  P4MAP23_L                         
000001e4  P4MAP45                           
000001e5  P4MAP45_H                         
000001e4  P4MAP45_L                         
000001e6  P4MAP67                           
000001e7  P4MAP67_H                         
000001e6  P4MAP67_L                         
00000204  PADIR                             
00000205  PADIR_H                           
00000204  PADIR_L                           
00000208  PADS                              
00000209  PADS_H                            
00000208  PADS_L                            
0000021a  PAIE                              
00000218  PAIES                             
00000219  PAIES_H                           
00000218  PAIES_L                           
0000021b  PAIE_H                            
0000021a  PAIE_L                            
0000021c  PAIFG                             
0000021d  PAIFG_H                           
0000021c  PAIFG_L                           
00000200  PAIN                              
00000201  PAIN_H                            
00000200  PAIN_L                            
00000202  PAOUT                             
00000203  PAOUT_H                           
00000202  PAOUT_L                           
00000206  PAREN                             
00000207  PAREN_H                           
00000206  PAREN_L                           
0000020a  PASEL                             
0000020b  PASEL_H                           
0000020a  PASEL_L                           
00000224  PBDIR                             
00000225  PBDIR_H                           
00000224  PBDIR_L                           
00000228  PBDS                              
00000229  PBDS_H                            
00000228  PBDS_L                            
00000220  PBIN                              
00000221  PBIN_H                            
00000220  PBIN_L                            
00000222  PBOUT                             
00000223  PBOUT_H                           
00000222  PBOUT_L                           
00000226  PBREN                             
00000227  PBREN_H                           
00000226  PBREN_L                           
0000022a  PBSEL                             
0000022b  PBSEL_H                           
0000022a  PBSEL_L                           
00000244  PCDIR                             
00000245  PCDIR_H                           
00000244  PCDIR_L                           
00000248  PCDS                              
00000249  PCDS_H                            
00000248  PCDS_L                            
00000240  PCIN                              
00000241  PCIN_H                            
00000240  PCIN_L                            
00000242  PCOUT                             
00000243  PCOUT_H                           
00000242  PCOUT_L                           
00000246  PCREN                             
00000247  PCREN_H                           
00000246  PCREN_L                           
0000024a  PCSEL                             
0000024b  PCSEL_H                           
0000024a  PCSEL_L                           
00000264  PDDIR                             
00000265  PDDIR_H                           
00000264  PDDIR_L                           
00000268  PDDS                              
00000269  PDDS_H                            
00000268  PDDS_L                            
00000260  PDIN                              
00000261  PDIN_H                            
00000260  PDIN_L                            
00000262  PDOUT                             
00000263  PDOUT_H                           
00000262  PDOUT_L                           
00000266  PDREN                             
00000267  PDREN_H                           
00000266  PDREN_L                           
0000026a  PDSEL                             
0000026b  PDSEL_H                           
0000026a  PDSEL_L                           
00000324  PJDIR                             
00000325  PJDIR_H                           
00000324  PJDIR_L                           
00000328  PJDS                              
00000329  PJDS_H                            
00000328  PJDS_L                            
00000320  PJIN                              
00000321  PJIN_H                            
00000320  PJIN_L                            
00000322  PJOUT                             
00000323  PJOUT_H                           
00000322  PJOUT_L                           
00000326  PJREN                             
00000327  PJREN_H                           
00000326  PJREN_L                           
00000130  PM5CTL0                           
00000131  PM5CTL0_H                         
00000130  PM5CTL0_L                         
000001c2  PMAPCTL                           
000001c3  PMAPCTL_H                         
000001c2  PMAPCTL_L                         
000001c0  PMAPKEYID                         
000001c1  PMAPKEYID_H                       
000001c0  PMAPKEYID_L                       
00000120  PMMCTL0                           
00000121  PMMCTL0_H                         
00000120  PMMCTL0_L                         
00000122  PMMCTL1                           
00000123  PMMCTL1_H                         
00000122  PMMCTL1_L                         
0000012c  PMMIFG                            
0000012d  PMMIFG_H                          
0000012c  PMMIFG_L                          
0000012e  PMMRIE                            
0000012f  PMMRIE_H                          
0000012e  PMMRIE_L                          
0000a020  PWRVBUSoffHandler                 
0000a790  PWRVBUSonHandler                  
00000158  RCCTL0                            
00000159  RCCTL0_H                          
00000158  RCCTL0_L                          
000001b0  REFCTL0                           
000001b1  REFCTL0_H                         
000001b0  REFCTL0_L                         
000004e4  RES0                              
000004e5  RES0_H                            
000004e4  RES0_L                            
000004e6  RES1                              
000004e7  RES1_H                            
000004e6  RES1_L                            
000004e8  RES2                              
000004e9  RES2_H                            
000004e8  RES2_L                            
000004ea  RES3                              
000004eb  RES3_H                            
000004ea  RES3_L                            
000004cc  RESHI                             
000004cd  RESHI_H                           
000004cc  RESHI_L                           
000004ca  RESLO                             
000004cb  RESLO_H                           
000004ca  RESLO_L                           
000004ba  RTCADOWDAY                        
000004bb  RTCADOWDAY_H                      
000004ba  RTCADOWDAY_L                      
000004b8  RTCAMINHR                         
000004b9  RTCAMINHR_H                       
000004b8  RTCAMINHR_L                       
000004a0  RTCCTL01                          
000004a1  RTCCTL01_H                        
000004a0  RTCCTL01_L                        
000004a2  RTCCTL23                          
000004a3  RTCCTL23_H                        
000004a2  RTCCTL23_L                        
000004b4  RTCDATE                           
000004b5  RTCDATE_H                         
000004b4  RTCDATE_L                         
000004ae  RTCIV                             
000004ac  RTCPS                             
000004a8  RTCPS0CTL                         
000004a9  RTCPS0CTL_H                       
000004a8  RTCPS0CTL_L                       
000004aa  RTCPS1CTL                         
000004ab  RTCPS1CTL_H                       
000004aa  RTCPS1CTL_L                       
000004ad  RTCPS_H                           
000004ac  RTCPS_L                           
000004b0  RTCTIM0                           
000004b1  RTCTIM0_H                         
000004b0  RTCTIM0_L                         
000004b2  RTCTIM1                           
000004b3  RTCTIM1_H                         
000004b2  RTCTIM1_L                         
000004b6  RTCYEAR                           
000004b7  RTCYEAR_H                         
000004b6  RTCYEAR_L                         
00003903  RXErrorFlag                       
00003904  RXTXstate                         
00000100  SFRIE1                            
00000101  SFRIE1_H                          
00000100  SFRIE1_L                          
00000102  SFRIFG1                           
00000103  SFRIFG1_H                         
00000102  SFRIFG1_L                         
00000104  SFRRPCR                           
00000105  SFRRPCR_H                         
00000104  SFRRPCR_L                         
000004ce  SUMEXT                            
000004cf  SUMEXT_H                          
000004ce  SUMEXT_L                          
00000124  SVSMHCTL                          
00000125  SVSMHCTL_H                        
00000124  SVSMHCTL_L                        
00000128  SVSMIO                            
00000129  SVSMIO_H                          
00000128  SVSMIO_L                          
00000126  SVSMLCTL                          
00000127  SVSMLCTL_H                        
00000126  SVSMLCTL_L                        
00000198  SYSBERRIV                         
00000199  SYSBERRIV_H                       
00000198  SYSBERRIV_L                       
00000182  SYSBSLC                           
00000183  SYSBSLC_H                         
00000182  SYSBSLC_L                         
00000180  SYSCTL                            
00000181  SYSCTL_H                          
00000180  SYSCTL_L                          
00000186  SYSJMBC                           
00000187  SYSJMBC_H                         
00000186  SYSJMBC_L                         
00000188  SYSJMBI0                          
00000189  SYSJMBI0_H                        
00000188  SYSJMBI0_L                        
0000018a  SYSJMBI1                          
0000018b  SYSJMBI1_H                        
0000018a  SYSJMBI1_L                        
0000018c  SYSJMBO0                          
0000018d  SYSJMBO0_H                        
0000018c  SYSJMBO0_L                        
0000018e  SYSJMBO1                          
0000018f  SYSJMBO1_H                        
0000018e  SYSJMBO1_L                        
0000019e  SYSRSTIV                          
0000019f  SYSRSTIV_H                        
0000019e  SYSRSTIV_L                        
0000019c  SYSSNIV                           
0000019d  SYSSNIV_H                         
0000019c  SYSSNIV_L                         
0000019a  SYSUNIV                           
0000019b  SYSUNIV_H                         
0000019a  SYSUNIV_L                         
0000a7c0  SetVCore                          
0000a298  SetVCoreDown                      
00009db6  SetVCoreUp                        
00009bb6  SetupPacketInterruptHandler       
00000352  TA0CCR0                           
00000354  TA0CCR1                           
00000356  TA0CCR2                           
00000358  TA0CCR3                           
0000035a  TA0CCR4                           
00000342  TA0CCTL0                          
00000344  TA0CCTL1                          
00000346  TA0CCTL2                          
00000348  TA0CCTL3                          
0000034a  TA0CCTL4                          
00000340  TA0CTL                            
00000360  TA0EX0                            
0000036e  TA0IV                             
00000350  TA0R                              
00000392  TA1CCR0                           
00000394  TA1CCR1                           
00000396  TA1CCR2                           
00000382  TA1CCTL0                          
00000384  TA1CCTL1                          
00000386  TA1CCTL2                          
00000380  TA1CTL                            
000003a0  TA1EX0                            
000003ae  TA1IV                             
00000390  TA1R                              
00000412  TA2CCR0                           
00000414  TA2CCR1                           
00000416  TA2CCR2                           
00000402  TA2CCTL0                          
00000404  TA2CCTL1                          
00000406  TA2CCTL2                          
00000400  TA2CTL                            
00000420  TA2EX0                            
0000042e  TA2IV                             
00000410  TA2R                              
000003d2  TB0CCR0                           
000003d4  TB0CCR1                           
000003d6  TB0CCR2                           
000003d8  TB0CCR3                           
000003da  TB0CCR4                           
000003dc  TB0CCR5                           
000003de  TB0CCR6                           
000003c2  TB0CCTL0                          
000003c4  TB0CCTL1                          
000003c6  TB0CCTL2                          
000003c8  TB0CCTL3                          
000003ca  TB0CCTL4                          
000003cc  TB0CCTL5                          
000003ce  TB0CCTL6                          
000003c0  TB0CTL                            
000003e0  TB0EX0                            
000003ee  TB0IV                             
000003d0  TB0R                              
000044d0  TimerAhandler                     
000005d0  UCA0ABCTL                         
000005c6  UCA0BRW                           
000005c7  UCA0BRW_H                         
000005c6  UCA0BRW_L                         
000005c0  UCA0CTLW0                         
000005c1  UCA0CTLW0_H                       
000005c0  UCA0CTLW0_L                       
000005dc  UCA0ICTL                          
000005dd  UCA0ICTL_H                        
000005dc  UCA0ICTL_L                        
000005d2  UCA0IRCTL                         
000005d3  UCA0IRCTL_H                       
000005d2  UCA0IRCTL_L                       
000005de  UCA0IV                            
000005c8  UCA0MCTL                          
000005cc  UCA0RXBUF                         
000005ca  UCA0STAT                          
000005ce  UCA0TXBUF                         
00000610  UCA1ABCTL                         
00000606  UCA1BRW                           
00000607  UCA1BRW_H                         
00000606  UCA1BRW_L                         
00000600  UCA1CTLW0                         
00000601  UCA1CTLW0_H                       
00000600  UCA1CTLW0_L                       
0000061c  UCA1ICTL                          
0000061d  UCA1ICTL_H                        
0000061c  UCA1ICTL_L                        
00000612  UCA1IRCTL                         
00000613  UCA1IRCTL_H                       
00000612  UCA1IRCTL_L                       
0000061e  UCA1IV                            
00000608  UCA1MCTL                          
0000060c  UCA1RXBUF                         
0000060a  UCA1STAT                          
0000060e  UCA1TXBUF                         
000005e6  UCB0BRW                           
000005e7  UCB0BRW_H                         
000005e6  UCB0BRW_L                         
000005e0  UCB0CTLW0                         
000005e1  UCB0CTLW0_H                       
000005e0  UCB0CTLW0_L                       
000005f0  UCB0I2COA                         
000005f1  UCB0I2COA_H                       
000005f0  UCB0I2COA_L                       
000005f2  UCB0I2CSA                         
000005f3  UCB0I2CSA_H                       
000005f2  UCB0I2CSA_L                       
000005fc  UCB0ICTL                          
000005fd  UCB0ICTL_H                        
000005fc  UCB0ICTL_L                        
000005fe  UCB0IV                            
000005ec  UCB0RXBUF                         
000005ea  UCB0STAT                          
000005ee  UCB0TXBUF                         
00000626  UCB1BRW                           
00000627  UCB1BRW_H                         
00000626  UCB1BRW_L                         
00000620  UCB1CTLW0                         
00000621  UCB1CTLW0_H                       
00000620  UCB1CTLW0_L                       
00000630  UCB1I2COA                         
[...]
000038e6  uip_udp_conn                      
000038f8  uip_len                           
000038fa  uip_slen                          
000038fc  wBytesRemainingOnIEP0             
000038fe  wBytesRemainingOnOEP0             
00003900  xact_id                           
00003902  CollPoss                          
00003903  RXErrorFlag                       
00003904  RXTXstate                         
00003908  bStatusAction                     
0000390a  buffer_index                      
0000390b  buffer_size                       
00003911  i_reg                             
0000391b  tcpip_event                       
0000391c  uip_flags                         
0000391e  bDataReceived_event               
0000391f  bDataReceiveCompleted_event       
00003920  bDataSendCompleted_event          
00003921  usbin_packet                      
00003992  usb_input_process                 
00003a8e  rfid_find_tags                    
00003a9e  tagit_inventory_request           
00003b0e  service_url                       
00003b12  coap_app_client                   
00003b22  cc2520_process                    
00003b32  etimer_process                    
00003b42  tcpip_process                     
00003b52  aux_buf                           
00003b6c  process_list                      
00003b70  process_current                   
00003b7b  rscount                           
00003b8a  uip_ext_bitmap                    
00003b8b  uip_ext_len                       
00003b8c  uip_ext_opt_offset                
00003b8e  bFunctionSuspended                
00003b8f  bEnumerationStatus                
00004360  _stack                            
00004400  __STACK_END                       
00004400  iUsbInterruptHandler              
000044d0  TimerAhandler                     
0000450e  port1_interrupt                   
00004546  UNMI_ISR                          
0000457c  port2_interrupt                   
000045ae  timer_interrupt                   
000045da  _c_int00_noargs_noexit            
000045f4  __TI_ISR_TRAP                     
000045fa  uip_nd6_ra_input                  
00004bb0  uip_ds6_periodic                  
000054a8  uip_process                       
00005ec6  uip_nd6_na_input                  
000061a2  parse_line                        
0000644c  uip_nd6_ns_input                  
00006676  InterruptHandlerReader            
00006a52  frame802154_parse                 
00006bec  USBCDC_receiveData                
00006ecc  uip_icmp6_error_output            
00007146  frame802154_create                
0000726c  uip_ds6_nbr_add                   
00007390  uip_nd6_ns_output                 
000074b2  uip_ds6_init                      
000075d0  uip_nd6_rs_output                 
000077e4  CdcToHostFromBuffer               
000079ae  serialize_packet                  
00007a8c  CdcToBufferFromHost               
00007c42  __TI_printfi_minimal              
00007d14  USB_reset                         
00007de2  retInString                       
00007eb0  uip_icmp6_echo_request_input      
00007f7c  uip_ds6_select_src                
00008042  USB_InitSerialStringDescriptor    
00008106  main                              
00008288  uip_udp_new                       
00008342  uip_ds6_send_rs                   
000083f4  msp430_init                       
000084a2  uip_ds6_addr_add                  
0000869e  usbDecodeAndProcessUsbRequest     
00008912  cc2520ll_transmit                 
000089aa  uip_ds6_context_add               
00008a42  USB_connectionState               
00008b6c  uip_ds6_defrt_add                 
00008d16  uip_ds6_prefix_add                
00008d9e  uip_ds6_reg_add                   
00008e24  tcpip_ipv6_output                 
00008ea6  cc2520ll_init                     
00008f22  USB_enable                        
00009014  cc2520ll_config                   
0000908a  coap_set_option                   
000090fe  usbSendNextPacketOnIEP0           
00009172  CopyUsbToBuff                     
000091e4  USBCDC_bytesInUSBBuffer           
00009256  USBCDC_intfStatus                 
000092c8  _auto_init_hold_wdt               
00009334  uip_ds6_list_loop                 
00009406  usbGetEndpointStatus              
0000946c  buttons_init                      
0000952e  uip_ds6_defrt_choose_min_reg      
0000958c  uip_ds6_defrt_choose              
00009642  sendData_inBackground             
0000969c  uip_ds6_route_lookup              
000096f6  cc2520ll_packetReceive            
0000974e  __mspabi_divul                    
0000974e  __mspabi_remul                    
000097fa  trf_read_single                   
0000984e  uip_ds6_maddr_add                 
000098a2  button1_interrupt                 
000098f4  button2_interrupt                 
00009946  usbGetLineCoding                  
00009998  USBCDC_sendData                   
000099e8  trf_interrupt                     
00009a38  cc2520_channel_clear              
00009a38  cc2520ll_channel_clear            
00009ad2  trf_read_cont                     
00009b6a  usbReceiveNextPacketOnOEP0        
00009bb6  SetupPacketInterruptHandler       
00009c00  USB_init                          
00009c4a  bufPut                            
00009c94  uip_ds6_get_link_local            
00009d26  process_post                      
00009db6  SetVCoreUp                        
00009dfc  bufGet                            
00009ecc  cc2520_prepare                    
00009ecc  cc2520ll_prepare                  
00009f54  sprintf                           
00009f98  trf_init_par                      
0000a020  PWRVBUSoffHandler                 
0000a062  usbSetEndpointFeature             
0000a0e4  cc2520ll_spiInit                  
0000a1a2  __mspabi_slll_15                  
0000a1a6  __mspabi_slll_14                  
0000a1aa  __mspabi_slll_13                  
0000a1ae  __mspabi_slll_12                  
0000a1b2  __mspabi_slll_11                  
0000a1b6  __mspabi_slll_10                  
0000a1ba  __mspabi_slll_9                   
0000a1be  __mspabi_slll_8                   
0000a1c2  __mspabi_slll_7                   
0000a1c6  __mspabi_slll_6                   
0000a1ca  __mspabi_slll_5                   
0000a1ce  __mspabi_slll_4                   
0000a1d2  __mspabi_slll_3                   
0000a1d6  __mspabi_slll_2                   
0000a1da  __mspabi_slll_1                   
0000a1e0  __mspabi_srll_15                  
0000a1e4  __mspabi_srll_14                  
0000a1e8  __mspabi_srll_13                  
0000a1ec  __mspabi_srll_12                  
0000a1f0  __mspabi_srll_11                  
0000a1f4  __mspabi_srll_10                  
0000a1f8  __mspabi_srll_9                   
0000a1fc  __mspabi_srll_8                   
0000a200  __mspabi_srll_7                   
0000a204  __mspabi_srll_6                   
0000a208  __mspabi_srll_5                   
0000a20c  __mspabi_srll_4                   
0000a210  __mspabi_srll_3                   
0000a214  __mspabi_srll_2                   
0000a218  __mspabi_srll_1                   
0000a21e  usbGetStringDescriptor            
0000a25c  Get_TLV_info                      
0000a298  SetVCoreDown                      
0000a2d4  usbClearEndpointFeature           
0000a310  init_packet                       
0000a382  uip_ds6_context_lookup_by_prefix  
0000a3ba  CC2520_MEMWR16                    
0000a3f0  Handler_SetLineCoding             
0000a426  get_match_length                  
0000a45c  receiveDataInBuffer               
0000a492  uip_ds6_addr_lookup               
0000a4c8  beb_next                          
0000a530  uip_ds6_defrt_lookup              
0000a564  uip_ds6_maddr_lookup              
0000a598  uip_ds6_nbr_lookup                
0000a5cc  uip_ds6_prefix_lookup             
0000a600  USB_connectionInfo                
0000a632  USB_suspend                       
0000a696  end_find_tagit                    
0000a6c8  strncpy                           
0000a6fa  tcpip_uipcall                     
0000a72c  uip_ds6_compute_reachable_time    
0000a75e  uip_ds6_reg_cleanup_addr          
0000a790  PWRVBUSonHandler                  
0000a7c0  SetVCore                          
0000a820  packetbuf_attr_clear              
0000a850  process_start                     
0000a880  uip_ds6_is_nbr_garbage_collectible
0000a8b0  usb_init_proc                     
0000a8e0  memmove                           
0000a90e  start_find_tagit                  
0000a93c  OEP0InterruptHandler              
0000a994  disable_slot_counter              
0000a9c0  enable_slot_counter               
0000a9ec  memb_init                         
0000aa18  stimer_expired                    
0000aa44  trf_write_single                  
0000aa70  uip_ds6_reg_lookup                
0000aa9c  uip_init                          
0000aac8  CC2520_MEMWR8                     
0000aaf2  allocate_buffer                   
0000ab1c  clock_init                        
0000ab46  leds_init                         
0000ab70  uip_udp_packet_send               
0000ab9a  CC2520_MEMRD8                     
0000abc2  USB_connect                       
0000ac3a  usbGetDeviceStatus                
0000ac62  cc2520ll_setLongAddr              
0000ac88  frame802154_hdrlen                
0000acae  initial_settings                  
0000acd4  memcmp                            
0000acfa  rs_rtx_time                       
0000ad20  trf_direct_command                
0000ad46  CC2520_RANDOM8                    
0000ad6a  __TI_zero_init                    
0000ad8e  uip_ds6_reg_cleanup_defrt         
0000adb2  CC2520_BCLR                       
0000adf6  CC2520_RXBUF                      
0000ae18  CC2520_TXBUF                      
0000ae3a  USB_disable                       
0000ae5c  cc2520ll_interfaceInit            
0000ae7e  packetbuf_clear                   
0000aea0  packetbuf_hdralloc                
0000aec2  stimer_remaining                  
0000aee4  trf_raw_write                     
0000af26  coap_set_header_uri               
0000af46  udp_new                           
0000af66  usbSendDataPacketOnEP0            
0000af86  CC2520_REGWR8                     
0000afa4  memccpy                           
0000afc2  process_init                      
0000afe0  strcat                            
0000affe  usbSetConfiguration               
0000b01c  CC2520_INS_WR_ARRAY               
0000b038  CdcResetData                      
0000b054  IEP0InterruptHandler              
0000b070  memcpyV                           
0000b0a8  rimeaddr_cmp                      
0000b0c4  stimer_set                        
0000b0e0  timer_expired                     
0000b0fc  uip_ds6_context_lookup_by_id      
0000b132  cc2520_init                       
0000b14c  process_poll                      
0000b166  process_run                       
0000b180  usbGetInterface                   
0000b19a  usbGetInterfaceStatus             
0000b1b4  usbSetAddress                     
0000b1ce  USB_resume                        
0000b1e6  delay_us                          
0000b1fe  packetbuf_set_addr                
0000b216  trf_stop_condition                
0000b22e  uip_ds6_is_addr_onlink            
0000b246  bufInit                           
0000b25c  cc2520ll_setChannel               
0000b272  memset                            
0000b288  packetbuf_hdrreduce               
0000b29e  __mspabi_divu                     
0000b29e  __mspabi_remu                     
0000b2b4  __mspabi_mpyi_f5hw                
0000b2e0  tcpip_input                       
0000b2f6  trf_start_condition               
0000b30c  trf_stop_continous_mode           
0000b322  uip_ds6_set_addr_iid              
0000b338  CC2520_INS_STROBE                 
0000b374  cc2520ll_receiveOff               
0000b39c  delay_ms                          
0000b3b0  init_startUp                      
0000b3c4  memcpy                            
0000b3d8  packetbuf_dataptr                 
0000b400  stimer_restart                    
0000b414  timer_set                         
0000b428  uip_ds6_get_registrations         
0000b43c  usb_reconnect                     
0000b450  USB_initMemcpy                    
0000b462  cc2520ll_disableRxInterrupt       
0000b474  __TI_decompress_none              
0000b486  etimer_reset                      
0000b498  etimer_restart                    
0000b4aa  etimer_set                        
0000b4bc  packetbuf_addr                    
0000b4ce  process_post_synch                
0000b4e0  stimer_elapsed                    
0000b4f2  usbClearDeviceFeature             
0000b504  usbGetConfigurationDescriptor     
0000b516  usbGetDeviceDescriptor            
0000b528  usbReceiveDataPacketOnEP0         
0000b53a  usbSetDeviceFeature               
0000b54c  cc2520_send                       
0000b55c  etimer_expired                    
0000b56c  queuebuf_init                     
0000b57c  rimeaddr_copy                     
0000b58c  sicslowpan_init                   
0000b59c  tcpip_output                      
0000b5ac  timer_restart                     
0000b5bc  usbGetConfiguration               
0000b5cc  CdcIsReceiveInProgress            
0000b5da  etimer_pending                    
0000b5e8  init_buffer                       
0000b5f6  packetbuf_hdrptr                  
0000b604  packetbuf_totlen                  
0000b612  process_is_running                
0000b620  strlen                            
0000b62e  uip_ds6_reg_rm                    
0000b63c  uip_htonl                         
0000b64a  usbSendZeroLengthPacketOnIEP0     
0000b64a  usbSetControlLineState            
0000b658  usbSetInterface                   
0000b666  cc2520ll_receiveOn                
0000b68a  packetbuf_set_attr                
0000b696  process_alloc_event               
0000b6a2  usbInvalidRequest                 
0000b6ae  bufFlush                          
0000b6b8  cc2520_read                       
0000b6c2  cc2520ll_readRxBuf                
0000b6cc  cc2520ll_setPanId                 
0000b6d6  cc2520ll_writeTxBuf               
0000b6e0  clock_seconds                     
0000b6ea  delete_buffer                     
0000b6f4  packetbuf_attr                    
0000b6fe  packetbuf_hdrlen                  
0000b708  register_port1IntHandler          
0000b712  register_port2IntHandler          
0000b71c  __mspabi_slli                     
0000b726  uip_ds6_addr_rm                   
0000b730  uip_ds6_defrt_rm                  
0000b73a  uip_ds6_nbr_rm                    
0000b744  uip_ds6_prefix_rm                 
0000b74e  usbStallEndpoint0                 
0000b758  CC2520_SFLUSHRX                   
0000b760  cc2520_off                        
0000b768  cc2520_on                         
0000b770  cc2520_pending_packet             
0000b770  cc2520ll_pending_packet           
0000b778  cc2520_receiving_packet           
0000b778  cc2520ll_rxtx_packet              
0000b780  cc2520ll_waitTransceiverReady     
0000b788  etimer_request_poll               
0000b790  led_off                           
0000b798  random_rand                       
0000b7a0  timer_reset                       
0000b7a8  uip_icmp6chksum                   
0000b7b0  uip_udpchksum                     
0000b7b8  usbSetLineCoding                  
0000b7c0  usb_data_rcv_completed            
0000b7c8  usb_data_received                 
0000b7d0  usb_data_send_completed           
0000b7d8  bufNumBytes                       
0000b7de  cc2520ll_enableRxInterrupt        
0000b7e4  clock_time                        
0000b7ea  coap_set_method                   
0000b7f0  __TI_decompress_rle24             
0000b7f6  led_on                            
0000b7fc  packetbuf_datalen                 
0000b802  packetbuf_set_datalen             
0000b808  proc_register                     
0000b80e  tcpip_set_outputfunc              
0000b814  uip_ds6_context_rm                
0000b81a  usbClearOEP0ByteCount             
0000b820  usbStallOEP0                      
0000b826  _system_pre_init                  
0000b82a  C$$EXIT                           
0000b82a  abort                             
0000b82e  cc2520_transmit                   
0000b84e  uip_htons                         
0000b960  abromStringDescriptor             
0000baba  abromConfigurationDescriptorGroup 
0000bb1a  cc2520_driver                     
0000bb42  nullmac_driver                    
0000bb5e  sicslowmac_driver                 
0000bb8e  abromDeviceDescriptor             
0000bbe2  sicslowpan_driver                 
0000bbf6  rimeaddr_null                     
0000bc02  llprefix                          
0000bc04  mcast_prefix                      
0000bcae  __TI_Handler_Table_Base           
0000bcba  __TI_Handler_Table_Limit          
0000bcc0  __TI_CINIT_Base                   
0000bcd0  __TI_CINIT_Limit                  
0000ff80  __TI_int00                        
0000ff82  __TI_int01                        
0000ff84  __TI_int02                        
0000ff86  __TI_int03                        
0000ff88  __TI_int04                        
0000ff8a  __TI_int05                        
0000ff8c  __TI_int06                        
0000ff8e  __TI_int07                        
0000ff90  __TI_int08                        
0000ff92  __TI_int09                        
0000ff94  __TI_int10                        
0000ff96  __TI_int11                        
0000ff98  __TI_int12                        
0000ff9a  __TI_int13                        
0000ff9c  __TI_int14                        
0000ff9e  __TI_int15                        
0000ffa0  __TI_int16                        
0000ffa2  __TI_int17                        
0000ffa4  __TI_int18                        
0000ffa6  __TI_int19                        
0000ffa8  __TI_int20                        
0000ffaa  __TI_int21                        
0000ffac  __TI_int22                        
0000ffae  __TI_int23                        
0000ffb0  __TI_int24                        
0000ffb2  __TI_int25                        
0000ffb4  __TI_int26                        
0000ffb6  __TI_int27                        
0000ffb8  __TI_int28                        
0000ffba  __TI_int29                        
0000ffbc  __TI_int30                        
0000ffbe  __TI_int31                        
0000ffc0  __TI_int32                        
0000ffc2  __TI_int33                        
0000ffc4  __TI_int34                        
0000ffc6  __TI_int35                        
0000ffc8  __TI_int36                        
0000ffca  __TI_int37                        
0000ffcc  __TI_int38                        
0000ffce  __TI_int39                        
0000ffd0  __TI_int40                        
0000ffd2  __TI_int41                        
0000ffd4  __TI_int42                        
0000ffd6  __TI_int43                        
0000ffd8  __TI_int44                        
0000ffda  __TI_int45                        
0000ffdc  __TI_int46                        
0000ffde  __TI_int47                        
0000ffe0  __TI_int48                        
0000ffe2  __TI_int49                        
0000ffe4  __TI_int50                        
0000ffe6  __TI_int51                        
0000ffe8  __TI_int52                        
0000ffea  __TI_int53                        
0000ffec  __TI_int54                        
0000ffee  __TI_int55                        
0000fff0  __TI_int56                        
0000fff2  __TI_int57                        
0000fff4  __TI_int58                        
0000fff6  __TI_int59                        
0000fff8  __TI_int60                        
0000fffa  __TI_int61                        
0000fffc  __TI_int62                        
0000fffe  _reset_vector                     
ffffffff  __binit__                         
ffffffff  __c_args__                        
ffffffff  binit                             
UNDEFED   __TI_INITARRAY_Base               
UNDEFED   __TI_INITARRAY_Limit              

[1153 symbols]
